 Thread

 Timestamp is 58f65f99 (Tue Apr 18 13:48:57 2017)

 Preferred load address is 0000000140000000

 Start         Length     Name                   Class
 0001:00000000 00010000H .textbss                DATA
 0002:00000000 00017860H .text$mn                CODE
 0002:00017860 00001020H .text$mn$00             CODE
 0002:00018880 00001f42H .text$x                 CODE
 0003:00000000 00000110H .CRT$XCA                DATA
 0003:00000110 00000110H .CRT$XCAA               DATA
 0003:00000220 00000110H .CRT$XCZ                DATA
 0003:00000330 00000110H .CRT$XIA                DATA
 0003:00000440 00000110H .CRT$XIAA               DATA
 0003:00000550 00000110H .CRT$XIAC               DATA
 0003:00000660 00000110H .CRT$XIZ                DATA
 0003:00000770 00000110H .CRT$XPA                DATA
 0003:00000880 00000110H .CRT$XPZ                DATA
 0003:00000990 00000110H .CRT$XTA                DATA
 0003:00000aa0 00000110H .CRT$XTZ                DATA
 0003:00000bb0 00003438H .rdata                  DATA
 0003:00003fe8 00000a1cH .rdata$r                DATA
 0003:00004a04 0000018cH .rdata$zzzdbg           DATA
 0003:00004b90 00000110H .rtc$IAA                DATA
 0003:00004ca0 00000130H .rtc$IMZ                DATA
 0003:00004dd0 00000110H .rtc$IZZ                DATA
 0003:00004ee0 00000110H .rtc$TAA                DATA
 0003:00004ff0 00000130H .rtc$TMZ                DATA
 0003:00005120 00000110H .rtc$TZZ                DATA
 0003:00005230 000039b0H .xdata                  DATA
 0003:00008be0 0000020aH .xdata$x                DATA
 0003:00008dea 00000000H .edata                  DATA
 0004:00000000 00000170H .data                   DATA
 0004:00000170 00000870H .data$r                 DATA
 0004:000009e0 00000771H .bss                    DATA
 0005:00000000 00003918H .pdata                  DATA
 0006:00000000 000006e0H .idata$5                DATA
 0006:000006e0 00000050H .idata$2                DATA
 0006:00000730 00000018H .idata$3                DATA
 0006:00000748 000006e0H .idata$4                DATA
 0006:00000e28 00001732H .idata$6                DATA
 0007:00000000 00000162H .gfids$y                DATA
 0008:00000000 0000011bH .00cfg                  DATA
 0009:00000000 00000170H .rsrc$01                DATA
 0009:00000170 000002ccH .rsrc$02                DATA

  Address         Publics by Value              Rva+Base               Lib:Object

 0000:00000000       ___safe_se_handler_table   0000000000000000     <absolute>
 0000:00000000       __guard_fids_table         0000000000000000     <absolute>
 0000:00000000       __guard_iat_table          0000000000000000     <absolute>
 0000:00000000       __guard_longjmp_table      0000000000000000     <absolute>
 0000:00000000       __guard_iat_count          0000000000000000     <absolute>
 0000:00000000       __guard_fids_count         0000000000000000     <absolute>
 0000:00000000       __guard_longjmp_count      0000000000000000     <absolute>
 0000:00000000       ___safe_se_handler_count   0000000000000000     <absolute>
 0000:00000000       __dynamic_value_reloc_table 0000000000000000     <absolute>
 0000:00000100       __guard_flags              0000000000000100     <absolute>
 0000:00000000       __ImageBase                0000000140000000     <linker-defined>
 0001:00000000       __enc$textbss$begin        0000000140001000     <linker-defined>
 0001:00010000       __enc$textbss$end          0000000140011000     <linker-defined>
 0002:000019d0       ??$?0$$V@?$_Compressed_pair@U?$_Wrap_alloc@V?$allocator@D@std@@@std@@V?$_String_val@U?$_Simple_types@D@std@@@2@$00@std@@QEAA@U_Zero_then_variadic_args_t@1@@Z 00000001400129d0 f i TestA.obj
 0002:00001a2a       system                     0000000140012a2a f   ucrtd:ucrtbased.dll
 0002:00001a40       ??$?0A6AXPEAVTestA@@P80@EAAXV?$basic_string@DU?$char_traits@D@std@@V?$allocator@D@2@@std@@@Z1@Z@?$_Tuple_val@P6AXPEAVTestA@@P81@EAAXV?$basic_string@DU?$char_traits@D@std@@V?$allocator@D@2@@std@@@Z1@Z@std@@QEAA@A6AXPEAVTestA@@P82@EAAXV?$basic_string@DU?$char_traits@D@std@@V?$allocator@D@2@@1@@Z1@Z@Z 0000000140012a40 f i TestA.obj
 0002:00001ab0       ??$?0A6AXPEAVTestA@@P80@EAAXV?$basic_string@DU?$char_traits@D@std@@V?$allocator@D@2@@std@@@Z1@ZQEAV0@AEAP80@EAAX1@ZAEAV12@$0A@@?$tuple@P6AXPEAVTestA@@P81@EAAXV?$basic_string@DU?$char_traits@D@std@@V?$allocator@D@2@@std@@@Z1@ZPEAV1@P81@EAAX1@ZV23@@std@@QEAA@A6AXPEAVTestA@@P82@EAAXV?$basic_string@DU?$char_traits@D@std@@V?$allocator@D@2@@1@@Z1@Z$$QEBQEAV2@AEAP82@EAAX1@ZAEAV31@@Z 0000000140012ab0 f i TestA.obj
 0002:00001bd0       ??$?0A6AXPEAVTestA@@P80@EAAXV?$basic_string@DU?$char_traits@D@std@@V?$allocator@D@2@@std@@@Z1@ZQEAV0@AEAP80@EAAX1@ZAEAV12@X@thread@std@@QEAA@A6AXPEAVTestA@@P82@EAAXV?$basic_string@DU?$char_traits@D@std@@V?$allocator@D@2@@1@@Z1@Z$$QEBQEAV2@AEAP82@EAAX1@ZAEAV31@@Z 0000000140012bd0 f i TestA.obj
 0002:00001d20       ??$?0AEAP8TestA@@EAAXV?$basic_string@DU?$char_traits@D@std@@V?$allocator@D@2@@std@@@Z@?$_Tuple_val@P8TestA@@EAAXV?$basic_string@DU?$char_traits@D@std@@V?$allocator@D@2@@std@@@Z@std@@QEAA@AEAP8TestA@@EAAXV?$basic_string@DU?$char_traits@D@std@@V?$allocator@D@2@@1@@Z@Z 0000000140012d20 f i TestA.obj
 0002:00001d90       ??$?0AEAPEAV?$tuple@P6AXPEAVTestA@@P81@EAAXV?$basic_string@DU?$char_traits@D@std@@V?$allocator@D@2@@std@@@Z1@ZPEAV1@P81@EAAX1@ZV23@@std@@@?$_Compressed_pair@U?$default_delete@V?$tuple@P6AXPEAVTestA@@P81@EAAXV?$basic_string@DU?$char_traits@D@std@@V?$allocator@D@2@@std@@@Z1@ZPEAV1@P81@EAAX1@ZV23@@std@@@std@@PEAV?$tuple@P6AXPEAVTestA@@P81@EAAXV?$basic_string@DU?$char_traits@D@std@@V?$allocator@D@2@@std@@@Z1@ZPEAV1@P81@EAAX1@ZV23@@2@$00@std@@QEAA@U_Zero_then_variadic_args_t@1@AEAPEAV?$tuple@P6AXPEAVTestA@@P81@EAAXV?$basic_string@DU?$char_traits@D@std@@V?$allocator@D@2@@std@@@Z1@ZPEAV1@P81@EAAX1@ZV23@@1@@Z 0000000140012d90 f i TestA.obj
 0002:00001e10       ??$?0AEAU?$_Wrap_alloc@V?$allocator@D@std@@@std@@@?$_Wrap_alloc@V?$allocator@U_Container_proxy@std@@@std@@@std@@QEAA@AEAU?$_Wrap_alloc@V?$allocator@D@std@@@1@@Z 0000000140012e10 f i TestA.obj
 0002:00001e90       ??$?0AEAV?$basic_string@DU?$char_traits@D@std@@V?$allocator@D@2@@std@@@?$_Tuple_val@V?$basic_string@DU?$char_traits@D@std@@V?$allocator@D@2@@std@@@std@@QEAA@AEAV?$basic_string@DU?$char_traits@D@std@@V?$allocator@D@2@@1@@Z 0000000140012e90 f i TestA.obj
 0002:00001f10       ??$?0D@?$allocator@U_Container_proxy@std@@@std@@QEAA@AEBV?$allocator@D@1@@Z 0000000140012f10 f i TestA.obj
 0002:00001f60       ??$?0HX@?$duration@_JU?$ratio@$00$00@std@@@chrono@std@@QEAA@AEBH@Z 0000000140012f60 f i TestA.obj
 0002:00001fd0       ??$?0HX@?$duration@_JU?$ratio@$00$0PECEA@@std@@@chrono@std@@QEAA@AEBH@Z 0000000140012fd0 f i TestA.obj
 0002:00002040       ??$?0PEAV?$tuple@P6AXPEAVTestA@@P81@EAAXV?$basic_string@DU?$char_traits@D@std@@V?$allocator@D@2@@std@@@Z1@ZPEAV1@P81@EAAX1@ZV23@@std@@@?$_Unique_ptr_base@V?$tuple@P6AXPEAVTestA@@P81@EAAXV?$basic_string@DU?$char_traits@D@std@@V?$allocator@D@2@@std@@@Z1@ZPEAV1@P81@EAAX1@ZV23@@std@@U?$default_delete@V?$tuple@P6AXPEAVTestA@@P81@EAAXV?$basic_string@DU?$char_traits@D@std@@V?$allocator@D@2@@std@@@Z1@ZPEAV1@P81@EAAX1@ZV23@@std@@@2@@std@@QEAA@PEAV?$tuple@P6AXPEAVTestA@@P81@EAAXV?$basic_string@DU?$char_traits@D@std@@V?$allocator@D@2@@std@@@Z1@ZPEAV1@P81@EAAX1@ZV23@@1@@Z 0000000140013040 f i TestA.obj
 0002:000020c0       ??$?0PEAV?$tuple@P6AXPEAVTestA@@P81@EAAXV?$basic_string@DU?$char_traits@D@std@@V?$allocator@D@2@@std@@@Z1@ZPEAV1@P81@EAAX1@ZV23@@std@@U?$default_delete@V?$tuple@P6AXPEAVTestA@@P81@EAAXV?$basic_string@DU?$char_traits@D@std@@V?$allocator@D@2@@std@@@Z1@ZPEAV1@P81@EAAX1@ZV23@@std@@@1@@?$_Unique_ptr_base@V?$tuple@P6AXPEAVTestA@@P81@EAAXV?$basic_string@DU?$char_traits@D@std@@V?$allocator@D@2@@std@@@Z1@ZPEAV1@P81@EAAX1@ZV23@@std@@U?$default_delete@V?$tuple@P6AXPEAVTestA@@P81@EAAXV?$basic_string@DU?$char_traits@D@std@@V?$allocator@D@2@@std@@@Z1@ZPEAV1@P81@EAAX1@ZV23@@std@@@2@@std@@QEAA@PEAV?$tuple@P6AXPEAVTestA@@P81@EAAXV?$basic_string@DU?$char_traits@D@std@@V?$allocator@D@2@@std@@@Z1@ZPEAV1@P81@EAAX1@ZV23@@1@$$QEAU?$default_delete@V?$tuple@P6AXPEAVTestA@@P81@EAAXV?$basic_string@DU?$char_traits@D@std@@V?$allocator@D@2@@std@@@Z1@ZPEAV1@P81@EAAX1@ZV23@@std@@@1@@Z 00000001400130c0 f i TestA.obj
 0002:00002150       ??$?0QEAVTestA@@@?$_Tuple_val@PEAVTestA@@@std@@QEAA@$$QEBQEAVTestA@@@Z 0000000140013150 f i TestA.obj
 0002:000021c0       ??$?0U?$_Wrap_alloc@V?$allocator@D@std@@@std@@$$V@?$_Compressed_pair@U?$_Wrap_alloc@V?$allocator@D@std@@@std@@V?$_String_val@U?$_Simple_types@D@std@@@2@$00@std@@QEAA@U_One_then_variadic_args_t@1@$$QEAU?$_Wrap_alloc@V?$allocator@D@std@@@1@@Z 00000001400131c0 f i TestA.obj
 0002:00002250       ??$?0U?$_Wrap_alloc@V?$allocator@D@std@@@std@@X@?$_String_alloc@U?$_String_base_types@DV?$allocator@D@std@@@std@@@std@@QEAA@$$QEAU?$_Wrap_alloc@V?$allocator@D@std@@@1@@Z 0000000140013250 f i TestA.obj
 0002:000022f0       ??$?0U?$default_delete@V?$tuple@P6AXPEAVTestA@@P81@EAAXV?$basic_string@DU?$char_traits@D@std@@V?$allocator@D@2@@std@@@Z1@ZPEAV1@P81@EAAX1@ZV23@@std@@@std@@AEAPEAV?$tuple@P6AXPEAVTestA@@P81@EAAXV?$basic_string@DU?$char_traits@D@std@@V?$allocator@D@2@@std@@@Z1@ZPEAV1@P81@EAAX1@ZV23@@1@@?$_Compressed_pair@U?$default_delete@V?$tuple@P6AXPEAVTestA@@P81@EAAXV?$basic_string@DU?$char_traits@D@std@@V?$allocator@D@2@@std@@@Z1@ZPEAV1@P81@EAAX1@ZV23@@std@@@std@@PEAV?$tuple@P6AXPEAVTestA@@P81@EAAXV?$basic_string@DU?$char_traits@D@std@@V?$allocator@D@2@@std@@@Z1@ZPEAV1@P81@EAAX1@ZV23@@2@$00@std@@QEAA@U_One_then_variadic_args_t@1@$$QEAU?$default_delete@V?$tuple@P6AXPEAVTestA@@P81@EAAXV?$basic_string@DU?$char_traits@D@std@@V?$allocator@D@2@@std@@@Z1@ZPEAV1@P81@EAAX1@ZV23@@std@@@1@AEAPEAV?$tuple@P6AXPEAVTestA@@P81@EAAXV?$basic_string@DU?$char_traits@D@std@@V?$allocator@D@2@@std@@@Z1@ZPEAV1@P81@EAAX1@ZV23@@1@@Z 00000001400132f0 f i TestA.obj
 0002:00002380       ??$?0U_Exact_args_t@std@@$0A@@?$tuple@$$V@std@@QEAA@U_Exact_args_t@1@@Z 0000000140013380 f i TestA.obj
 0002:000023d0       ??$?0U_Exact_args_t@std@@AEAP8TestA@@EAAXV?$basic_string@DU?$char_traits@D@std@@V?$allocator@D@2@@1@@ZAEAV31@$0A@@?$tuple@P8TestA@@EAAXV?$basic_string@DU?$char_traits@D@std@@V?$allocator@D@2@@std@@@ZV23@@std@@QEAA@U_Exact_args_t@1@AEAP8TestA@@EAAXV?$basic_string@DU?$char_traits@D@std@@V?$allocator@D@2@@1@@ZAEAV41@@Z 00000001400133d0 f i TestA.obj
 0002:000024b0       ??$?0U_Exact_args_t@std@@AEAV?$basic_string@DU?$char_traits@D@std@@V?$allocator@D@2@@1@$$V$0A@@?$tuple@V?$basic_string@DU?$char_traits@D@std@@V?$allocator@D@2@@std@@@std@@QEAA@U_Exact_args_t@1@AEAV?$basic_string@DU?$char_traits@D@std@@V?$allocator@D@2@@1@@Z 00000001400134b0 f i TestA.obj
 0002:00002560       ??$?0U_Exact_args_t@std@@QEAVTestA@@AEAP82@EAAXV?$basic_string@DU?$char_traits@D@std@@V?$allocator@D@2@@1@@ZAEAV31@$0A@@?$tuple@PEAVTestA@@P81@EAAXV?$basic_string@DU?$char_traits@D@std@@V?$allocator@D@2@@std@@@ZV23@@std@@QEAA@U_Exact_args_t@1@$$QEBQEAVTestA@@AEAP83@EAAXV?$basic_string@DU?$char_traits@D@std@@V?$allocator@D@2@@1@@ZAEAV41@@Z 0000000140013560 f i TestA.obj
 0002:00002660       ??$?0V?$allocator@D@std@@@?$_Wrap_alloc@V?$allocator@D@std@@@std@@QEAA@$$QEAV?$allocator@D@1@@Z 0000000140013660 f i TestA.obj
 0002:000026e0       ??$?0V?$unique_ptr@V?$tuple@P6AXPEAVTestA@@P81@EAAXV?$basic_string@DU?$char_traits@D@std@@V?$allocator@D@2@@std@@@Z1@ZPEAV1@P81@EAAX1@ZV23@@std@@U?$default_delete@V?$tuple@P6AXPEAVTestA@@P81@EAAXV?$basic_string@DU?$char_traits@D@std@@V?$allocator@D@2@@std@@@Z1@ZPEAV1@P81@EAAX1@ZV23@@std@@@2@@std@@@?$_LaunchPad@V?$unique_ptr@V?$tuple@P6AXPEAVTestA@@P81@EAAXV?$basic_string@DU?$char_traits@D@std@@V?$allocator@D@2@@std@@@Z1@ZPEAV1@P81@EAAX1@ZV23@@std@@U?$default_delete@V?$tuple@P6AXPEAVTestA@@P81@EAAXV?$basic_string@DU?$char_traits@D@std@@V?$allocator@D@2@@std@@@Z1@ZPEAV1@P81@EAAX1@ZV23@@std@@@2@@std@@@std@@QEAA@$$QEAV?$unique_ptr@V?$tuple@P6AXPEAVTestA@@P81@EAAXV?$basic_string@DU?$char_traits@D@std@@V?$allocator@D@2@@std@@@Z1@ZPEAV1@P81@EAAX1@ZV23@@std@@U?$default_delete@V?$tuple@P6AXPEAVTestA@@P81@EAAXV?$basic_string@DU?$char_traits@D@std@@V?$allocator@D@2@@std@@@Z1@ZPEAV1@P81@EAAX1@ZV23@@std@@@2@@1@@Z 00000001400136e0 f i TestA.obj
 0002:00002780       ??$?0_JU?$ratio@$00$00@std@@X@?$duration@_JU?$ratio@$00$0DLJKMKAA@@std@@@chrono@std@@QEAA@AEBV?$duration@_JU?$ratio@$00$00@std@@@12@@Z 0000000140013780 f i TestA.obj
 0002:00002800       ??$?0_JU?$ratio@$00$0JIJGIA@@std@@X@?$duration@_JU?$ratio@$00$0DLJKMKAA@@std@@@chrono@std@@QEAA@AEBV?$duration@_JU?$ratio@$00$0JIJGIA@@std@@@12@@Z 0000000140013800 f i TestA.obj
 0002:00002880       ??$?0_JX@?$duration@_JU?$ratio@$00$00@std@@@chrono@std@@QEAA@AEB_J@Z 0000000140013880 f i TestA.obj
 0002:000028f0       ??$?0_JX@?$duration@_JU?$ratio@$00$0DLJKMKAA@@std@@@chrono@std@@QEAA@AEB_J@Z 00000001400138f0 f i TestA.obj
 0002:00002960       ??$?0_JX@?$duration@_JU?$ratio@$00$0JIJGIA@@std@@@chrono@std@@QEAA@AEB_J@Z 0000000140013960 f i TestA.obj
 0002:000029d0       ??$?0_JX@?$duration@_JU?$ratio@$00$0PECEA@@std@@@chrono@std@@QEAA@AEB_J@Z 00000001400139d0 f i TestA.obj
 0002:00002a40       ??$?6DU?$char_traits@D@std@@V?$allocator@D@1@@std@@YAAEAV?$basic_ostream@DU?$char_traits@D@std@@@0@AEAV10@AEBV?$basic_string@DU?$char_traits@D@std@@V?$allocator@D@2@@0@@Z 0000000140013a40 f i TestA.obj
 0002:00002f50       ??$?6U?$char_traits@D@std@@@std@@YAAEAV?$basic_ostream@DU?$char_traits@D@std@@@0@AEAV10@PEBD@Z 0000000140013f50 f i TestA.obj
 0002:00003460       ??$?M_JU?$ratio@$00$00@std@@_JU01@@chrono@std@@YA_NAEBV?$duration@_JU?$ratio@$00$00@std@@@01@0@Z 0000000140014460 f i TestA.obj
 0002:00003530       ??$?M_JU?$ratio@$00$0PECEA@@std@@_JU01@@chrono@std@@YA_NAEBV?$duration@_JU?$ratio@$00$0PECEA@@std@@@01@0@Z 0000000140014530 f i TestA.obj
 0002:00003600       ??$?N_JU?$ratio@$00$00@std@@_JU01@@chrono@std@@YA_NAEBV?$duration@_JU?$ratio@$00$00@std@@@01@0@Z 0000000140014600 f i TestA.obj
 0002:00003690       ??$?N_JU?$ratio@$00$0PECEA@@std@@_JU01@@chrono@std@@YA_NAEBV?$duration@_JU?$ratio@$00$0PECEA@@std@@@01@0@Z 0000000140014690 f i TestA.obj
 0002:00003720       ??$_Call@P6AXPEAVTestA@@P81@EAAXV?$basic_string@DU?$char_traits@D@std@@V?$allocator@D@2@@std@@@Z1@ZPEAV1@P81@EAAX1@ZV23@@_Invoker_functor@std@@SAX$$QEAP6AXPEAVTestA@@P82@EAAXV?$basic_string@DU?$char_traits@D@std@@V?$allocator@D@2@@1@@Z1@Z$$QEAPEAV2@$$QEAP82@EAAX1@Z$$QEAV31@@Z 0000000140014720 f i TestA.obj
 0002:00003820       ??$_Debug_pointer@$$CBD@std@@YAXPEBDPEB_WI@Z 0000000140014820 f i TestA.obj
 0002:000038a0       ??$_Debug_pointer_if@$$CBD@std@@YAX_NPEBDPEB_WI@Z 00000001400148a0 f i TestA.obj
 0002:00003930       ??$_Execute@$0A@$00$01$02@?$_LaunchPad@V?$unique_ptr@V?$tuple@P6AXPEAVTestA@@P81@EAAXV?$basic_string@DU?$char_traits@D@std@@V?$allocator@D@2@@std@@@Z1@ZPEAV1@P81@EAAX1@ZV23@@std@@U?$default_delete@V?$tuple@P6AXPEAVTestA@@P81@EAAXV?$basic_string@DU?$char_traits@D@std@@V?$allocator@D@2@@std@@@Z1@ZPEAV1@P81@EAAX1@ZV23@@std@@@2@@std@@@std@@CAXAEAV?$tuple@P6AXPEAVTestA@@P81@EAAXV?$basic_string@DU?$char_traits@D@std@@V?$allocator@D@2@@std@@@Z1@ZPEAV1@P81@EAAX1@ZV23@@1@U?$integer_sequence@_K$0A@$00$01$02@1@@Z 0000000140014930 f i TestA.obj
 0002:00003a30       ??$_Launch@V?$unique_ptr@V?$tuple@P6AXPEAVTestA@@P81@EAAXV?$basic_string@DU?$char_traits@D@std@@V?$allocator@D@2@@std@@@Z1@ZPEAV1@P81@EAAX1@ZV23@@std@@U?$default_delete@V?$tuple@P6AXPEAVTestA@@P81@EAAXV?$basic_string@DU?$char_traits@D@std@@V?$allocator@D@2@@std@@@Z1@ZPEAV1@P81@EAAX1@ZV23@@std@@@2@@std@@@std@@YAXPEAU_Thrd_imp_t@@$$QEAV?$unique_ptr@V?$tuple@P6AXPEAVTestA@@P81@EAAXV?$basic_string@DU?$char_traits@D@std@@V?$allocator@D@2@@std@@@Z1@ZPEAV1@P81@EAAX1@ZV23@@std@@U?$default_delete@V?$tuple@P6AXPEAVTestA@@P81@EAAXV?$basic_string@DU?$char_traits@D@std@@V?$allocator@D@2@@std@@@Z1@ZPEAV1@P81@EAAX1@ZV23@@std@@@2@@0@@Z 0000000140014a30 f i TestA.obj
 0002:00003b20       ??$_To_xtime@_JU?$ratio@$00$00@std@@@std@@YA?AUxtime@@AEBV?$duration@_JU?$ratio@$00$00@std@@@chrono@0@@Z 0000000140014b20 f i TestA.obj
 0002:00003ce0       ??$_To_xtime@_JU?$ratio@$00$0PECEA@@std@@@std@@YA?AUxtime@@AEBV?$duration@_JU?$ratio@$00$0PECEA@@std@@@chrono@0@@Z 0000000140014ce0 f i TestA.obj
 0002:00003ea0       ??$_Unfancy@D@std@@YAPEADPEAD@Z 0000000140014ea0 f i TestA.obj
 0002:00003ef0       ??$_Unfancy@U_Container_proxy@std@@@std@@YAPEAU_Container_proxy@0@PEAU10@@Z 0000000140014ef0 f i TestA.obj
 0002:00003f40       ??$addressof@PEAD@std@@YAPEAPEADAEAPEAD@Z 0000000140014f40 f i TestA.obj
 0002:00003f90       ??$addressof@U_Container_proxy@std@@@std@@YAPEAU_Container_proxy@0@AEAU10@@Z 0000000140014f90 f i TestA.obj
 0002:00003fe0       ??$construct@PEADAEAPEAD@?$_Wrap_alloc@V?$allocator@D@std@@@std@@QEAAXPEAPEADAEAPEAD@Z 0000000140014fe0 f i TestA.obj
 0002:00004060       ??$construct@PEADAEAPEAD@?$allocator@D@std@@QEAAXPEAPEADAEAPEAD@Z 0000000140015060 f i TestA.obj
 0002:00004120       ??$construct@PEADAEAPEAD@?$allocator_traits@V?$allocator@D@std@@@std@@SAXAEAV?$allocator@D@1@PEAPEADAEAPEAD@Z 0000000140015120 f i TestA.obj
 0002:000041a0       ??$construct@U_Container_proxy@std@@U12@@?$_Wrap_alloc@V?$allocator@U_Container_proxy@std@@@std@@@std@@QEAAXPEAU_Container_proxy@1@$$QEAU21@@Z 00000001400151a0 f i TestA.obj
 0002:00004220       ??$construct@U_Container_proxy@std@@U12@@?$allocator@U_Container_proxy@std@@@std@@QEAAXPEAU_Container_proxy@1@$$QEAU21@@Z 0000000140015220 f i TestA.obj
 0002:000042e0       ??$construct@U_Container_proxy@std@@U12@@?$allocator_traits@V?$allocator@U_Container_proxy@std@@@std@@@std@@SAXAEAV?$allocator@U_Container_proxy@std@@@1@PEAU_Container_proxy@1@$$QEAU31@@Z 00000001400152e0 f i TestA.obj
 0002:00004360       ??$destroy@PEAD@?$_Wrap_alloc@V?$allocator@D@std@@@std@@QEAAXPEAPEAD@Z 0000000140015360 f i TestA.obj
 0002:000043c0       ??$destroy@PEAD@?$allocator@D@std@@QEAAXPEAPEAD@Z 00000001400153c0 f i TestA.obj
 0002:00004410       ??$destroy@PEAD@?$allocator_traits@V?$allocator@D@std@@@std@@SAXAEAV?$allocator@D@1@PEAPEAD@Z 0000000140015410 f i TestA.obj
 0002:00004470       ??$destroy@U_Container_proxy@std@@@?$_Wrap_alloc@V?$allocator@U_Container_proxy@std@@@std@@@std@@QEAAXPEAU_Container_proxy@1@@Z 0000000140015470 f i TestA.obj
 0002:000044d0       ??$destroy@U_Container_proxy@std@@@?$allocator@U_Container_proxy@std@@@std@@QEAAXPEAU_Container_proxy@1@@Z 00000001400154d0 f i TestA.obj
 0002:00004520       ??$destroy@U_Container_proxy@std@@@?$allocator_traits@V?$allocator@U_Container_proxy@std@@@std@@@std@@SAXAEAV?$allocator@U_Container_proxy@std@@@1@PEAU_Container_proxy@1@@Z 0000000140015520 f i TestA.obj
 0002:00004580       ??$duration_cast@V?$duration@_JU?$ratio@$00$00@std@@@chrono@std@@_JU?$ratio@$00$0DLJKMKAA@@3@@chrono@std@@YA?AV?$duration@_JU?$ratio@$00$00@std@@@01@AEBV?$duration@_JU?$ratio@$00$0DLJKMKAA@@std@@@01@@Z 0000000140015580 f i TestA.obj
 0002:00004790       ??$duration_cast@V?$duration@_JU?$ratio@$00$0DLJKMKAA@@std@@@chrono@std@@_JU?$ratio@$00$00@3@@chrono@std@@YA?AV?$duration@_JU?$ratio@$00$0DLJKMKAA@@std@@@01@AEBV?$duration@_JU?$ratio@$00$00@std@@@01@@Z 0000000140015790 f i TestA.obj
 0002:000049a0       ??$duration_cast@V?$duration@_JU?$ratio@$00$0DLJKMKAA@@std@@@chrono@std@@_JU?$ratio@$00$0JIJGIA@@3@@chrono@std@@YA?AV?$duration@_JU?$ratio@$00$0DLJKMKAA@@std@@@01@AEBV?$duration@_JU?$ratio@$00$0JIJGIA@@std@@@01@@Z 00000001400159a0 f i TestA.obj
 0002:00004ba0       ??$duration_cast@V?$duration@_JU?$ratio@$00$0DLJKMKAA@@std@@@chrono@std@@_JU?$ratio@$00$0PECEA@@3@@chrono@std@@YA?AV?$duration@_JU?$ratio@$00$0DLJKMKAA@@std@@@01@AEBV?$duration@_JU?$ratio@$00$0PECEA@@std@@@01@@Z 0000000140015ba0 f i TestA.obj
 0002:00004db0       ??$endl@DU?$char_traits@D@std@@@std@@YAAEAV?$basic_ostream@DU?$char_traits@D@std@@@0@AEAV10@@Z 0000000140015db0 f i TestA.obj
 0002:00004e50       ??$forward@A6AXPEAVTestA@@P81@EAAXV?$basic_string@DU?$char_traits@D@std@@V?$allocator@D@2@@std@@@Z1@Z@std@@YAA6AXPEAVTestA@@P81@EAAXV?$basic_string@DU?$char_traits@D@std@@V?$allocator@D@2@@0@@Z1@ZA6AX021@Z@Z 0000000140015e50 f i TestA.obj
 0002:00004ea0       ??$forward@AEAP8TestA@@EAAXV?$basic_string@DU?$char_traits@D@std@@V?$allocator@D@2@@std@@@Z@std@@YAAEAP8TestA@@EAAXV?$basic_string@DU?$char_traits@D@std@@V?$allocator@D@2@@0@@ZAEAP81@EAAX0@Z@Z 0000000140015ea0 f i TestA.obj
 0002:00004ef0       ??$forward@AEAPEAD@std@@YAAEAPEADAEAPEAD@Z 0000000140015ef0 f i TestA.obj
 0002:00004f40       ??$forward@AEAPEAV?$tuple@P6AXPEAVTestA@@P81@EAAXV?$basic_string@DU?$char_traits@D@std@@V?$allocator@D@2@@std@@@Z1@ZPEAV1@P81@EAAX1@ZV23@@std@@@std@@YAAEAPEAV?$tuple@P6AXPEAVTestA@@P81@EAAXV?$basic_string@DU?$char_traits@D@std@@V?$allocator@D@2@@std@@@Z1@ZPEAV1@P81@EAAX1@ZV23@@0@AEAPEAV10@@Z 0000000140015f40 f i TestA.obj
 0002:00004f90       ??$forward@AEAU?$_Wrap_alloc@V?$allocator@D@std@@@std@@@std@@YAAEAU?$_Wrap_alloc@V?$allocator@D@std@@@0@AEAU10@@Z 0000000140015f90 f i TestA.obj
 0002:00004fe0       ??$forward@AEAV?$basic_string@DU?$char_traits@D@std@@V?$allocator@D@2@@std@@@std@@YAAEAV?$basic_string@DU?$char_traits@D@std@@V?$allocator@D@2@@0@AEAV10@@Z 0000000140015fe0 f i TestA.obj
 0002:00005030       ??$forward@P6AXPEAVTestA@@P81@EAAXV?$basic_string@DU?$char_traits@D@std@@V?$allocator@D@2@@std@@@Z1@Z@std@@YA$$QEAP6AXPEAVTestA@@P81@EAAXV?$basic_string@DU?$char_traits@D@std@@V?$allocator@D@2@@0@@Z1@ZAEAP6AX021@Z@Z 0000000140016030 f i TestA.obj
 0002:00005080       ??$forward@P8TestA@@EAAXV?$basic_string@DU?$char_traits@D@std@@V?$allocator@D@2@@std@@@Z@std@@YA$$QEAP8TestA@@EAAXV?$basic_string@DU?$char_traits@D@std@@V?$allocator@D@2@@0@@ZAEAP81@EAAX0@Z@Z 0000000140016080 f i TestA.obj
 0002:000050d0       ??$forward@PEAVTestA@@@std@@YA$$QEAPEAVTestA@@AEAPEAV1@@Z 00000001400160d0 f i TestA.obj
 0002:00005120       ??$forward@QEAVTestA@@@std@@YA$$QEBQEAVTestA@@AEBQEAV1@@Z 0000000140016120 f i TestA.obj
 0002:00005170       ??$forward@U?$_Wrap_alloc@V?$allocator@D@std@@@std@@@std@@YA$$QEAU?$_Wrap_alloc@V?$allocator@D@std@@@0@AEAU10@@Z 0000000140016170 f i TestA.obj
 0002:000051c0       ??$forward@U?$default_delete@V?$tuple@P6AXPEAVTestA@@P81@EAAXV?$basic_string@DU?$char_traits@D@std@@V?$allocator@D@2@@std@@@Z1@ZPEAV1@P81@EAAX1@ZV23@@std@@@std@@@std@@YA$$QEAU?$default_delete@V?$tuple@P6AXPEAVTestA@@P81@EAAXV?$basic_string@DU?$char_traits@D@std@@V?$allocator@D@2@@std@@@Z1@ZPEAV1@P81@EAAX1@ZV23@@std@@@0@AEAU10@@Z 00000001400161c0 f i TestA.obj
 0002:00005210       ??$forward@U_Container_proxy@std@@@std@@YA$$QEAU_Container_proxy@0@AEAU10@@Z 0000000140016210 f i TestA.obj
 0002:00005260       ??$forward@V?$allocator@D@std@@@std@@YA$$QEAV?$allocator@D@0@AEAV10@@Z 0000000140016260 f i TestA.obj
 0002:000052b0       ??$forward@V?$basic_string@DU?$char_traits@D@std@@V?$allocator@D@2@@std@@@std@@YA$$QEAV?$basic_string@DU?$char_traits@D@std@@V?$allocator@D@2@@0@AEAV10@@Z 00000001400162b0 f i TestA.obj
 0002:00005300       ??$forward@V?$unique_ptr@V?$tuple@P6AXPEAVTestA@@P81@EAAXV?$basic_string@DU?$char_traits@D@std@@V?$allocator@D@2@@std@@@Z1@ZPEAV1@P81@EAAX1@ZV23@@std@@U?$default_delete@V?$tuple@P6AXPEAVTestA@@P81@EAAXV?$basic_string@DU?$char_traits@D@std@@V?$allocator@D@2@@std@@@Z1@ZPEAV1@P81@EAAX1@ZV23@@std@@@2@@std@@@std@@YA$$QEAV?$unique_ptr@V?$tuple@P6AXPEAVTestA@@P81@EAAXV?$basic_string@DU?$char_traits@D@std@@V?$allocator@D@2@@std@@@Z1@ZPEAV1@P81@EAAX1@ZV23@@std@@U?$default_delete@V?$tuple@P6AXPEAVTestA@@P81@EAAXV?$basic_string@DU?$char_traits@D@std@@V?$allocator@D@2@@std@@@Z1@ZPEAV1@P81@EAAX1@ZV23@@std@@@2@@0@AEAV10@@Z 0000000140016300 f i TestA.obj
 0002:00005350       ??$get@$00P6AXPEAVTestA@@P81@EAAXV?$basic_string@DU?$char_traits@D@std@@V?$allocator@D@2@@std@@@Z1@ZPEAV1@P81@EAAX1@ZV23@@std@@YAAEAPEAVTestA@@AEAV?$tuple@P6AXPEAVTestA@@P81@EAAXV?$basic_string@DU?$char_traits@D@std@@V?$allocator@D@2@@std@@@Z1@ZPEAV1@P81@EAAX1@ZV23@@0@@Z 0000000140016350 f i TestA.obj
 0002:000053a0       ??$get@$01P6AXPEAVTestA@@P81@EAAXV?$basic_string@DU?$char_traits@D@std@@V?$allocator@D@2@@std@@@Z1@ZPEAV1@P81@EAAX1@ZV23@@std@@YAAEAP8TestA@@EAAXV?$basic_string@DU?$char_traits@D@std@@V?$allocator@D@2@@0@@ZAEAV?$tuple@P6AXPEAVTestA@@P81@EAAXV?$basic_string@DU?$char_traits@D@std@@V?$allocator@D@2@@std@@@Z1@ZPEAV1@P81@EAAX1@ZV23@@0@@Z 00000001400163a0 f i TestA.obj
 0002:000053f0       ??$get@$02P6AXPEAVTestA@@P81@EAAXV?$basic_string@DU?$char_traits@D@std@@V?$allocator@D@2@@std@@@Z1@ZPEAV1@P81@EAAX1@ZV23@@std@@YAAEAV?$basic_string@DU?$char_traits@D@std@@V?$allocator@D@2@@0@AEAV?$tuple@P6AXPEAVTestA@@P81@EAAXV?$basic_string@DU?$char_traits@D@std@@V?$allocator@D@2@@std@@@Z1@ZPEAV1@P81@EAAX1@ZV23@@0@@Z 00000001400163f0 f i TestA.obj
 0002:00005440       ??$get@$0A@P6AXPEAVTestA@@P81@EAAXV?$basic_string@DU?$char_traits@D@std@@V?$allocator@D@2@@std@@@Z1@ZPEAV1@P81@EAAX1@ZV23@@std@@YAAEAP6AXPEAVTestA@@P81@EAAXV?$basic_string@DU?$char_traits@D@std@@V?$allocator@D@2@@0@@Z1@ZAEAV?$tuple@P6AXPEAVTestA@@P81@EAAXV?$basic_string@DU?$char_traits@D@std@@V?$allocator@D@2@@std@@@Z1@ZPEAV1@P81@EAAX1@ZV23@@0@@Z 0000000140016440 f i TestA.obj
 0002:00005490       ??$invoke@P6AXPEAVTestA@@P81@EAAXV?$basic_string@DU?$char_traits@D@std@@V?$allocator@D@2@@std@@@Z1@ZPEAV1@P81@EAAX1@ZV23@@std@@YAX$$QEAP6AXPEAVTestA@@P81@EAAXV?$basic_string@DU?$char_traits@D@std@@V?$allocator@D@2@@0@@Z1@Z$$QEAPEAV1@$$QEAP81@EAAX1@Z$$QEAV20@@Z 0000000140016490 f i TestA.obj
 0002:00005570       ??$make_unique@V?$tuple@P6AXPEAVTestA@@P81@EAAXV?$basic_string@DU?$char_traits@D@std@@V?$allocator@D@2@@std@@@Z1@ZPEAV1@P81@EAAX1@ZV23@@std@@A6AXPEAVTestA@@P83@EAAXV?$basic_string@DU?$char_traits@D@std@@V?$allocator@D@2@@2@@Z1@ZQEAV3@AEAP83@EAAX1@ZAEAV42@@std@@YA?AV?$unique_ptr@V?$tuple@P6AXPEAVTestA@@P81@EAAXV?$basic_string@DU?$char_traits@D@std@@V?$allocator@D@2@@std@@@Z1@ZPEAV1@P81@EAAX1@ZV23@@std@@U?$default_delete@V?$tuple@P6AXPEAVTestA@@P81@EAAXV?$basic_string@DU?$char_traits@D@std@@V?$allocator@D@2@@std@@@Z1@ZPEAV1@P81@EAAX1@ZV23@@std@@@2@@0@A6AXPEAVTestA@@P82@EAAXV?$basic_string@DU?$char_traits@D@std@@V?$allocator@D@2@@0@@Z1@Z$$QEBQEAV2@AEAP82@EAAX1@ZAEAV30@@Z 0000000140016570 f i TestA.obj
 0002:000056f0       ??$move@AEAP6AXPEAVTestA@@P81@EAAXV?$basic_string@DU?$char_traits@D@std@@V?$allocator@D@2@@std@@@Z1@Z@std@@YA$$QEAP6AXPEAVTestA@@P81@EAAXV?$basic_string@DU?$char_traits@D@std@@V?$allocator@D@2@@0@@Z1@ZAEAP6AX021@Z@Z 00000001400166f0 f i TestA.obj
 0002:00005740       ??$move@AEAP8TestA@@EAAXV?$basic_string@DU?$char_traits@D@std@@V?$allocator@D@2@@std@@@Z@std@@YA$$QEAP8TestA@@EAAXV?$basic_string@DU?$char_traits@D@std@@V?$allocator@D@2@@0@@ZAEAP81@EAAX0@Z@Z 0000000140016740 f i TestA.obj
 0002:00005790       ??$move@AEAPEAVTestA@@@std@@YA$$QEAPEAVTestA@@AEAPEAV1@@Z 0000000140016790 f i TestA.obj
 0002:000057e0       ??$move@AEAU?$_Wrap_alloc@V?$allocator@D@std@@@std@@@std@@YA$$QEAU?$_Wrap_alloc@V?$allocator@D@std@@@0@AEAU10@@Z 00000001400167e0 f i TestA.obj
 0002:00005830       ??$move@AEAV?$basic_string@DU?$char_traits@D@std@@V?$allocator@D@2@@std@@@std@@YA$$QEAV?$basic_string@DU?$char_traits@D@std@@V?$allocator@D@2@@0@AEAV10@@Z 0000000140016830 f i TestA.obj
 0002:00005880       ??$wait_for@_JU?$ratio@$00$00@std@@@condition_variable@std@@QEAA?AW4cv_status@1@AEAV?$unique_lock@Vmutex@std@@@1@AEBV?$duration@_JU?$ratio@$00$00@std@@@chrono@1@@Z 0000000140016880 f i TestA.obj
 0002:00005980       ??$wait_for@_JU?$ratio@$00$0PECEA@@std@@@condition_variable@std@@QEAA?AW4cv_status@1@AEAV?$unique_lock@Vmutex@std@@@1@AEBV?$duration@_JU?$ratio@$00$0PECEA@@std@@@chrono@1@@Z 0000000140016980 f i TestA.obj
 0002:00005a80       ??0?$_String_alloc@U?$_String_base_types@DV?$allocator@D@std@@@std@@@std@@QEAA@XZ 0000000140016a80 f i TestA.obj
 0002:00005b10       ??0?$_String_val@U?$_Simple_types@D@std@@@std@@QEAA@XZ 0000000140016b10 f i TestA.obj
 0002:00005bc0       ??0?$_Wrap_alloc@V?$allocator@D@std@@@std@@QEAA@$$QEAU01@@Z 0000000140016bc0 f i TestA.obj
 0002:00005c40       ??0?$_Wrap_alloc@V?$allocator@D@std@@@std@@QEAA@XZ 0000000140016c40 f i TestA.obj
 0002:00005ca0       ??0?$allocator@D@std@@QEAA@AEBV01@@Z 0000000140016ca0 f i TestA.obj
 0002:00005cf0       ??0?$allocator@D@std@@QEAA@XZ 0000000140016cf0 f i TestA.obj
 0002:00005d40       ??0?$basic_ostringstream@DU?$char_traits@D@std@@V?$allocator@D@2@@std@@QEAA@H@Z 0000000140016d40 f i TestA.obj
 0002:00005eb0       ??0?$basic_string@DU?$char_traits@D@std@@V?$allocator@D@2@@std@@QEAA@$$QEAV01@@Z 0000000140016eb0 f i TestA.obj
 0002:00005f80       ??0?$basic_string@DU?$char_traits@D@std@@V?$allocator@D@2@@std@@QEAA@AEBV01@@Z 0000000140016f80 f i TestA.obj
 0002:00006060       ??0?$basic_string@DU?$char_traits@D@std@@V?$allocator@D@2@@std@@QEAA@PEBD@Z 0000000140017060 f i TestA.obj
 0002:00006100       ??0?$basic_string@DU?$char_traits@D@std@@V?$allocator@D@2@@std@@QEAA@PEBD_K@Z 0000000140017100 f i TestA.obj
 0002:000061b0       ??0?$basic_string@DU?$char_traits@D@std@@V?$allocator@D@2@@std@@QEAA@XZ 00000001400171b0 f i TestA.obj
 0002:00006230       ??0?$basic_stringbuf@DU?$char_traits@D@std@@V?$allocator@D@2@@std@@QEAA@H@Z 0000000140017230 f i TestA.obj
 0002:00006300       ??0?$fpos@U_Mbstatet@@@std@@QEAA@_J@Z 0000000140017300 f i TestA.obj
 0002:000063a0       ??0?$time_point@Usystem_clock@chrono@std@@V?$duration@_JU?$ratio@$00$0JIJGIA@@std@@@23@@chrono@std@@QEAA@AEBV?$duration@_JU?$ratio@$00$0JIJGIA@@std@@@12@@Z 00000001400173a0 f i TestA.obj
 0002:00006410       ??0?$unique_lock@Vmutex@std@@@std@@QEAA@AEAVmutex@1@@Z 0000000140017410 f i TestA.obj
 0002:000064b0       ??0?$unique_ptr@V?$tuple@P6AXPEAVTestA@@P81@EAAXV?$basic_string@DU?$char_traits@D@std@@V?$allocator@D@2@@std@@@Z1@ZPEAV1@P81@EAAX1@ZV23@@std@@U?$default_delete@V?$tuple@P6AXPEAVTestA@@P81@EAAXV?$basic_string@DU?$char_traits@D@std@@V?$allocator@D@2@@std@@@Z1@ZPEAV1@P81@EAAX1@ZV23@@std@@@2@@std@@QEAA@$$QEAV01@@Z 00000001400174b0 f i TestA.obj
 0002:00006570       ??0?$unique_ptr@V?$tuple@P6AXPEAVTestA@@P81@EAAXV?$basic_string@DU?$char_traits@D@std@@V?$allocator@D@2@@std@@@Z1@ZPEAV1@P81@EAAX1@ZV23@@std@@U?$default_delete@V?$tuple@P6AXPEAVTestA@@P81@EAAXV?$basic_string@DU?$char_traits@D@std@@V?$allocator@D@2@@std@@@Z1@ZPEAV1@P81@EAAX1@ZV23@@std@@@2@@std@@QEAA@PEAV?$tuple@P6AXPEAVTestA@@P81@EAAXV?$basic_string@DU?$char_traits@D@std@@V?$allocator@D@2@@std@@@Z1@ZPEAV1@P81@EAAX1@ZV23@@1@@Z 0000000140017570 f i TestA.obj
 0002:000065f0       ??0TestA@@QEAA@XZ          00000001400175f0 f   TestA.obj
 0002:00006790       ??0_Auto_cnd@std@@QEAA@PEAU_Cnd_internal_imp_t@@@Z 0000000140017790 f i TestA.obj
 0002:00006800       ??0_Auto_mtx@std@@QEAA@PEAU_Mtx_internal_imp_t@@@Z 0000000140017800 f i TestA.obj
 0002:00006870       ??0_Bxty@?$_String_val@U?$_Simple_types@D@std@@@std@@QEAA@XZ 0000000140017870 f i TestA.obj
 0002:000068c0       ??0_Container_base12@std@@QEAA@XZ 00000001400178c0 f i TestA.obj
 0002:00006920       ??0_Container_proxy@std@@QEAA@XZ 0000000140017920 f i TestA.obj
 0002:00006990       ??0_Mutex_base@std@@QEAA@H@Z 0000000140017990 f i TestA.obj
 0002:00006a20       ??0_Pad@std@@QEAA@XZ       0000000140017a20 f i TestA.obj
 0002:00006bb0       ??0_Sentry_base@?$basic_ostream@DU?$char_traits@D@std@@@std@@QEAA@AEAV12@@Z 0000000140017bb0 f i TestA.obj
 0002:00006cd0       ??0condition_variable@std@@QEAA@XZ 0000000140017cd0 f i TestA.obj
 0002:00006d40       ??0mutex@std@@QEAA@XZ      0000000140017d40 f i TestA.obj
 0002:00006da0       ??0sentry@?$basic_ostream@DU?$char_traits@D@std@@@std@@QEAA@AEAV12@@Z 0000000140017da0 f i TestA.obj
 0002:00006f30       ??1?$_Compressed_pair@U?$_Wrap_alloc@V?$allocator@D@std@@@std@@V?$_String_val@U?$_Simple_types@D@std@@@2@$00@std@@QEAA@XZ 0000000140017f30 f i TestA.obj
 0002:00006f90       ??1?$_LaunchPad@V?$unique_ptr@V?$tuple@P6AXPEAVTestA@@P81@EAAXV?$basic_string@DU?$char_traits@D@std@@V?$allocator@D@2@@std@@@Z1@ZPEAV1@P81@EAAX1@ZV23@@std@@U?$default_delete@V?$tuple@P6AXPEAVTestA@@P81@EAAXV?$basic_string@DU?$char_traits@D@std@@V?$allocator@D@2@@std@@@Z1@ZPEAV1@P81@EAAX1@ZV23@@std@@@2@@std@@@std@@QEAA@XZ 0000000140017f90 f i TestA.obj
 0002:00007000       ??1?$_String_alloc@U?$_String_base_types@DV?$allocator@D@std@@@std@@@std@@QEAA@XZ 0000000140018000 f i TestA.obj
 0002:00007080       ??1?$_String_val@U?$_Simple_types@D@std@@@std@@QEAA@XZ 0000000140018080 f i TestA.obj
 0002:000070f0       ??1?$_Tuple_val@V?$basic_string@DU?$char_traits@D@std@@V?$allocator@D@2@@std@@@std@@QEAA@XZ 00000001400180f0 f i TestA.obj
 0002:00007150       ??1?$basic_ostringstream@DU?$char_traits@D@std@@V?$allocator@D@2@@std@@UEAA@XZ 0000000140018150 f i TestA.obj
 0002:00007240       ??1?$basic_string@DU?$char_traits@D@std@@V?$allocator@D@2@@std@@QEAA@XZ 0000000140018240 f i TestA.obj
 0002:000072c0       ??1?$basic_stringbuf@DU?$char_traits@D@std@@V?$allocator@D@2@@std@@UEAA@XZ 00000001400182c0 f i TestA.obj
 0002:00007350       ??1?$tuple@P6AXPEAVTestA@@P81@EAAXV?$basic_string@DU?$char_traits@D@std@@V?$allocator@D@2@@std@@@Z1@ZPEAV1@P81@EAAX1@ZV23@@std@@QEAA@XZ 0000000140018350 f i TestA.obj
 0002:000073a0       ??1?$tuple@P8TestA@@EAAXV?$basic_string@DU?$char_traits@D@std@@V?$allocator@D@2@@std@@@ZV23@@std@@QEAA@XZ 00000001400183a0 f i TestA.obj
 0002:000073f0       ??1?$tuple@PEAVTestA@@P81@EAAXV?$basic_string@DU?$char_traits@D@std@@V?$allocator@D@2@@std@@@ZV23@@std@@QEAA@XZ 00000001400183f0 f i TestA.obj
 0002:00007440       ??1?$tuple@V?$basic_string@DU?$char_traits@D@std@@V?$allocator@D@2@@std@@@std@@QEAA@XZ 0000000140018440 f i TestA.obj
 0002:000074a0       ??1?$unique_lock@Vmutex@std@@@std@@QEAA@XZ 00000001400184a0 f i TestA.obj
 0002:00007520       ??1?$unique_ptr@V?$tuple@P6AXPEAVTestA@@P81@EAAXV?$basic_string@DU?$char_traits@D@std@@V?$allocator@D@2@@std@@@Z1@ZPEAV1@P81@EAAX1@ZV23@@std@@U?$default_delete@V?$tuple@P6AXPEAVTestA@@P81@EAAXV?$basic_string@DU?$char_traits@D@std@@V?$allocator@D@2@@std@@@Z1@ZPEAV1@P81@EAAX1@ZV23@@std@@@2@@std@@QEAA@XZ 0000000140018520 f i TestA.obj
 0002:000075c0       ??1TestA@@UEAA@XZ          00000001400185c0 f   TestA.obj
 0002:000076f0       ??1_Auto_cnd@std@@QEAA@XZ  00000001400186f0 f i TestA.obj
 0002:00007760       ??1_Auto_mtx@std@@QEAA@XZ  0000000140018760 f i TestA.obj
 0002:000077d0       ??1_Bxty@?$_String_val@U?$_Simple_types@D@std@@@std@@QEAA@XZ 00000001400187d0 f i TestA.obj
 0002:00007810       ??1_Container_base12@std@@QEAA@XZ 0000000140018810 f i TestA.obj
 0002:00007870       ??1_Mutex_base@std@@QEAA@XZ 0000000140018870 f i TestA.obj
 0002:000078d0       ??1_Pad@std@@QEAA@XZ       00000001400188d0 f i TestA.obj
 0002:00007a00       ??1_Sentry_base@?$basic_ostream@DU?$char_traits@D@std@@@std@@QEAA@XZ 0000000140018a00 f i TestA.obj
 0002:00007b00       ??1condition_variable@std@@QEAA@XZ 0000000140018b00 f i TestA.obj
 0002:00007b60       ??1mutex@std@@QEAA@XZ      0000000140018b60 f i TestA.obj
 0002:00007bb0       ??1sentry@?$basic_ostream@DU?$char_traits@D@std@@@std@@QEAA@XZ 0000000140018bb0 f i TestA.obj
 0002:00007c40       ??2@YAPEAX_KPEAX@Z         0000000140018c40 f i TestA.obj
 0002:00007c90       ??B?$fpos@U_Mbstatet@@@std@@QEBA_JXZ 0000000140018c90 f i TestA.obj
 0002:00007cf0       ??Bsentry@?$basic_ostream@DU?$char_traits@D@std@@@std@@QEBA_NXZ 0000000140018cf0 f i TestA.obj
 0002:00007d40       ??D?$unique_ptr@V?$tuple@P6AXPEAVTestA@@P81@EAAXV?$basic_string@DU?$char_traits@D@std@@V?$allocator@D@2@@std@@@Z1@ZPEAV1@P81@EAAX1@ZV23@@std@@U?$default_delete@V?$tuple@P6AXPEAVTestA@@P81@EAAXV?$basic_string@DU?$char_traits@D@std@@V?$allocator@D@2@@std@@@Z1@ZPEAV1@P81@EAAX1@ZV23@@std@@@2@@std@@QEBAAEAV?$tuple@P6AXPEAVTestA@@P81@EAAXV?$basic_string@DU?$char_traits@D@std@@V?$allocator@D@2@@std@@@Z1@ZPEAV1@P81@EAAX1@ZV23@@1@XZ 0000000140018d40 f i TestA.obj
 0002:00007d90       ??R?$default_delete@V?$tuple@P6AXPEAVTestA@@P81@EAAXV?$basic_string@DU?$char_traits@D@std@@V?$allocator@D@2@@std@@@Z1@ZPEAV1@P81@EAAX1@ZV23@@std@@@std@@QEBAXPEAV?$tuple@P6AXPEAVTestA@@P81@EAAXV?$basic_string@DU?$char_traits@D@std@@V?$allocator@D@2@@std@@@Z1@ZPEAV1@P81@EAAX1@ZV23@@1@@Z 0000000140018d90 f i TestA.obj
 0002:00007e40       ??Y?$duration@_JU?$ratio@$00$0DLJKMKAA@@std@@@chrono@std@@QEAAAEAV012@AEBV012@@Z 0000000140018e40 f i TestA.obj
 0002:00007ec0       ??Z?$duration@_JU?$ratio@$00$0DLJKMKAA@@std@@@chrono@std@@QEAAAEAV012@AEBV012@@Z 0000000140018ec0 f i TestA.obj
 0002:00007f40       ??_D?$basic_ostringstream@DU?$char_traits@D@std@@V?$allocator@D@2@@std@@QEAAXXZ 0000000140018f40 f i TestA.obj
 0002:00007fb8       ??_E?$basic_ostringstream@DU?$char_traits@D@std@@V?$allocator@D@2@@std@@$4PPPPPPPM@A@EAAPEAXI@Z 0000000140018fb8 f i TestA.obj
 0002:00007fd0       ??_G?$basic_ostringstream@DU?$char_traits@D@std@@V?$allocator@D@2@@std@@UEAAPEAXI@Z 0000000140018fd0 f i TestA.obj
 0002:00007fd0       ??_E?$basic_ostringstream@DU?$char_traits@D@std@@V?$allocator@D@2@@std@@UEAAPEAXI@Z 0000000140018fd0 f i TestA.obj
 0002:00008080       ??_E?$basic_stringbuf@DU?$char_traits@D@std@@V?$allocator@D@2@@std@@UEAAPEAXI@Z 0000000140019080 f i TestA.obj
 0002:00008080       ??_G?$basic_stringbuf@DU?$char_traits@D@std@@V?$allocator@D@2@@std@@UEAAPEAXI@Z 0000000140019080 f i TestA.obj
 0002:00008110       ??_G?$tuple@P6AXPEAVTestA@@P81@EAAXV?$basic_string@DU?$char_traits@D@std@@V?$allocator@D@2@@std@@@Z1@ZPEAV1@P81@EAAX1@ZV23@@std@@QEAAPEAXI@Z 0000000140019110 f i TestA.obj
 0002:000081a0       ??_GTestA@@UEAAPEAXI@Z     00000001400191a0 f i TestA.obj
 0002:000081a0       ??_ETestA@@UEAAPEAXI@Z     00000001400191a0 f i TestA.obj
 0002:00008230       ?EntryPoint@TestA@@SAXPEAV1@P81@EAAXV?$basic_string@DU?$char_traits@D@std@@V?$allocator@D@2@@std@@@Z1@Z 0000000140019230 f   TestA.obj
 0002:000082f0       ?_Alloc_proxy@?$_String_alloc@U?$_String_base_types@DV?$allocator@D@std@@@std@@@std@@QEAAXXZ 00000001400192f0 f i TestA.obj
 0002:00008450       ?_Allocate@std@@YAPEAX_K0_N@Z 0000000140019450 f i TestA.obj
 0002:00008730       ?_Assign_rv@?$basic_string@DU?$char_traits@D@std@@V?$allocator@D@2@@std@@QEAAX$$QEAV12@@Z 0000000140019730 f i TestA.obj
 0002:00008900       ?_Bx@?$_String_alloc@U?$_String_base_types@DV?$allocator@D@std@@@std@@@std@@QEAAAEAT_Bxty@?$_String_val@U?$_Simple_types@D@std@@@2@XZ 0000000140019900 f i TestA.obj
 0002:00008960       ?_Call_func@_Pad@std@@CAIPEAX@Z 0000000140019960 f i TestA.obj
 0002:000089d0       ?_Check_C_return@std@@YAHH@Z 00000001400199d0 f i TestA.obj
 0002:00008a30       ?_Check_C_return@std@@YAHHH@Z 0000000140019a30 f i TestA.obj
 0002:00008ab0       ?_Check_offset@?$basic_string@DU?$char_traits@D@std@@V?$allocator@D@2@@std@@QEBAX_K@Z 0000000140019ab0 f i TestA.obj
 0002:00008b30       ?_Clamp_suffix_size@?$basic_string@DU?$char_traits@D@std@@V?$allocator@D@2@@std@@QEBA_K_K0@Z 0000000140019b30 f i TestA.obj
 0002:00008bd0       ?_Cnd_initX@std@@YAHPEAPEAU_Cnd_internal_imp_t@@@Z 0000000140019bd0 f i TestA.obj
 0002:00008c30       ?_Cnd_signalX@std@@YAHPEAU_Cnd_internal_imp_t@@@Z 0000000140019c30 f i TestA.obj
 0002:00008c90       ?_Cnd_timedwaitX@std@@YAHPEAU_Cnd_internal_imp_t@@PEAU_Mtx_internal_imp_t@@PEBUxtime@@@Z 0000000140019c90 f i TestA.obj
 0002:00008d10       ?_Cnd_waitX@std@@YAHPEAU_Cnd_internal_imp_t@@PEAU_Mtx_internal_imp_t@@@Z 0000000140019d10 f i TestA.obj
 0002:00008d80       ?_Copy@?$basic_string@DU?$char_traits@D@std@@V?$allocator@D@2@@std@@QEAAX_K0@Z 0000000140019d80 f i TestA.obj
 0002:000090a0       ?_Deallocate@std@@YAXPEAX_K1@Z 000000014001a0a0 f i TestA.obj
 0002:000095f0       ?_Eos@?$basic_string@DU?$char_traits@D@std@@V?$allocator@D@2@@std@@QEAAX_K@Z 000000014001a5f0 f i TestA.obj
 0002:00009690       ?_Free_proxy@?$_String_alloc@U?$_String_base_types@DV?$allocator@D@std@@@std@@@std@@QEAAXXZ 000000014001a690 f i TestA.obj
 0002:000097b0       ?_Get_data@?$_String_alloc@U?$_String_base_types@DV?$allocator@D@std@@@std@@@std@@QEAAAEAV?$_String_val@U?$_Simple_types@D@std@@@2@XZ 000000014001a7b0 f i TestA.obj
 0002:00009810       ?_Get_data@?$_String_alloc@U?$_String_base_types@DV?$allocator@D@std@@@std@@@std@@QEBAAEBV?$_String_val@U?$_Simple_types@D@std@@@2@XZ 000000014001a810 f i TestA.obj
 0002:00009870       ?_Get_first@?$_Compressed_pair@U?$_Wrap_alloc@V?$allocator@D@std@@@std@@V?$_String_val@U?$_Simple_types@D@std@@@2@$00@std@@QEAAAEAU?$_Wrap_alloc@V?$allocator@D@std@@@2@XZ 000000014001a870 f i TestA.obj
 0002:000098c0       ?_Get_first@?$_Compressed_pair@U?$_Wrap_alloc@V?$allocator@D@std@@@std@@V?$_String_val@U?$_Simple_types@D@std@@@2@$00@std@@QEBAAEBU?$_Wrap_alloc@V?$allocator@D@std@@@2@XZ 000000014001a8c0 f i TestA.obj
 0002:00009910       ?_Get_first@?$_Compressed_pair@U?$default_delete@V?$tuple@P6AXPEAVTestA@@P81@EAAXV?$basic_string@DU?$char_traits@D@std@@V?$allocator@D@2@@std@@@Z1@ZPEAV1@P81@EAAX1@ZV23@@std@@@std@@PEAV?$tuple@P6AXPEAVTestA@@P81@EAAXV?$basic_string@DU?$char_traits@D@std@@V?$allocator@D@2@@std@@@Z1@ZPEAV1@P81@EAAX1@ZV23@@2@$00@std@@QEAAAEAU?$default_delete@V?$tuple@P6AXPEAVTestA@@P81@EAAXV?$basic_string@DU?$char_traits@D@std@@V?$allocator@D@2@@std@@@Z1@ZPEAV1@P81@EAAX1@ZV23@@std@@@2@XZ 000000014001a910 f i TestA.obj
 0002:00009960       ?_Get_second@?$_Compressed_pair@U?$_Wrap_alloc@V?$allocator@D@std@@@std@@V?$_String_val@U?$_Simple_types@D@std@@@2@$00@std@@QEAAAEAV?$_String_val@U?$_Simple_types@D@std@@@2@XZ 000000014001a960 f i TestA.obj
 0002:000099b0       ?_Get_second@?$_Compressed_pair@U?$_Wrap_alloc@V?$allocator@D@std@@@std@@V?$_String_val@U?$_Simple_types@D@std@@@2@$00@std@@QEBAAEBV?$_String_val@U?$_Simple_types@D@std@@@2@XZ 000000014001a9b0 f i TestA.obj
 0002:00009a00       ?_Get_second@?$_Compressed_pair@U?$default_delete@V?$tuple@P6AXPEAVTestA@@P81@EAAXV?$basic_string@DU?$char_traits@D@std@@V?$allocator@D@2@@std@@@Z1@ZPEAV1@P81@EAAX1@ZV23@@std@@@std@@PEAV?$tuple@P6AXPEAVTestA@@P81@EAAXV?$basic_string@DU?$char_traits@D@std@@V?$allocator@D@2@@std@@@Z1@ZPEAV1@P81@EAAX1@ZV23@@2@$00@std@@QEAAAEAPEAV?$tuple@P6AXPEAVTestA@@P81@EAAXV?$basic_string@DU?$char_traits@D@std@@V?$allocator@D@2@@std@@@Z1@ZPEAV1@P81@EAAX1@ZV23@@2@XZ 000000014001aa00 f i TestA.obj
 0002:00009a50       ?_Get_second@?$_Compressed_pair@U?$default_delete@V?$tuple@P6AXPEAVTestA@@P81@EAAXV?$basic_string@DU?$char_traits@D@std@@V?$allocator@D@2@@std@@@Z1@ZPEAV1@P81@EAAX1@ZV23@@std@@@std@@PEAV?$tuple@P6AXPEAVTestA@@P81@EAAXV?$basic_string@DU?$char_traits@D@std@@V?$allocator@D@2@@std@@@Z1@ZPEAV1@P81@EAAX1@ZV23@@2@$00@std@@QEBAAEBQEAV?$tuple@P6AXPEAVTestA@@P81@EAAXV?$basic_string@DU?$char_traits@D@std@@V?$allocator@D@2@@std@@@Z1@ZPEAV1@P81@EAAX1@ZV23@@2@XZ 000000014001aa50 f i TestA.obj
 0002:00009aa0       ?_Getal@?$_String_alloc@U?$_String_base_types@DV?$allocator@D@std@@@std@@@std@@QEAAAEAU?$_Wrap_alloc@V?$allocator@D@std@@@2@XZ 000000014001aaa0 f i TestA.obj
 0002:00009b00       ?_Getal@?$_String_alloc@U?$_String_base_types@DV?$allocator@D@std@@@std@@@std@@QEBAAEBU?$_Wrap_alloc@V?$allocator@D@std@@@2@XZ 000000014001ab00 f i TestA.obj
 0002:00009b60       ?_Getstate@?$basic_stringbuf@DU?$char_traits@D@std@@V?$allocator@D@2@@std@@AEAAHH@Z 000000014001ab60 f i TestA.obj
 0002:00009c20       ?_Go@?$_LaunchPad@V?$unique_ptr@V?$tuple@P6AXPEAVTestA@@P81@EAAXV?$basic_string@DU?$char_traits@D@std@@V?$allocator@D@2@@std@@@Z1@ZPEAV1@P81@EAAX1@ZV23@@std@@U?$default_delete@V?$tuple@P6AXPEAVTestA@@P81@EAAXV?$basic_string@DU?$char_traits@D@std@@V?$allocator@D@2@@std@@@Z1@ZPEAV1@P81@EAAX1@ZV23@@std@@@2@@std@@@std@@UEAAXXZ 000000014001ac20 f i TestA.obj
 0002:00009c70       ?_Grow@?$basic_string@DU?$char_traits@D@std@@V?$allocator@D@2@@std@@QEAA_N_K_N@Z 000000014001ac70 f i TestA.obj
 0002:00009e10       ?_Init@?$basic_stringbuf@DU?$char_traits@D@std@@V?$allocator@D@2@@std@@IEAAXPEBD_KH@Z 000000014001ae10 f i TestA.obj
 0002:0000a050       ?_Inside@?$basic_string@DU?$char_traits@D@std@@V?$allocator@D@2@@std@@QEAA_NPEBD@Z 000000014001b050 f i TestA.obj
 0002:0000a110       ?_Launch@_Pad@std@@QEAAXPEAU_Thrd_imp_t@@@Z 000000014001b110 f i TestA.obj
 0002:0000a1b0       ?_Mtx_initX@std@@YAHPEAPEAU_Mtx_internal_imp_t@@H@Z 000000014001b1b0 f i TestA.obj
 0002:0000a220       ?_Mtx_lockX@std@@YAHPEAU_Mtx_internal_imp_t@@@Z 000000014001b220 f i TestA.obj
 0002:0000a280       ?_Mtx_unlockX@std@@YAHPEAU_Mtx_internal_imp_t@@@Z 000000014001b280 f i TestA.obj
 0002:0000a2e0       ?_Mycnd@condition_variable@std@@AEAAPEAU_Cnd_internal_imp_t@@XZ 000000014001b2e0 f i TestA.obj
 0002:0000a330       ?_Mymtx@_Mutex_base@std@@AEAAPEAU_Mtx_internal_imp_t@@XZ 000000014001b330 f i TestA.obj
 0002:0000a380       ?_Myproxy@?$_String_alloc@U?$_String_base_types@DV?$allocator@D@std@@@std@@@std@@QEAAAEAPEAU_Container_proxy@2@XZ 000000014001b380 f i TestA.obj
 0002:0000a3d0       ?_Myptr@?$_String_alloc@U?$_String_base_types@DV?$allocator@D@std@@@std@@@std@@QEAAPEADXZ 000000014001b3d0 f i TestA.obj
 0002:0000a430       ?_Myptr@?$_String_alloc@U?$_String_base_types@DV?$allocator@D@std@@@std@@@std@@QEBAPEBDXZ 000000014001b430 f i TestA.obj
 0002:0000a490       ?_Myptr@?$_String_val@U?$_Simple_types@D@std@@@std@@QEAAPEADXZ 000000014001b490 f i TestA.obj
 0002:0000a530       ?_Myptr@?$_String_val@U?$_Simple_types@D@std@@@std@@QEBAPEBDXZ 000000014001b530 f i TestA.obj
 0002:0000a5d0       ?_Myptr@?$_Unique_ptr_base@V?$tuple@P6AXPEAVTestA@@P81@EAAXV?$basic_string@DU?$char_traits@D@std@@V?$allocator@D@2@@std@@@Z1@ZPEAV1@P81@EAAX1@ZV23@@std@@U?$default_delete@V?$tuple@P6AXPEAVTestA@@P81@EAAXV?$basic_string@DU?$char_traits@D@std@@V?$allocator@D@2@@std@@@Z1@ZPEAV1@P81@EAAX1@ZV23@@std@@@2@@std@@QEAAAEAPEAV?$tuple@P6AXPEAVTestA@@P81@EAAXV?$basic_string@DU?$char_traits@D@std@@V?$allocator@D@2@@std@@@Z1@ZPEAV1@P81@EAAX1@ZV23@@2@XZ 000000014001b5d0 f i TestA.obj
 0002:0000a630       ?_Myptr@?$_Unique_ptr_base@V?$tuple@P6AXPEAVTestA@@P81@EAAXV?$basic_string@DU?$char_traits@D@std@@V?$allocator@D@2@@std@@@Z1@ZPEAV1@P81@EAAX1@ZV23@@std@@U?$default_delete@V?$tuple@P6AXPEAVTestA@@P81@EAAXV?$basic_string@DU?$char_traits@D@std@@V?$allocator@D@2@@std@@@Z1@ZPEAV1@P81@EAAX1@ZV23@@std@@@2@@std@@QEBAAEBQEAV?$tuple@P6AXPEAVTestA@@P81@EAAXV?$basic_string@DU?$char_traits@D@std@@V?$allocator@D@2@@std@@@Z1@ZPEAV1@P81@EAAX1@ZV23@@2@XZ 000000014001b630 f i TestA.obj
 0002:0000a690       ?_Myres@?$_String_alloc@U?$_String_base_types@DV?$allocator@D@std@@@std@@@std@@QEAAAEA_KXZ 000000014001b690 f i TestA.obj
 0002:0000a6f0       ?_Mysize@?$_String_alloc@U?$_String_base_types@DV?$allocator@D@std@@@std@@@std@@QEAAAEA_KXZ 000000014001b6f0 f i TestA.obj
 0002:0000a750       ?_Mysize@?$_String_alloc@U?$_String_base_types@DV?$allocator@D@std@@@std@@@std@@QEBAAEB_KXZ 000000014001b750 f i TestA.obj
 0002:0000a7b0       ?_Orphan_all@?$_String_alloc@U?$_String_base_types@DV?$allocator@D@std@@@std@@@std@@QEAAXXZ 000000014001b7b0 f i TestA.obj
 0002:0000a810       ?_Orphan_all@_Container_base12@std@@QEAAXXZ 000000014001b810 f i TestA.obj
 0002:0000a930       ?_Release@_Auto_cnd@std@@QEAAXXZ 000000014001b930 f i TestA.obj
 0002:0000a980       ?_Release@_Auto_mtx@std@@QEAAXXZ 000000014001b980 f i TestA.obj
 0002:0000a9d0       ?_Release@_Pad@std@@QEAAXXZ 000000014001b9d0 f i TestA.obj
 0002:0000aa60       ?_Run@?$_LaunchPad@V?$unique_ptr@V?$tuple@P6AXPEAVTestA@@P81@EAAXV?$basic_string@DU?$char_traits@D@std@@V?$allocator@D@2@@std@@@Z1@ZPEAV1@P81@EAAX1@ZV23@@std@@U?$default_delete@V?$tuple@P6AXPEAVTestA@@P81@EAAXV?$basic_string@DU?$char_traits@D@std@@V?$allocator@D@2@@std@@@Z1@ZPEAV1@P81@EAAX1@ZV23@@std@@@2@@std@@@std@@CAXPEAV12@@Z 000000014001ba60 f i TestA.obj
 0002:0000ab70       ?_Thrd_startX@std@@YAHPEAU_Thrd_imp_t@@P6AIPEAX@Z1@Z 000000014001bb70 f i TestA.obj
 0002:0000ac20       ?_Tidy@?$basic_string@DU?$char_traits@D@std@@V?$allocator@D@2@@std@@QEAAX_N_K@Z 000000014001bc20 f i TestA.obj
 0002:0000add0       ?_Tidy@?$basic_stringbuf@DU?$char_traits@D@std@@V?$allocator@D@2@@std@@IEAAXXZ 000000014001bdd0 f i TestA.obj
 0002:0000af40       ?_Xlen@?$basic_string@DU?$char_traits@D@std@@V?$allocator@D@2@@std@@QEBAXXZ 000000014001bf40 f i TestA.obj
 0002:0000afa0       ?_Xran@?$basic_string@DU?$char_traits@D@std@@V?$allocator@D@2@@std@@QEBAXXZ 000000014001bfa0 f i TestA.obj
 0002:0000b000       ?__autoclassinit2@?$_LaunchPad@V?$unique_ptr@V?$tuple@P6AXPEAVTestA@@P81@EAAXV?$basic_string@DU?$char_traits@D@std@@V?$allocator@D@2@@std@@@Z1@ZPEAV1@P81@EAAX1@ZV23@@std@@U?$default_delete@V?$tuple@P6AXPEAVTestA@@P81@EAAXV?$basic_string@DU?$char_traits@D@std@@V?$allocator@D@2@@std@@@Z1@ZPEAV1@P81@EAAX1@ZV23@@std@@@2@@std@@@std@@QEAAX_K@Z 000000014001c000 f i TestA.obj
 0002:0000b060       ?__autoclassinit2@?$basic_ostringstream@DU?$char_traits@D@std@@V?$allocator@D@2@@std@@QEAAX_K@Z 000000014001c060 f i TestA.obj
 0002:0000b0c0       ?__autoclassinit2@?$unique_lock@Vmutex@std@@@std@@QEAAX_K@Z 000000014001c0c0 f i TestA.obj
 0002:0000b120       ?__autoclassinit2@?$unique_ptr@V?$tuple@P6AXPEAVTestA@@P81@EAAXV?$basic_string@DU?$char_traits@D@std@@V?$allocator@D@2@@std@@@Z1@ZPEAV1@P81@EAAX1@ZV23@@std@@U?$default_delete@V?$tuple@P6AXPEAVTestA@@P81@EAAXV?$basic_string@DU?$char_traits@D@std@@V?$allocator@D@2@@std@@@Z1@ZPEAV1@P81@EAAX1@ZV23@@std@@@2@@std@@QEAAX_K@Z 000000014001c120 f i TestA.obj
 0002:0000b180       ?__autoclassinit2@_Auto_cnd@std@@QEAAX_K@Z 000000014001c180 f i TestA.obj
 0002:0000b1e0       ?__autoclassinit2@_Auto_mtx@std@@QEAAX_K@Z 000000014001c1e0 f i TestA.obj
 0002:0000b240       ?__empty_global_delete@@YAXPEAX@Z 000000014001c240 f i TestA.obj
 0002:0000b280       ?__empty_global_delete@@YAXPEAX_K@Z 000000014001c280 f i TestA.obj
 0002:0000b2d0       ?address@?$_Wrap_alloc@V?$allocator@U_Container_proxy@std@@@std@@@std@@QEBAPEAU_Container_proxy@2@AEAU32@@Z 000000014001c2d0 f i TestA.obj
 0002:0000b330       ?allocate@?$_Wrap_alloc@V?$allocator@D@std@@@std@@QEAAPEAD_K@Z 000000014001c330 f i TestA.obj
 0002:0000b390       ?allocate@?$_Wrap_alloc@V?$allocator@U_Container_proxy@std@@@std@@@std@@QEAAPEAU_Container_proxy@2@_K@Z 000000014001c390 f i TestA.obj
 0002:0000b3f0       ?allocate@?$allocator@D@std@@QEAAPEAD_K@Z 000000014001c3f0 f i TestA.obj
 0002:0000b450       ?allocate@?$allocator@U_Container_proxy@std@@@std@@QEAAPEAU_Container_proxy@2@_K@Z 000000014001c450 f i TestA.obj
 0002:0000b4b0       ?assign@?$basic_string@DU?$char_traits@D@std@@V?$allocator@D@2@@std@@QEAAAEAV12@AEBV12@_K1@Z 000000014001c4b0 f i TestA.obj
 0002:0000b640       ?assign@?$basic_string@DU?$char_traits@D@std@@V?$allocator@D@2@@std@@QEAAAEAV12@PEBD@Z 000000014001c640 f i TestA.obj
 0002:0000b6e0       ?assign@?$basic_string@DU?$char_traits@D@std@@V?$allocator@D@2@@std@@QEAAAEAV12@PEBD_K@Z 000000014001c6e0 f i TestA.obj
 0002:0000b850       ?assign@?$char_traits@D@std@@SAXAEADAEBD@Z 000000014001c850 f i TestA.obj
 0002:0000b8b0       ?c_str@?$basic_string@DU?$char_traits@D@std@@V?$allocator@D@2@@std@@QEBAPEBDXZ 000000014001c8b0 f i TestA.obj
 0002:0000b910       ?copy@?$char_traits@D@std@@SAPEADPEADPEBD_K@Z 000000014001c910 f i TestA.obj
 0002:0000b9b0       ?count@?$duration@_JU?$ratio@$00$00@std@@@chrono@std@@QEBA_JXZ 000000014001c9b0 f i TestA.obj
 0002:0000ba00       ?count@?$duration@_JU?$ratio@$00$0DLJKMKAA@@std@@@chrono@std@@QEBA_JXZ 000000014001ca00 f i TestA.obj
 0002:0000ba50       ?count@?$duration@_JU?$ratio@$00$0JIJGIA@@std@@@chrono@std@@QEBA_JXZ 000000014001ca50 f i TestA.obj
 0002:0000baa0       ?count@?$duration@_JU?$ratio@$00$0PECEA@@std@@@chrono@std@@QEBA_JXZ 000000014001caa0 f i TestA.obj
 0002:0000baf0       ?deallocate@?$_Wrap_alloc@V?$allocator@D@std@@@std@@QEAAXPEAD_K@Z 000000014001caf0 f i TestA.obj
 0002:0000bb60       ?deallocate@?$_Wrap_alloc@V?$allocator@U_Container_proxy@std@@@std@@@std@@QEAAXPEAU_Container_proxy@2@_K@Z 000000014001cb60 f i TestA.obj
 0002:0000bbd0       ?deallocate@?$allocator@D@std@@QEAAXPEAD_K@Z 000000014001cbd0 f i TestA.obj
 0002:0000bc40       ?deallocate@?$allocator@U_Container_proxy@std@@@std@@QEAAXPEAU_Container_proxy@2@_K@Z 000000014001cc40 f i TestA.obj
 0002:0000bcb0       ?eof@?$char_traits@D@std@@SAHXZ 000000014001ccb0 f i TestA.obj
 0002:0000bcf0       ?eq@?$char_traits@D@std@@SA_NAEBD0@Z 000000014001ccf0 f i TestA.obj
 0002:0000bd80       ?eq_int_type@?$char_traits@D@std@@SA_NAEBH0@Z 000000014001cd80 f i TestA.obj
 0002:0000be10       ?erase@?$basic_string@DU?$char_traits@D@std@@V?$allocator@D@2@@std@@QEAAAEAV12@_K0@Z 000000014001ce10 f i TestA.obj
 0002:0000bf70       ?erase@?$basic_string@DU?$char_traits@D@std@@V?$allocator@D@2@@std@@QEAAAEAV12@_K@Z 000000014001cf70 f i TestA.obj
 0002:0000bff0       ?get@?$unique_ptr@V?$tuple@P6AXPEAVTestA@@P81@EAAXV?$basic_string@DU?$char_traits@D@std@@V?$allocator@D@2@@std@@@Z1@ZPEAV1@P81@EAAX1@ZV23@@std@@U?$default_delete@V?$tuple@P6AXPEAVTestA@@P81@EAAXV?$basic_string@DU?$char_traits@D@std@@V?$allocator@D@2@@std@@@Z1@ZPEAV1@P81@EAAX1@ZV23@@std@@@2@@std@@QEBAPEAV?$tuple@P6AXPEAVTestA@@P81@EAAXV?$basic_string@DU?$char_traits@D@std@@V?$allocator@D@2@@std@@@Z1@ZPEAV1@P81@EAAX1@ZV23@@2@XZ 000000014001cff0 f i TestA.obj
 0002:0000c050       ?get_deleter@?$_Unique_ptr_base@V?$tuple@P6AXPEAVTestA@@P81@EAAXV?$basic_string@DU?$char_traits@D@std@@V?$allocator@D@2@@std@@@Z1@ZPEAV1@P81@EAAX1@ZV23@@std@@U?$default_delete@V?$tuple@P6AXPEAVTestA@@P81@EAAXV?$basic_string@DU?$char_traits@D@std@@V?$allocator@D@2@@std@@@Z1@ZPEAV1@P81@EAAX1@ZV23@@std@@@2@@std@@QEAAAEAU?$default_delete@V?$tuple@P6AXPEAVTestA@@P81@EAAXV?$basic_string@DU?$char_traits@D@std@@V?$allocator@D@2@@std@@@Z1@ZPEAV1@P81@EAAX1@ZV23@@std@@@2@XZ 000000014001d050 f i TestA.obj
 0002:0000c0b0       ?length@?$char_traits@D@std@@SA_KPEBD@Z 000000014001d0b0 f i TestA.obj
 0002:0000c140       ?lock@_Mutex_base@std@@QEAAXXZ 000000014001d140 f i TestA.obj
 0002:0000c1a0       ?max_size@?$_Wrap_alloc@V?$allocator@D@std@@@std@@QEBA_KU_Nil@2@@Z 000000014001d1a0 f i TestA.obj
 0002:0000c200       ?max_size@?$allocator@D@std@@QEBA_KXZ 000000014001d200 f i TestA.obj
 0002:0000c250       ?max_size@?$allocator_traits@V?$allocator@D@std@@@std@@SA_KAEBV?$allocator@D@2@@Z 000000014001d250 f i TestA.obj
 0002:0000c2a0       ?max_size@?$basic_string@DU?$char_traits@D@std@@V?$allocator@D@2@@std@@QEBA_KXZ 000000014001d2a0 f i TestA.obj
 0002:0000c340       ?move@?$char_traits@D@std@@SAPEADPEADPEBD_K@Z 000000014001d340 f i TestA.obj
 0002:0000c3f0       ?mutex@?$unique_lock@Vmutex@std@@@std@@QEBAPEAV02@XZ 000000014001d3f0 f i TestA.obj
 0002:0000c440       ?not_eof@?$char_traits@D@std@@SAHAEBH@Z 000000014001d440 f i TestA.obj
 0002:0000c4f0       ?notify_one@condition_variable@std@@QEAAXXZ 000000014001d4f0 f i TestA.obj
 0002:0000c560       ?now@system_clock@chrono@std@@SA?AV?$time_point@Usystem_clock@chrono@std@@V?$duration@_JU?$ratio@$00$0JIJGIA@@std@@@23@@23@XZ 000000014001d560 f i TestA.obj
 0002:0000c600       ?overflow@?$basic_stringbuf@DU?$char_traits@D@std@@V?$allocator@D@2@@std@@MEAAHH@Z 000000014001d600 f i TestA.obj
 0002:0000cc20       ?pbackfail@?$basic_stringbuf@DU?$char_traits@D@std@@V?$allocator@D@2@@std@@MEAAHH@Z 000000014001dc20 f i TestA.obj
 0002:0000cde0       ?pointer_to@?$pointer_traits@PEAU_Container_proxy@std@@@std@@SAPEAU_Container_proxy@2@AEAU32@@Z 000000014001dde0 f i TestA.obj
 0002:0000ce30       ?printLog@TestA@@QEAAXV?$basic_string@DU?$char_traits@D@std@@V?$allocator@D@2@@std@@@Z 000000014001de30 f   TestA.obj
 0002:0000cef0       ?procA@TestA@@QEAAXV?$basic_string@DU?$char_traits@D@std@@V?$allocator@D@2@@std@@@Z 000000014001def0 f   TestA.obj
 0002:0000d2e0       ?procB@TestA@@QEAAXV?$basic_string@DU?$char_traits@D@std@@V?$allocator@D@2@@std@@@Z 000000014001e2e0 f   TestA.obj
 0002:0000d6d0       ?release@?$unique_ptr@V?$tuple@P6AXPEAVTestA@@P81@EAAXV?$basic_string@DU?$char_traits@D@std@@V?$allocator@D@2@@std@@@Z1@ZPEAV1@P81@EAAX1@ZV23@@std@@U?$default_delete@V?$tuple@P6AXPEAVTestA@@P81@EAAXV?$basic_string@DU?$char_traits@D@std@@V?$allocator@D@2@@std@@@Z1@ZPEAV1@P81@EAAX1@ZV23@@std@@@2@@std@@QEAAPEAV?$tuple@P6AXPEAVTestA@@P81@EAAXV?$basic_string@DU?$char_traits@D@std@@V?$allocator@D@2@@std@@@Z1@ZPEAV1@P81@EAAX1@ZV23@@2@XZ 000000014001e6d0 f i TestA.obj
 0002:0000d750       ?resumePA@TestA@@QEAAXXZ   000000014001e750 f   TestA.obj
 0002:0000d800       ?resumePB@TestA@@QEAAXXZ   000000014001e800 f   TestA.obj
 0002:0000d8b0       ?seekoff@?$basic_stringbuf@DU?$char_traits@D@std@@V?$allocator@D@2@@std@@MEAA?AV?$fpos@U_Mbstatet@@@2@_JHH@Z 000000014001e8b0 f i TestA.obj
 0002:0000ddb0       ?seekpos@?$basic_stringbuf@DU?$char_traits@D@std@@V?$allocator@D@2@@std@@MEAA?AV?$fpos@U_Mbstatet@@@2@V32@H@Z 000000014001edb0 f i TestA.obj
 0002:0000e0f0       ?select_on_container_copy_construction@?$_Wrap_alloc@V?$allocator@D@std@@@std@@QEBA?AU12@U_Nil@2@@Z 000000014001f0f0 f i TestA.obj
 0002:0000e170       ?select_on_container_copy_construction@?$allocator_traits@V?$allocator@D@std@@@std@@SA?AV?$allocator@D@2@AEBV32@@Z 000000014001f170 f i TestA.obj
 0002:0000e1e0       ?size@?$basic_string@DU?$char_traits@D@std@@V?$allocator@D@2@@std@@QEBA_KXZ 000000014001f1e0 f i TestA.obj
 0002:0000e240       ?start@TestA@@QEAAXXZ      000000014001f240 f   TestA.obj
 0002:0000e4a0       ?stop@TestA@@QEAAXXZ       000000014001f4a0 f   TestA.obj
 0002:0000e4e0       ?str@?$basic_ostringstream@DU?$char_traits@D@std@@V?$allocator@D@2@@std@@QEBA?AV?$basic_string@DU?$char_traits@D@std@@V?$allocator@D@2@@2@XZ 000000014001f4e0 f i TestA.obj
 0002:0000e570       ?str@?$basic_stringbuf@DU?$char_traits@D@std@@V?$allocator@D@2@@std@@QEBA?AV?$basic_string@DU?$char_traits@D@std@@V?$allocator@D@2@@2@XZ 000000014001f570 f i TestA.obj
 0002:0000e860       ?time_since_epoch@?$time_point@Usystem_clock@chrono@std@@V?$duration@_JU?$ratio@$00$0JIJGIA@@std@@@23@@chrono@std@@QEBA?AV?$duration@_JU?$ratio@$00$0JIJGIA@@std@@@23@XZ 000000014001f860 f i TestA.obj
 0002:0000e8d0       ?to_char_type@?$char_traits@D@std@@SADAEBH@Z 000000014001f8d0 f i TestA.obj
 0002:0000e920       ?to_int_type@?$char_traits@D@std@@SAHAEBD@Z 000000014001f920 f i TestA.obj
 0002:0000e970       ?underflow@?$basic_stringbuf@DU?$char_traits@D@std@@V?$allocator@D@2@@std@@MEAAHXZ 000000014001f970 f i TestA.obj
 0002:0000eb80       ?unlock@_Mutex_base@std@@QEAAXXZ 000000014001fb80 f i TestA.obj
 0002:0000ebe0       ?wait_until@condition_variable@std@@QEAA?AW4cv_status@2@AEAV?$unique_lock@Vmutex@std@@@2@PEBUxtime@@@Z 000000014001fbe0 f i TestA.obj
 0002:0000ecf0       ?zero@?$duration@_JU?$ratio@$00$00@std@@@chrono@std@@SA?AV123@XZ 000000014001fcf0 f i TestA.obj
 0002:0000ed60       ?zero@?$duration@_JU?$ratio@$00$0PECEA@@std@@@chrono@std@@SA?AV123@XZ 000000014001fd60 f i TestA.obj
 0002:0000edd0       ?zero@?$duration_values@_J@chrono@std@@SA_JXZ 000000014001fdd0 f i TestA.obj
 0002:0000ee10       ??$?0AEAPEAV?$tuple@V?$_Binder@U_Unforced@std@@P8TestB@@EAAXV?$basic_string@DU?$char_traits@D@std@@V?$allocator@D@2@@2@@ZQEAV3@AEBU?$_Ph@$00@2@@std@@V?$basic_string@DU?$char_traits@D@std@@V?$allocator@D@2@@2@@std@@@?$_Compressed_pair@U?$default_delete@V?$tuple@V?$_Binder@U_Unforced@std@@P8TestB@@EAAXV?$basic_string@DU?$char_traits@D@std@@V?$allocator@D@2@@2@@ZQEAV3@AEBU?$_Ph@$00@2@@std@@V?$basic_string@DU?$char_traits@D@std@@V?$allocator@D@2@@2@@std@@@std@@PEAV?$tuple@V?$_Binder@U_Unforced@std@@P8TestB@@EAAXV?$basic_string@DU?$char_traits@D@std@@V?$allocator@D@2@@2@@ZQEAV3@AEBU?$_Ph@$00@2@@std@@V?$basic_string@DU?$char_traits@D@std@@V?$allocator@D@2@@2@@2@$00@std@@QEAA@U_Zero_then_variadic_args_t@1@AEAPEAV?$tuple@V?$_Binder@U_Unforced@std@@P8TestB@@EAAXV?$basic_string@DU?$char_traits@D@std@@V?$allocator@D@2@@2@@ZQEAV3@AEBU?$_Ph@$00@2@@std@@V?$basic_string@DU?$char_traits@D@std@@V?$allocator@D@2@@2@@1@@Z 000000014001fe10 f i TestB.obj
 0002:0000ee90       ??$?0AEAV?$_Binder@U_Unforced@std@@P8TestB@@EAAXV?$basic_string@DU?$char_traits@D@std@@V?$allocator@D@2@@2@@ZQEAV3@AEBU?$_Ph@$00@2@@std@@@?$_Tuple_val@V?$_Binder@U_Unforced@std@@P8TestB@@EAAXV?$basic_string@DU?$char_traits@D@std@@V?$allocator@D@2@@2@@ZQEAV3@AEBU?$_Ph@$00@2@@std@@@std@@QEAA@AEAV?$_Binder@U_Unforced@std@@P8TestB@@EAAXV?$basic_string@DU?$char_traits@D@std@@V?$allocator@D@2@@2@@ZQEAV3@AEBU?$_Ph@$00@2@@1@@Z 000000014001fe90 f i TestB.obj
 0002:0000ef10       ??$?0AEAV?$_Binder@U_Unforced@std@@P8TestB@@EAAXV?$basic_string@DU?$char_traits@D@std@@V?$allocator@D@2@@2@@ZQEAV3@AEBU?$_Ph@$00@2@@std@@AEAV?$basic_string@DU?$char_traits@D@std@@V?$allocator@D@2@@1@$0A@@?$tuple@V?$_Binder@U_Unforced@std@@P8TestB@@EAAXV?$basic_string@DU?$char_traits@D@std@@V?$allocator@D@2@@2@@ZQEAV3@AEBU?$_Ph@$00@2@@std@@V?$basic_string@DU?$char_traits@D@std@@V?$allocator@D@2@@2@@std@@QEAA@AEAV?$_Binder@U_Unforced@std@@P8TestB@@EAAXV?$basic_string@DU?$char_traits@D@std@@V?$allocator@D@2@@2@@ZQEAV3@AEBU?$_Ph@$00@2@@1@AEAV?$basic_string@DU?$char_traits@D@std@@V?$allocator@D@2@@1@@Z 000000014001ff10 f i TestB.obj
 0002:0000efe0       ??$?0AEAV?$_Binder@U_Unforced@std@@P8TestB@@EAAXV?$basic_string@DU?$char_traits@D@std@@V?$allocator@D@2@@2@@ZQEAV3@AEBU?$_Ph@$00@2@@std@@AEAV?$basic_string@DU?$char_traits@D@std@@V?$allocator@D@2@@1@X@thread@std@@QEAA@AEAV?$_Binder@U_Unforced@std@@P8TestB@@EAAXV?$basic_string@DU?$char_traits@D@std@@V?$allocator@D@2@@2@@ZQEAV3@AEBU?$_Ph@$00@2@@1@AEAV?$basic_string@DU?$char_traits@D@std@@V?$allocator@D@2@@1@@Z 000000014001ffe0 f i TestB.obj
 0002:0000f0d0       ??$?0AEBU?$_Ph@$00@std@@@?$_Tuple_val@U?$_Ph@$00@std@@@std@@QEAA@AEBU?$_Ph@$00@1@@Z 00000001400200d0 f i TestB.obj
 0002:0000f130       ??$?0P8TestB@@EAAXV?$basic_string@DU?$char_traits@D@std@@V?$allocator@D@2@@std@@@ZQEAV0@AEBU?$_Ph@$00@2@@?$_Compressed_pair@P8TestB@@EAAXV?$basic_string@DU?$char_traits@D@std@@V?$allocator@D@2@@std@@@ZV?$tuple@PEAVTestB@@U?$_Ph@$00@std@@@3@$0A@@std@@QEAA@U_One_then_variadic_args_t@1@$$QEAP8TestB@@EAAXV?$basic_string@DU?$char_traits@D@std@@V?$allocator@D@2@@1@@Z$$QEBQEAV3@AEBU?$_Ph@$00@1@@Z 0000000140020130 f i TestB.obj
 0002:0000f200       ??$?0PEAV?$tuple@V?$_Binder@U_Unforced@std@@P8TestB@@EAAXV?$basic_string@DU?$char_traits@D@std@@V?$allocator@D@2@@2@@ZQEAV3@AEBU?$_Ph@$00@2@@std@@V?$basic_string@DU?$char_traits@D@std@@V?$allocator@D@2@@2@@std@@@?$_Unique_ptr_base@V?$tuple@V?$_Binder@U_Unforced@std@@P8TestB@@EAAXV?$basic_string@DU?$char_traits@D@std@@V?$allocator@D@2@@2@@ZQEAV3@AEBU?$_Ph@$00@2@@std@@V?$basic_string@DU?$char_traits@D@std@@V?$allocator@D@2@@2@@std@@U?$default_delete@V?$tuple@V?$_Binder@U_Unforced@std@@P8TestB@@EAAXV?$basic_string@DU?$char_traits@D@std@@V?$allocator@D@2@@2@@ZQEAV3@AEBU?$_Ph@$00@2@@std@@V?$basic_string@DU?$char_traits@D@std@@V?$allocator@D@2@@2@@std@@@2@@std@@QEAA@PEAV?$tuple@V?$_Binder@U_Unforced@std@@P8TestB@@EAAXV?$basic_string@DU?$char_traits@D@std@@V?$allocator@D@2@@2@@ZQEAV3@AEBU?$_Ph@$00@2@@std@@V?$basic_string@DU?$char_traits@D@std@@V?$allocator@D@2@@2@@1@@Z 0000000140020200 f i TestB.obj
 0002:0000f280       ??$?0PEAV?$tuple@V?$_Binder@U_Unforced@std@@P8TestB@@EAAXV?$basic_string@DU?$char_traits@D@std@@V?$allocator@D@2@@2@@ZQEAV3@AEBU?$_Ph@$00@2@@std@@V?$basic_string@DU?$char_traits@D@std@@V?$allocator@D@2@@2@@std@@U?$default_delete@V?$tuple@V?$_Binder@U_Unforced@std@@P8TestB@@EAAXV?$basic_string@DU?$char_traits@D@std@@V?$allocator@D@2@@2@@ZQEAV3@AEBU?$_Ph@$00@2@@std@@V?$basic_string@DU?$char_traits@D@std@@V?$allocator@D@2@@2@@std@@@1@@?$_Unique_ptr_base@V?$tuple@V?$_Binder@U_Unforced@std@@P8TestB@@EAAXV?$basic_string@DU?$char_traits@D@std@@V?$allocator@D@2@@2@@ZQEAV3@AEBU?$_Ph@$00@2@@std@@V?$basic_string@DU?$char_traits@D@std@@V?$allocator@D@2@@2@@std@@U?$default_delete@V?$tuple@V?$_Binder@U_Unforced@std@@P8TestB@@EAAXV?$basic_string@DU?$char_traits@D@std@@V?$allocator@D@2@@2@@ZQEAV3@AEBU?$_Ph@$00@2@@std@@V?$basic_string@DU?$char_traits@D@std@@V?$allocator@D@2@@2@@std@@@2@@std@@QEAA@PEAV?$tuple@V?$_Binder@U_Unforced@std@@P8TestB@@EAAXV?$basic_string@DU?$char_traits@D@std@@V?$allocator@D@2@@2@@ZQEAV3@AEBU?$_Ph@$00@2@@std@@V?$basic_string@DU?$char_traits@D@std@@V?$allocator@D@2@@2@@1@$$QEAU?$default_delete@V?$tuple@V?$_Binder@U_Unforced@std@@P8TestB@@EAAXV?$basic_string@DU?$char_traits@D@std@@V?$allocator@D@2@@2@@ZQEAV3@AEBU?$_Ph@$00@2@@std@@V?$basic_string@DU?$char_traits@D@std@@V?$allocator@D@2@@2@@std@@@1@@Z 0000000140020280 f i TestB.obj
 0002:0000f310       ??$?0QEAVTestB@@@?$_Tuple_val@PEAVTestB@@@std@@QEAA@$$QEBQEAVTestB@@@Z 0000000140020310 f i TestB.obj
 0002:0000f380       ??$?0QEAVTestB@@AEBU?$_Ph@$00@std@@$0A@@?$tuple@PEAVTestB@@U?$_Ph@$00@std@@@std@@QEAA@$$QEBQEAVTestB@@AEBU?$_Ph@$00@1@@Z 0000000140020380 f i TestB.obj
 0002:0000f440       ??$?0U?$default_delete@V?$tuple@V?$_Binder@U_Unforced@std@@P8TestB@@EAAXV?$basic_string@DU?$char_traits@D@std@@V?$allocator@D@2@@2@@ZQEAV3@AEBU?$_Ph@$00@2@@std@@V?$basic_string@DU?$char_traits@D@std@@V?$allocator@D@2@@2@@std@@@std@@AEAPEAV?$tuple@V?$_Binder@U_Unforced@std@@P8TestB@@EAAXV?$basic_string@DU?$char_traits@D@std@@V?$allocator@D@2@@2@@ZQEAV3@AEBU?$_Ph@$00@2@@std@@V?$basic_string@DU?$char_traits@D@std@@V?$allocator@D@2@@2@@1@@?$_Compressed_pair@U?$default_delete@V?$tuple@V?$_Binder@U_Unforced@std@@P8TestB@@EAAXV?$basic_string@DU?$char_traits@D@std@@V?$allocator@D@2@@2@@ZQEAV3@AEBU?$_Ph@$00@2@@std@@V?$basic_string@DU?$char_traits@D@std@@V?$allocator@D@2@@2@@std@@@std@@PEAV?$tuple@V?$_Binder@U_Unforced@std@@P8TestB@@EAAXV?$basic_string@DU?$char_traits@D@std@@V?$allocator@D@2@@2@@ZQEAV3@AEBU?$_Ph@$00@2@@std@@V?$basic_string@DU?$char_traits@D@std@@V?$allocator@D@2@@2@@2@$00@std@@QEAA@U_One_then_variadic_args_t@1@$$QEAU?$default_delete@V?$tuple@V?$_Binder@U_Unforced@std@@P8TestB@@EAAXV?$basic_string@DU?$char_traits@D@std@@V?$allocator@D@2@@2@@ZQEAV3@AEBU?$_Ph@$00@2@@std@@V?$basic_string@DU?$char_traits@D@std@@V?$allocator@D@2@@2@@std@@@1@AEAPEAV?$tuple@V?$_Binder@U_Unforced@std@@P8TestB@@EAAXV?$basic_string@DU?$char_traits@D@std@@V?$allocator@D@2@@2@@ZQEAV3@AEBU?$_Ph@$00@2@@std@@V?$basic_string@DU?$char_traits@D@std@@V?$allocator@D@2@@2@@1@@Z 0000000140020440 f i TestB.obj
 0002:0000f4d0       ??$?0U_Exact_args_t@std@@AEBU?$_Ph@$00@1@$$V$0A@@?$tuple@U?$_Ph@$00@std@@@std@@QEAA@U_Exact_args_t@1@AEBU?$_Ph@$00@1@@Z 00000001400204d0 f i TestB.obj
 0002:0000f580       ??$?0V?$basic_string@DU?$char_traits@D@std@@V?$allocator@D@2@@std@@$$V$0A@@?$tuple@$$QEAV?$basic_string@DU?$char_traits@D@std@@V?$allocator@D@2@@std@@@std@@QEAA@$$QEAV?$basic_string@DU?$char_traits@D@std@@V?$allocator@D@2@@1@@Z 0000000140020580 f i TestB.obj
 0002:0000f630       ??$?0V?$basic_string@DU?$char_traits@D@std@@V?$allocator@D@2@@std@@@?$_Tuple_val@$$QEAV?$basic_string@DU?$char_traits@D@std@@V?$allocator@D@2@@std@@@std@@QEAA@$$QEAV?$basic_string@DU?$char_traits@D@std@@V?$allocator@D@2@@1@@Z 0000000140020630 f i TestB.obj
 0002:0000f6a0       ??$?0V?$unique_ptr@V?$tuple@V?$_Binder@U_Unforced@std@@P8TestB@@EAAXV?$basic_string@DU?$char_traits@D@std@@V?$allocator@D@2@@2@@ZQEAV3@AEBU?$_Ph@$00@2@@std@@V?$basic_string@DU?$char_traits@D@std@@V?$allocator@D@2@@2@@std@@U?$default_delete@V?$tuple@V?$_Binder@U_Unforced@std@@P8TestB@@EAAXV?$basic_string@DU?$char_traits@D@std@@V?$allocator@D@2@@2@@ZQEAV3@AEBU?$_Ph@$00@2@@std@@V?$basic_string@DU?$char_traits@D@std@@V?$allocator@D@2@@2@@std@@@2@@std@@@?$_LaunchPad@V?$unique_ptr@V?$tuple@V?$_Binder@U_Unforced@std@@P8TestB@@EAAXV?$basic_string@DU?$char_traits@D@std@@V?$allocator@D@2@@2@@ZQEAV3@AEBU?$_Ph@$00@2@@std@@V?$basic_string@DU?$char_traits@D@std@@V?$allocator@D@2@@2@@std@@U?$default_delete@V?$tuple@V?$_Binder@U_Unforced@std@@P8TestB@@EAAXV?$basic_string@DU?$char_traits@D@std@@V?$allocator@D@2@@2@@ZQEAV3@AEBU?$_Ph@$00@2@@std@@V?$basic_string@DU?$char_traits@D@std@@V?$allocator@D@2@@2@@std@@@2@@std@@@std@@QEAA@$$QEAV?$unique_ptr@V?$tuple@V?$_Binder@U_Unforced@std@@P8TestB@@EAAXV?$basic_string@DU?$char_traits@D@std@@V?$allocator@D@2@@2@@ZQEAV3@AEBU?$_Ph@$00@2@@std@@V?$basic_string@DU?$char_traits@D@std@@V?$allocator@D@2@@2@@std@@U?$default_delete@V?$tuple@V?$_Binder@U_Unforced@std@@P8TestB@@EAAXV?$basic_string@DU?$char_traits@D@std@@V?$allocator@D@2@@2@@ZQEAV3@AEBU?$_Ph@$00@2@@std@@V?$basic_string@DU?$char_traits@D@std@@V?$allocator@D@2@@2@@std@@@2@@1@@Z 00000001400206a0 f i TestB.obj
 0002:0000f740       ??$?RV?$basic_string@DU?$char_traits@D@std@@V?$allocator@D@2@@std@@@?$_Binder@U_Unforced@std@@P8TestB@@EAAXV?$basic_string@DU?$char_traits@D@std@@V?$allocator@D@2@@2@@ZQEAV3@AEBU?$_Ph@$00@2@@std@@QEAAX$$QEAV?$basic_string@DU?$char_traits@D@std@@V?$allocator@D@2@@1@@Z 0000000140020740 f i TestB.obj
 0002:0000f810       ??$_Call@P8TestB@@EAAXV?$basic_string@DU?$char_traits@D@std@@V?$allocator@D@2@@std@@@ZAEAPEAV1@V23@@_Invoker_pmf_pointer@std@@SAXP8TestB@@EAAXV?$basic_string@DU?$char_traits@D@std@@V?$allocator@D@2@@1@@ZAEAPEAV2@$$QEAV31@@Z 0000000140020810 f i TestB.obj
 0002:0000f8c0       ??$_Call@V?$_Binder@U_Unforced@std@@P8TestB@@EAAXV?$basic_string@DU?$char_traits@D@std@@V?$allocator@D@2@@2@@ZQEAV3@AEBU?$_Ph@$00@2@@std@@V?$basic_string@DU?$char_traits@D@std@@V?$allocator@D@2@@2@@_Invoker_functor@std@@SAX$$QEAV?$_Binder@U_Unforced@std@@P8TestB@@EAAXV?$basic_string@DU?$char_traits@D@std@@V?$allocator@D@2@@2@@ZQEAV3@AEBU?$_Ph@$00@2@@1@$$QEAV?$basic_string@DU?$char_traits@D@std@@V?$allocator@D@2@@1@@Z 00000001400208c0 f i TestB.obj
 0002:0000f950       ??$_Call_binder@U_Unforced@std@@$0A@$00P8TestB@@EAAXV?$basic_string@DU?$char_traits@D@std@@V?$allocator@D@2@@2@@ZV?$tuple@PEAVTestB@@U?$_Ph@$00@std@@@2@V?$tuple@$$QEAV?$basic_string@DU?$char_traits@D@std@@V?$allocator@D@2@@std@@@2@@std@@YAXU?$_Forced@U_Unforced@std@@$0A@@0@U?$integer_sequence@_K$0A@$00@0@AEAP8TestB@@EAAXV?$basic_string@DU?$char_traits@D@std@@V?$allocator@D@2@@0@@ZAEAV?$tuple@PEAVTestB@@U?$_Ph@$00@std@@@0@$$QEAV?$tuple@$$QEAV?$basic_string@DU?$char_traits@D@std@@V?$allocator@D@2@@std@@@0@@Z 0000000140020950 f i TestB.obj
 0002:0000fa50       ??$_Execute@$0A@$00@?$_LaunchPad@V?$unique_ptr@V?$tuple@V?$_Binder@U_Unforced@std@@P8TestB@@EAAXV?$basic_string@DU?$char_traits@D@std@@V?$allocator@D@2@@2@@ZQEAV3@AEBU?$_Ph@$00@2@@std@@V?$basic_string@DU?$char_traits@D@std@@V?$allocator@D@2@@2@@std@@U?$default_delete@V?$tuple@V?$_Binder@U_Unforced@std@@P8TestB@@EAAXV?$basic_string@DU?$char_traits@D@std@@V?$allocator@D@2@@2@@ZQEAV3@AEBU?$_Ph@$00@2@@std@@V?$basic_string@DU?$char_traits@D@std@@V?$allocator@D@2@@2@@std@@@2@@std@@@std@@CAXAEAV?$tuple@V?$_Binder@U_Unforced@std@@P8TestB@@EAAXV?$basic_string@DU?$char_traits@D@std@@V?$allocator@D@2@@2@@ZQEAV3@AEBU?$_Ph@$00@2@@std@@V?$basic_string@DU?$char_traits@D@std@@V?$allocator@D@2@@2@@1@U?$integer_sequence@_K$0A@$00@1@@Z 0000000140020a50 f i TestB.obj
 0002:0000faf0       ??$_Fix@V?$tuple@$$QEAV?$basic_string@DU?$char_traits@D@std@@V?$allocator@D@2@@std@@@std@@@?$_Select_fixer@PEAVTestB@@$0A@$0A@$0A@@std@@SAAEAPEAVTestB@@AEAPEAV2@$$QEAV?$tuple@$$QEAV?$basic_string@DU?$char_traits@D@std@@V?$allocator@D@2@@std@@@1@@Z 0000000140020af0 f i TestB.obj
 0002:0000fb40       ??$_Fix@V?$tuple@$$QEAV?$basic_string@DU?$char_traits@D@std@@V?$allocator@D@2@@std@@@std@@@?$_Select_fixer@U?$_Ph@$00@std@@$0A@$0A@$00@std@@SA$$QEAV?$basic_string@DU?$char_traits@D@std@@V?$allocator@D@2@@1@AEAU?$_Ph@$00@1@$$QEAV?$tuple@$$QEAV?$basic_string@DU?$char_traits@D@std@@V?$allocator@D@2@@std@@@1@@Z 0000000140020b40 f i TestB.obj
 0002:0000fba0       ??$_Fix_arg@PEAVTestB@@V?$tuple@$$QEAV?$basic_string@DU?$char_traits@D@std@@V?$allocator@D@2@@std@@@std@@@std@@YAAEAPEAVTestB@@AEAPEAV1@$$QEAV?$tuple@$$QEAV?$basic_string@DU?$char_traits@D@std@@V?$allocator@D@2@@std@@@0@@Z 0000000140020ba0 f i TestB.obj
 0002:0000fc10       ??$_Fix_arg@U?$_Ph@$00@std@@V?$tuple@$$QEAV?$basic_string@DU?$char_traits@D@std@@V?$allocator@D@2@@std@@@2@@std@@YA$$QEAV?$basic_string@DU?$char_traits@D@std@@V?$allocator@D@2@@0@AEAU?$_Ph@$00@0@$$QEAV?$tuple@$$QEAV?$basic_string@DU?$char_traits@D@std@@V?$allocator@D@2@@std@@@0@@Z 0000000140020c10 f i TestB.obj
 0002:0000fc80       ??$_Invoke_ret@AEAP8TestB@@EAAXV?$basic_string@DU?$char_traits@D@std@@V?$allocator@D@2@@std@@@ZAEAPEAV1@V23@@std@@YAXU?$_Forced@U_Unforced@std@@$0A@@0@AEAP8TestB@@EAAXV?$basic_string@DU?$char_traits@D@std@@V?$allocator@D@2@@0@@ZAEAPEAV2@$$QEAV30@@Z 0000000140020c80 f i TestB.obj
 0002:0000fd40       ??$_Launch@V?$unique_ptr@V?$tuple@V?$_Binder@U_Unforced@std@@P8TestB@@EAAXV?$basic_string@DU?$char_traits@D@std@@V?$allocator@D@2@@2@@ZQEAV3@AEBU?$_Ph@$00@2@@std@@V?$basic_string@DU?$char_traits@D@std@@V?$allocator@D@2@@2@@std@@U?$default_delete@V?$tuple@V?$_Binder@U_Unforced@std@@P8TestB@@EAAXV?$basic_string@DU?$char_traits@D@std@@V?$allocator@D@2@@2@@ZQEAV3@AEBU?$_Ph@$00@2@@std@@V?$basic_string@DU?$char_traits@D@std@@V?$allocator@D@2@@2@@std@@@2@@std@@@std@@YAXPEAU_Thrd_imp_t@@$$QEAV?$unique_ptr@V?$tuple@V?$_Binder@U_Unforced@std@@P8TestB@@EAAXV?$basic_string@DU?$char_traits@D@std@@V?$allocator@D@2@@2@@ZQEAV3@AEBU?$_Ph@$00@2@@std@@V?$basic_string@DU?$char_traits@D@std@@V?$allocator@D@2@@2@@std@@U?$default_delete@V?$tuple@V?$_Binder@U_Unforced@std@@P8TestB@@EAAXV?$basic_string@DU?$char_traits@D@std@@V?$allocator@D@2@@2@@ZQEAV3@AEBU?$_Ph@$00@2@@std@@V?$basic_string@DU?$char_traits@D@std@@V?$allocator@D@2@@2@@std@@@2@@0@@Z 0000000140020d40 f i TestB.obj
 0002:0000fe30       ??$bind@P8TestB@@EAAXV?$basic_string@DU?$char_traits@D@std@@V?$allocator@D@2@@std@@@ZQEAV1@AEBU?$_Ph@$00@3@@std@@YA?AV?$_Binder@U_Unforced@std@@P8TestB@@EAAXV?$basic_string@DU?$char_traits@D@std@@V?$allocator@D@2@@2@@ZQEAV3@AEBU?$_Ph@$00@2@@0@$$QEAP8TestB@@EAAXV?$basic_string@DU?$char_traits@D@std@@V?$allocator@D@2@@0@@Z$$QEBQEAV2@AEBU?$_Ph@$00@0@@Z 0000000140020e30 f i TestB.obj
 0002:0000ff00       ??$forward@$$QEAV?$basic_string@DU?$char_traits@D@std@@V?$allocator@D@2@@std@@@std@@YA$$QEAV?$basic_string@DU?$char_traits@D@std@@V?$allocator@D@2@@0@AEAV10@@Z 0000000140020f00 f i TestB.obj
 0002:0000ff50       ??$forward@AEAP8TestB@@EAAXV?$basic_string@DU?$char_traits@D@std@@V?$allocator@D@2@@std@@@Z@std@@YAAEAP8TestB@@EAAXV?$basic_string@DU?$char_traits@D@std@@V?$allocator@D@2@@0@@ZAEAP81@EAAX0@Z@Z 0000000140020f50 f i TestB.obj
 0002:0000ffa0       ??$forward@AEAPEAV?$tuple@V?$_Binder@U_Unforced@std@@P8TestB@@EAAXV?$basic_string@DU?$char_traits@D@std@@V?$allocator@D@2@@2@@ZQEAV3@AEBU?$_Ph@$00@2@@std@@V?$basic_string@DU?$char_traits@D@std@@V?$allocator@D@2@@2@@std@@@std@@YAAEAPEAV?$tuple@V?$_Binder@U_Unforced@std@@P8TestB@@EAAXV?$basic_string@DU?$char_traits@D@std@@V?$allocator@D@2@@2@@ZQEAV3@AEBU?$_Ph@$00@2@@std@@V?$basic_string@DU?$char_traits@D@std@@V?$allocator@D@2@@2@@0@AEAPEAV10@@Z 0000000140020fa0 f i TestB.obj
 0002:0000fff0       ??$forward@AEAPEAVTestB@@@std@@YAAEAPEAVTestB@@AEAPEAV1@@Z 0000000140020ff0 f i TestB.obj
 0002:00010040       ??$forward@AEAV?$_Binder@U_Unforced@std@@P8TestB@@EAAXV?$basic_string@DU?$char_traits@D@std@@V?$allocator@D@2@@2@@ZQEAV3@AEBU?$_Ph@$00@2@@std@@@std@@YAAEAV?$_Binder@U_Unforced@std@@P8TestB@@EAAXV?$basic_string@DU?$char_traits@D@std@@V?$allocator@D@2@@2@@ZQEAV3@AEBU?$_Ph@$00@2@@0@AEAV10@@Z 0000000140021040 f i TestB.obj
 0002:00010090       ??$forward@AEBU?$_Ph@$00@std@@@std@@YAAEBU?$_Ph@$00@0@AEBU10@@Z 0000000140021090 f i TestB.obj
 0002:000100e0       ??$forward@P8TestB@@EAAXV?$basic_string@DU?$char_traits@D@std@@V?$allocator@D@2@@std@@@Z@std@@YA$$QEAP8TestB@@EAAXV?$basic_string@DU?$char_traits@D@std@@V?$allocator@D@2@@0@@ZAEAP81@EAAX0@Z@Z 00000001400210e0 f i TestB.obj
 0002:00010130       ??$forward@QEAVTestB@@@std@@YA$$QEBQEAVTestB@@AEBQEAV1@@Z 0000000140021130 f i TestB.obj
 0002:00010180       ??$forward@U?$default_delete@V?$tuple@V?$_Binder@U_Unforced@std@@P8TestB@@EAAXV?$basic_string@DU?$char_traits@D@std@@V?$allocator@D@2@@2@@ZQEAV3@AEBU?$_Ph@$00@2@@std@@V?$basic_string@DU?$char_traits@D@std@@V?$allocator@D@2@@2@@std@@@std@@@std@@YA$$QEAU?$default_delete@V?$tuple@V?$_Binder@U_Unforced@std@@P8TestB@@EAAXV?$basic_string@DU?$char_traits@D@std@@V?$allocator@D@2@@2@@ZQEAV3@AEBU?$_Ph@$00@2@@std@@V?$basic_string@DU?$char_traits@D@std@@V?$allocator@D@2@@2@@std@@@0@AEAU10@@Z 0000000140021180 f i TestB.obj
 0002:000101d0       ??$forward@V?$_Binder@U_Unforced@std@@P8TestB@@EAAXV?$basic_string@DU?$char_traits@D@std@@V?$allocator@D@2@@2@@ZQEAV3@AEBU?$_Ph@$00@2@@std@@@std@@YA$$QEAV?$_Binder@U_Unforced@std@@P8TestB@@EAAXV?$basic_string@DU?$char_traits@D@std@@V?$allocator@D@2@@2@@ZQEAV3@AEBU?$_Ph@$00@2@@0@AEAV10@@Z 00000001400211d0 f i TestB.obj
 0002:00010220       ??$forward@V?$unique_ptr@V?$tuple@V?$_Binder@U_Unforced@std@@P8TestB@@EAAXV?$basic_string@DU?$char_traits@D@std@@V?$allocator@D@2@@2@@ZQEAV3@AEBU?$_Ph@$00@2@@std@@V?$basic_string@DU?$char_traits@D@std@@V?$allocator@D@2@@2@@std@@U?$default_delete@V?$tuple@V?$_Binder@U_Unforced@std@@P8TestB@@EAAXV?$basic_string@DU?$char_traits@D@std@@V?$allocator@D@2@@2@@ZQEAV3@AEBU?$_Ph@$00@2@@std@@V?$basic_string@DU?$char_traits@D@std@@V?$allocator@D@2@@2@@std@@@2@@std@@@std@@YA$$QEAV?$unique_ptr@V?$tuple@V?$_Binder@U_Unforced@std@@P8TestB@@EAAXV?$basic_string@DU?$char_traits@D@std@@V?$allocator@D@2@@2@@ZQEAV3@AEBU?$_Ph@$00@2@@std@@V?$basic_string@DU?$char_traits@D@std@@V?$allocator@D@2@@2@@std@@U?$default_delete@V?$tuple@V?$_Binder@U_Unforced@std@@P8TestB@@EAAXV?$basic_string@DU?$char_traits@D@std@@V?$allocator@D@2@@2@@ZQEAV3@AEBU?$_Ph@$00@2@@std@@V?$basic_string@DU?$char_traits@D@std@@V?$allocator@D@2@@2@@std@@@2@@0@AEAV10@@Z 0000000140021220 f i TestB.obj
 0002:00010270       ??$forward_as_tuple@V?$basic_string@DU?$char_traits@D@std@@V?$allocator@D@2@@std@@@std@@YA?AV?$tuple@$$QEAV?$basic_string@DU?$char_traits@D@std@@V?$allocator@D@2@@std@@@0@$$QEAV?$basic_string@DU?$char_traits@D@std@@V?$allocator@D@2@@0@@Z 0000000140021270 f i TestB.obj
 0002:00010300       ??$get@$00PEAVTestB@@U?$_Ph@$00@std@@@std@@YAAEAU?$_Ph@$00@0@AEAV?$tuple@PEAVTestB@@U?$_Ph@$00@std@@@0@@Z 0000000140021300 f i TestB.obj
 0002:00010350       ??$get@$00V?$_Binder@U_Unforced@std@@P8TestB@@EAAXV?$basic_string@DU?$char_traits@D@std@@V?$allocator@D@2@@2@@ZQEAV3@AEBU?$_Ph@$00@2@@std@@V?$basic_string@DU?$char_traits@D@std@@V?$allocator@D@2@@2@@std@@YAAEAV?$basic_string@DU?$char_traits@D@std@@V?$allocator@D@2@@0@AEAV?$tuple@V?$_Binder@U_Unforced@std@@P8TestB@@EAAXV?$basic_string@DU?$char_traits@D@std@@V?$allocator@D@2@@2@@ZQEAV3@AEBU?$_Ph@$00@2@@std@@V?$basic_string@DU?$char_traits@D@std@@V?$allocator@D@2@@2@@0@@Z 0000000140021350 f i TestB.obj
 0002:000103a0       ??$get@$0A@$$QEAV?$basic_string@DU?$char_traits@D@std@@V?$allocator@D@2@@std@@@std@@YA$$QEAV?$basic_string@DU?$char_traits@D@std@@V?$allocator@D@2@@0@$$QEAV?$tuple@$$QEAV?$basic_string@DU?$char_traits@D@std@@V?$allocator@D@2@@std@@@0@@Z 00000001400213a0 f i TestB.obj
 0002:00010400       ??$get@$0A@PEAVTestB@@U?$_Ph@$00@std@@@std@@YAAEAPEAVTestB@@AEAV?$tuple@PEAVTestB@@U?$_Ph@$00@std@@@0@@Z 0000000140021400 f i TestB.obj
 0002:00010450       ??$get@$0A@V?$_Binder@U_Unforced@std@@P8TestB@@EAAXV?$basic_string@DU?$char_traits@D@std@@V?$allocator@D@2@@2@@ZQEAV3@AEBU?$_Ph@$00@2@@std@@V?$basic_string@DU?$char_traits@D@std@@V?$allocator@D@2@@2@@std@@YAAEAV?$_Binder@U_Unforced@std@@P8TestB@@EAAXV?$basic_string@DU?$char_traits@D@std@@V?$allocator@D@2@@2@@ZQEAV3@AEBU?$_Ph@$00@2@@0@AEAV?$tuple@V?$_Binder@U_Unforced@std@@P8TestB@@EAAXV?$basic_string@DU?$char_traits@D@std@@V?$allocator@D@2@@2@@ZQEAV3@AEBU?$_Ph@$00@2@@std@@V?$basic_string@DU?$char_traits@D@std@@V?$allocator@D@2@@2@@0@@Z 0000000140021450 f i TestB.obj
 0002:000104a0       ??$invoke@AEAP8TestB@@EAAXV?$basic_string@DU?$char_traits@D@std@@V?$allocator@D@2@@std@@@ZAEAPEAV1@V23@@std@@YAXAEAP8TestB@@EAAXV?$basic_string@DU?$char_traits@D@std@@V?$allocator@D@2@@0@@ZAEAPEAV1@$$QEAV20@@Z 00000001400214a0 f i TestB.obj
 0002:00010550       ??$invoke@V?$_Binder@U_Unforced@std@@P8TestB@@EAAXV?$basic_string@DU?$char_traits@D@std@@V?$allocator@D@2@@2@@ZQEAV3@AEBU?$_Ph@$00@2@@std@@V?$basic_string@DU?$char_traits@D@std@@V?$allocator@D@2@@2@@std@@YAX$$QEAV?$_Binder@U_Unforced@std@@P8TestB@@EAAXV?$basic_string@DU?$char_traits@D@std@@V?$allocator@D@2@@2@@ZQEAV3@AEBU?$_Ph@$00@2@@0@$$QEAV?$basic_string@DU?$char_traits@D@std@@V?$allocator@D@2@@0@@Z 0000000140021550 f i TestB.obj
[...]
 0004:00000240       ??_R0?AV?$basic_ostringstream@DU?$char_traits@D@std@@V?$allocator@D@2@@std@@@8 0000000140035240     TestA.obj
 0004:000002b0       ??_R0?AV?$basic_ostream@DU?$char_traits@D@std@@@std@@@8 00000001400352b0     TestA.obj
 0004:00000300       ??_R0?AV?$basic_ios@DU?$char_traits@D@std@@@std@@@8 0000000140035300     TestA.obj
 0004:00000350       ??_R0?AVios_base@std@@@8   0000000140035350     TestA.obj
 0004:00000380       ??_R0?AV?$_Iosb@H@std@@@8  0000000140035380     TestA.obj
 0004:000003b0       ??_R0?AV_Pad@std@@@8       00000001400353b0     TestA.obj
 0004:000003d8       ??_R0?AVTestA@@@8          00000001400353d8     TestA.obj
 0004:00000400       ??_R0?AV?$_LaunchPad@V?$unique_ptr@V?$tuple@P6AXPEAVTestA@@P81@EAAXV?$basic_string@DU?$char_traits@D@std@@V?$allocator@D@2@@std@@@Z1@ZPEAV1@P81@EAAX1@ZV23@@std@@U?$default_delete@V?$tuple@P6AXPEAVTestA@@P81@EAAXV?$basic_string@DU?$char_traits@D@std@@V?$allocator@D@2@@std@@@Z1@ZPEAV1@P81@EAAX1@ZV23@@std@@@2@@std@@@std@@@8 0000000140035400     TestA.obj
 0004:00000590       ??_R0?AVTestB@@@8          0000000140035590     TestB.obj
 0004:000005c0       ??_R0?AV?$_LaunchPad@V?$unique_ptr@V?$tuple@V?$_Binder@U_Unforced@std@@P8TestB@@EAAXV?$basic_string@DU?$char_traits@D@std@@V?$allocator@D@2@@2@@ZQEAV3@AEBU?$_Ph@$00@2@@std@@V?$basic_string@DU?$char_traits@D@std@@V?$allocator@D@2@@2@@std@@U?$default_delete@V?$tuple@V?$_Binder@U_Unforced@std@@P8TestB@@EAAXV?$basic_string@DU?$char_traits@D@std@@V?$allocator@D@2@@2@@ZQEAV3@AEBU?$_Ph@$00@2@@std@@V?$basic_string@DU?$char_traits@D@std@@V?$allocator@D@2@@2@@std@@@2@@std@@@std@@@8 00000001400355c0     TestB.obj
 0004:00000808       ??_R0?AVtype_info@@@8      0000000140035808     MSVCRTD:std_type_info_static.obj
 0004:00000830       ??_R0?AVbad_alloc@std@@@8  0000000140035830     MSVCRTD:throw_bad_alloc.obj
 0004:00000860       ??_R0?AVexception@std@@@8  0000000140035860     MSVCRTD:throw_bad_alloc.obj
 0004:00000890       ??_R0?AVbad_array_new_length@std@@@8 0000000140035890     MSVCRTD:throw_bad_alloc.obj
 0004:000009e8       ?_OptionsStorage@?1??__local_stdio_printf_options@@9@4_KA 00000001400359e8     MSVCRTD:_error_.obj
 0004:00001098       __scrt_current_native_startup_state 0000000140036098     MSVCRTD:utility.obj
 0004:000010a0       __scrt_native_startup_lock 00000001400360a0     MSVCRTD:utility.obj
 0004:000010f0       ?__type_info_root_node@@3U__type_info_node@@A 00000001400360f0     MSVCRTD:tncleanup.obj
 0004:00001108       ?_OptionsStorage@?1??__local_stdio_scanf_options@@9@4_KA 0000000140036108     MSVCRTD:default_local_stdio_options.obj
 0004:00001114       __scrt_debugger_hook_flag  0000000140036114     MSVCRTD:utility_desktop.obj
 0004:00001124       __favor                    0000000140036124     MSVCRTD:_cpu_disp_.obj
 0004:00001128       __dyn_tls_dtor_callback    0000000140036128     <common>
 0004:00001140       __dyn_tls_init_callback    0000000140036140     <common>
 0006:00000000       __imp_RaiseException       000000014003b000     kernel32:KERNEL32.dll
 0006:00000008       __imp_MultiByteToWideChar  000000014003b008     kernel32:KERNEL32.dll
 0006:00000010       __imp_WideCharToMultiByte  000000014003b010     kernel32:KERNEL32.dll
 0006:00000018       __imp_RtlCaptureContext    000000014003b018     kernel32:KERNEL32.dll
 0006:00000020       __imp_RtlLookupFunctionEntry 000000014003b020     kernel32:KERNEL32.dll
 0006:00000028       __imp_RtlVirtualUnwind     000000014003b028     kernel32:KERNEL32.dll
 0006:00000030       __imp_UnhandledExceptionFilter 000000014003b030     kernel32:KERNEL32.dll
 0006:00000038       __imp_SetUnhandledExceptionFilter 000000014003b038     kernel32:KERNEL32.dll
 0006:00000040       __imp_GetCurrentProcess    000000014003b040     kernel32:KERNEL32.dll
 0006:00000048       __imp_TerminateProcess     000000014003b048     kernel32:KERNEL32.dll
 0006:00000050       __imp_IsProcessorFeaturePresent 000000014003b050     kernel32:KERNEL32.dll
 0006:00000058       __imp_QueryPerformanceCounter 000000014003b058     kernel32:KERNEL32.dll
 0006:00000060       __imp_GetCurrentProcessId  000000014003b060     kernel32:KERNEL32.dll
 0006:00000068       __imp_GetCurrentThreadId   000000014003b068     kernel32:KERNEL32.dll
 0006:00000070       __imp_GetSystemTimeAsFileTime 000000014003b070     kernel32:KERNEL32.dll
 0006:00000078       __imp_InitializeSListHead  000000014003b078     kernel32:KERNEL32.dll
 0006:00000080       __imp_GetStartupInfoW      000000014003b080     kernel32:KERNEL32.dll
 0006:00000088       __imp_GetModuleHandleW     000000014003b088     kernel32:KERNEL32.dll
 0006:00000090       __imp_GetLastError         000000014003b090     kernel32:KERNEL32.dll
 0006:00000098       __imp_HeapAlloc            000000014003b098     kernel32:KERNEL32.dll
 0006:000000a0       __imp_HeapFree             000000014003b0a0     kernel32:KERNEL32.dll
 0006:000000a8       __imp_GetProcessHeap       000000014003b0a8     kernel32:KERNEL32.dll
 0006:000000b0       __imp_VirtualQuery         000000014003b0b0     kernel32:KERNEL32.dll
 0006:000000b8       __imp_FreeLibrary          000000014003b0b8     kernel32:KERNEL32.dll
 0006:000000c0       __imp_GetProcAddress       000000014003b0c0     kernel32:KERNEL32.dll
 0006:000000c8       __imp_IsDebuggerPresent    000000014003b0c8     kernel32:KERNEL32.dll
 0006:000000d0       \177KERNEL32_NULL_THUNK_DATA 000000014003b0d0     kernel32:KERNEL32.dll
 0006:00000150       __imp_?flags@ios_base@std@@QEBAHXZ 000000014003b150     msvcprtd:MSVCP140D.dll
 0006:00000158       __imp_?width@ios_base@std@@QEBA_JXZ 000000014003b158     msvcprtd:MSVCP140D.dll
 0006:00000160       __imp_?width@ios_base@std@@QEAA_J_J@Z 000000014003b160     msvcprtd:MSVCP140D.dll
 0006:00000168       __imp_??0?$basic_streambuf@DU?$char_traits@D@std@@@std@@IEAA@XZ 000000014003b168     msvcprtd:MSVCP140D.dll
 0006:00000170       __imp_??1?$basic_streambuf@DU?$char_traits@D@std@@@std@@UEAA@XZ 000000014003b170     msvcprtd:MSVCP140D.dll
 0006:00000178       __imp_?sputc@?$basic_streambuf@DU?$char_traits@D@std@@@std@@QEAAHD@Z 000000014003b178     msvcprtd:MSVCP140D.dll
 0006:00000180       __imp_?sputn@?$basic_streambuf@DU?$char_traits@D@std@@@std@@QEAA_JPEBD_J@Z 000000014003b180     msvcprtd:MSVCP140D.dll
 0006:00000188       __imp_?eback@?$basic_streambuf@DU?$char_traits@D@std@@@std@@IEBAPEADXZ 000000014003b188     msvcprtd:MSVCP140D.dll
 0006:00000190       __imp_?gptr@?$basic_streambuf@DU?$char_traits@D@std@@@std@@IEBAPEADXZ 000000014003b190     msvcprtd:MSVCP140D.dll
 0006:00000198       __imp_?pbase@?$basic_streambuf@DU?$char_traits@D@std@@@std@@IEBAPEADXZ 000000014003b198     msvcprtd:MSVCP140D.dll
 0006:000001a0       __imp_?pptr@?$basic_streambuf@DU?$char_traits@D@std@@@std@@IEBAPEADXZ 000000014003b1a0     msvcprtd:MSVCP140D.dll
 0006:000001a8       __imp_?egptr@?$basic_streambuf@DU?$char_traits@D@std@@@std@@IEBAPEADXZ 000000014003b1a8     msvcprtd:MSVCP140D.dll
 0006:000001b0       __imp_?gbump@?$basic_streambuf@DU?$char_traits@D@std@@@std@@IEAAXH@Z 000000014003b1b0     msvcprtd:MSVCP140D.dll
 0006:000001b8       __imp_?setg@?$basic_streambuf@DU?$char_traits@D@std@@@std@@IEAAXPEAD00@Z 000000014003b1b8     msvcprtd:MSVCP140D.dll
 0006:000001c0       __imp_?epptr@?$basic_streambuf@DU?$char_traits@D@std@@@std@@IEBAPEADXZ 000000014003b1c0     msvcprtd:MSVCP140D.dll
 0006:000001c8       __imp_?pbump@?$basic_streambuf@DU?$char_traits@D@std@@@std@@IEAAXH@Z 000000014003b1c8     msvcprtd:MSVCP140D.dll
 0006:000001d0       __imp_?setp@?$basic_streambuf@DU?$char_traits@D@std@@@std@@IEAAXPEAD0@Z 000000014003b1d0     msvcprtd:MSVCP140D.dll
 0006:000001d8       __imp_?setp@?$basic_streambuf@DU?$char_traits@D@std@@@std@@IEAAXPEAD00@Z 000000014003b1d8     msvcprtd:MSVCP140D.dll
 0006:000001e0       __imp_?_Pninc@?$basic_streambuf@DU?$char_traits@D@std@@@std@@IEAAPEADXZ 000000014003b1e0     msvcprtd:MSVCP140D.dll
 0006:000001e8       __imp_??1?$basic_ios@DU?$char_traits@D@std@@@std@@UEAA@XZ 000000014003b1e8     msvcprtd:MSVCP140D.dll
 0006:000001f0       __imp_?setstate@?$basic_ios@DU?$char_traits@D@std@@@std@@QEAAXH_N@Z 000000014003b1f0     msvcprtd:MSVCP140D.dll
 0006:000001f8       __imp_?tie@?$basic_ios@DU?$char_traits@D@std@@@std@@QEBAPEAV?$basic_ostream@DU?$char_traits@D@std@@@2@XZ 000000014003b1f8     msvcprtd:MSVCP140D.dll
 0006:00000200       __imp_?rdbuf@?$basic_ios@DU?$char_traits@D@std@@@std@@QEBAPEAV?$basic_streambuf@DU?$char_traits@D@std@@@2@XZ 000000014003b200     msvcprtd:MSVCP140D.dll
 0006:00000208       __imp_?good@ios_base@std@@QEBA_NXZ 000000014003b208     msvcprtd:MSVCP140D.dll
 0006:00000210       __imp_?widen@?$basic_ios@DU?$char_traits@D@std@@@std@@QEBADD@Z 000000014003b210     msvcprtd:MSVCP140D.dll
 0006:00000218       __imp_??0?$basic_ios@DU?$char_traits@D@std@@@std@@IEAA@XZ 000000014003b218     msvcprtd:MSVCP140D.dll
 0006:00000220       __imp_??0?$basic_ostream@DU?$char_traits@D@std@@@std@@QEAA@PEAV?$basic_streambuf@DU?$char_traits@D@std@@@1@_N@Z 000000014003b220     msvcprtd:MSVCP140D.dll
 0006:00000228       __imp_??1?$basic_ostream@DU?$char_traits@D@std@@@std@@UEAA@XZ 000000014003b228     msvcprtd:MSVCP140D.dll
 0006:00000230       __imp_?_Osfx@?$basic_ostream@DU?$char_traits@D@std@@@std@@QEAAXXZ 000000014003b230     msvcprtd:MSVCP140D.dll
 0006:00000238       __imp_??6?$basic_ostream@DU?$char_traits@D@std@@@std@@QEAAAEAV01@P6AAEAV01@AEAV01@@Z@Z 000000014003b238     msvcprtd:MSVCP140D.dll
 0006:00000240       __imp_??6?$basic_ostream@DU?$char_traits@D@std@@@std@@QEAAAEAV01@H@Z 000000014003b240     msvcprtd:MSVCP140D.dll
 0006:00000248       __imp_?put@?$basic_ostream@DU?$char_traits@D@std@@@std@@QEAAAEAV12@D@Z 000000014003b248     msvcprtd:MSVCP140D.dll
 0006:00000250       __imp_?flush@?$basic_ostream@DU?$char_traits@D@std@@@std@@QEAAAEAV12@XZ 000000014003b250     msvcprtd:MSVCP140D.dll
 0006:00000258       __imp_?_Lock@?$basic_streambuf@DU?$char_traits@D@std@@@std@@UEAAXXZ 000000014003b258     msvcprtd:MSVCP140D.dll
 0006:00000260       __imp_?_Unlock@?$basic_streambuf@DU?$char_traits@D@std@@@std@@UEAAXXZ 000000014003b260     msvcprtd:MSVCP140D.dll
 0006:00000268       __imp_?imbue@?$basic_streambuf@DU?$char_traits@D@std@@@std@@MEAAXAEBVlocale@2@@Z 000000014003b268     msvcprtd:MSVCP140D.dll
 0006:00000270       __imp_?setbuf@?$basic_streambuf@DU?$char_traits@D@std@@@std@@MEAAPEAV12@PEAD_J@Z 000000014003b270     msvcprtd:MSVCP140D.dll
 0006:00000278       __imp_?showmanyc@?$basic_streambuf@DU?$char_traits@D@std@@@std@@MEAA_JXZ 000000014003b278     msvcprtd:MSVCP140D.dll
 0006:00000280       __imp_?sync@?$basic_streambuf@DU?$char_traits@D@std@@@std@@MEAAHXZ 000000014003b280     msvcprtd:MSVCP140D.dll
 0006:00000288       __imp_?uflow@?$basic_streambuf@DU?$char_traits@D@std@@@std@@MEAAHXZ 000000014003b288     msvcprtd:MSVCP140D.dll
 0006:00000290       __imp_?xsgetn@?$basic_streambuf@DU?$char_traits@D@std@@@std@@MEAA_JPEAD_J@Z 000000014003b290     msvcprtd:MSVCP140D.dll
 0006:00000298       __imp_?xsputn@?$basic_streambuf@DU?$char_traits@D@std@@@std@@MEAA_JPEBD_J@Z 000000014003b298     msvcprtd:MSVCP140D.dll
 0006:000002a0       __imp_?_BADOFF@std@@3_JB   000000014003b2a0     msvcprtd:MSVCP140D.dll
 0006:000002a8       __imp_?cout@std@@3V?$basic_ostream@DU?$char_traits@D@std@@@1@A 000000014003b2a8     msvcprtd:MSVCP140D.dll
 0006:000002b0       __imp_?getline@?$basic_istream@DU?$char_traits@D@std@@@std@@QEAAAEAV12@PEAD_J@Z 000000014003b2b0     msvcprtd:MSVCP140D.dll
 0006:000002b8       __imp_?cin@std@@3V?$basic_istream@DU?$char_traits@D@std@@@1@A 000000014003b2b8     msvcprtd:MSVCP140D.dll
 0006:000002c0       __imp_?_Throw_Cpp_error@std@@YAXH@Z 000000014003b2c0     msvcprtd:MSVCP140D.dll
 0006:000002c8       __imp_?_Throw_C_error@std@@YAXH@Z 000000014003b2c8     msvcprtd:MSVCP140D.dll
 0006:000002d0       __imp_??0_Lockit@std@@QEAA@H@Z 000000014003b2d0     msvcprtd:MSVCP140D.dll
 0006:000002d8       __imp__Cnd_do_broadcast_at_thread_exit 000000014003b2d8     msvcprtd:MSVCP140D.dll
 0006:000002e0       __imp__Cnd_signal          000000014003b2e0     msvcprtd:MSVCP140D.dll
 0006:000002e8       __imp__Cnd_timedwait       000000014003b2e8     msvcprtd:MSVCP140D.dll
 0006:000002f0       __imp__Cnd_wait            000000014003b2f0     msvcprtd:MSVCP140D.dll
 0006:000002f8       __imp__Cnd_destroy_in_situ 000000014003b2f8     msvcprtd:MSVCP140D.dll
 0006:00000300       __imp__Cnd_init_in_situ    000000014003b300     msvcprtd:MSVCP140D.dll
 0006:00000308       __imp__Cnd_destroy         000000014003b308     msvcprtd:MSVCP140D.dll
 0006:00000310       __imp__Cnd_init            000000014003b310     msvcprtd:MSVCP140D.dll
 0006:00000318       __imp__Mtx_unlock          000000014003b318     msvcprtd:MSVCP140D.dll
 0006:00000320       __imp__Mtx_lock            000000014003b320     msvcprtd:MSVCP140D.dll
 0006:00000328       __imp__Mtx_current_owns    000000014003b328     msvcprtd:MSVCP140D.dll
 0006:00000330       __imp__Mtx_destroy_in_situ 000000014003b330     msvcprtd:MSVCP140D.dll
 0006:00000338       __imp__Mtx_init_in_situ    000000014003b338     msvcprtd:MSVCP140D.dll
 0006:00000340       __imp__Mtx_destroy         000000014003b340     msvcprtd:MSVCP140D.dll
 0006:00000348       __imp__Mtx_init            000000014003b348     msvcprtd:MSVCP140D.dll
 0006:00000350       __imp_?_Xout_of_range@std@@YAXPEBD@Z 000000014003b350     msvcprtd:MSVCP140D.dll
 0006:00000358       __imp_?_Xlength_error@std@@YAXPEBD@Z 000000014003b358     msvcprtd:MSVCP140D.dll
 0006:00000360       __imp_?_Xbad_alloc@std@@YAXXZ 000000014003b360     msvcprtd:MSVCP140D.dll
 0006:00000368       __imp_?_Debug_message@std@@YAXPEB_W0I@Z 000000014003b368     msvcprtd:MSVCP140D.dll
 0006:00000370       __imp_?uncaught_exception@std@@YA_NXZ 000000014003b370     msvcprtd:MSVCP140D.dll
 0006:00000378       __imp__Xtime_get_ticks     000000014003b378     msvcprtd:MSVCP140D.dll
 0006:00000380       __imp__Thrd_start          000000014003b380     msvcprtd:MSVCP140D.dll
 0006:00000388       __imp_??1_Lockit@std@@QEAA@XZ 000000014003b388     msvcprtd:MSVCP140D.dll
 0006:00000390       __imp_?fill@?$basic_ios@DU?$char_traits@D@std@@@std@@QEBADXZ 000000014003b390     msvcprtd:MSVCP140D.dll
 0006:00000398       \177MSVCP140D_NULL_THUNK_DATA 000000014003b398     msvcprtd:MSVCP140D.dll
 0006:00000460       __imp_memmove              000000014003b460     vcruntimed:VCRUNTIME140D.dll
 0006:00000468       __imp_memcpy               000000014003b468     vcruntimed:VCRUNTIME140D.dll
 0006:00000470       __imp__CxxThrowException   000000014003b470     vcruntimed:VCRUNTIME140D.dll
 0006:00000478       __imp___CxxFrameHandler3   000000014003b478     vcruntimed:VCRUNTIME140D.dll
 0006:00000480       __imp___C_specific_handler 000000014003b480     vcruntimed:VCRUNTIME140D.dll
 0006:00000488       __imp___std_exception_copy 000000014003b488     vcruntimed:VCRUNTIME140D.dll
 0006:00000490       __imp___std_exception_destroy 000000014003b490     vcruntimed:VCRUNTIME140D.dll
 0006:00000498       __imp___std_type_info_destroy_list 000000014003b498     vcruntimed:VCRUNTIME140D.dll
 0006:000004a0       __imp___vcrt_GetModuleFileNameW 000000014003b4a0     vcruntimed:VCRUNTIME140D.dll
 0006:000004a8       __imp___vcrt_GetModuleHandleW 000000014003b4a8     vcruntimed:VCRUNTIME140D.dll
 0006:000004b0       __imp___vcrt_LoadLibraryExW 000000014003b4b0     vcruntimed:VCRUNTIME140D.dll
 0006:000004b8       __imp__purecall            000000014003b4b8     vcruntimed:VCRUNTIME140D.dll
 0006:000004c0       \177VCRUNTIME140D_NULL_THUNK_DATA 000000014003b4c0     vcruntimed:VCRUNTIME140D.dll
 0006:00000528       __imp__seh_filter_dll      000000014003b528     ucrtd:ucrtbased.dll
 0006:00000530       __imp__initialize_onexit_table 000000014003b530     ucrtd:ucrtbased.dll
 0006:00000538       __imp__register_onexit_function 000000014003b538     ucrtd:ucrtbased.dll
 0006:00000540       __imp__execute_onexit_table 000000014003b540     ucrtd:ucrtbased.dll
 0006:00000548       __imp__crt_atexit          000000014003b548     ucrtd:ucrtbased.dll
 0006:00000550       __imp__crt_at_quick_exit   000000014003b550     ucrtd:ucrtbased.dll
 0006:00000558       __imp_terminate            000000014003b558     ucrtd:ucrtbased.dll
 0006:00000560       __imp__wmakepath_s         000000014003b560     ucrtd:ucrtbased.dll
 0006:00000568       __imp__wsplitpath_s        000000014003b568     ucrtd:ucrtbased.dll
 0006:00000570       __imp_wcscpy_s             000000014003b570     ucrtd:ucrtbased.dll
 0006:00000578       __imp__initterm            000000014003b578     ucrtd:ucrtbased.dll
 0006:00000580       __imp___stdio_common_vsprintf_s 000000014003b580     ucrtd:ucrtbased.dll
 0006:00000588       __imp__initialize_narrow_environment 000000014003b588     ucrtd:ucrtbased.dll
 0006:00000590       __imp__configure_narrow_argv 000000014003b590     ucrtd:ucrtbased.dll
 0006:00000598       __imp___setusermatherr     000000014003b598     ucrtd:ucrtbased.dll
 0006:000005a0       __imp__set_app_type        000000014003b5a0     ucrtd:ucrtbased.dll
 0006:000005a8       __imp__seh_filter_exe      000000014003b5a8     ucrtd:ucrtbased.dll
 0006:000005b0       __imp__CrtDbgReport        000000014003b5b0     ucrtd:ucrtbased.dll
 0006:000005b8       __imp__free_dbg            000000014003b5b8     ucrtd:ucrtbased.dll
 0006:000005c0       __imp_malloc               000000014003b5c0     ucrtd:ucrtbased.dll
 0006:000005c8       __imp__callnewh            000000014003b5c8     ucrtd:ucrtbased.dll
 0006:000005d0       __imp__CrtDbgReportW       000000014003b5d0     ucrtd:ucrtbased.dll
 0006:000005d8       __imp_strlen               000000014003b5d8     ucrtd:ucrtbased.dll
 0006:000005e0       __imp__invalid_parameter   000000014003b5e0     ucrtd:ucrtbased.dll
 0006:000005e8       __imp___p__commode         000000014003b5e8     ucrtd:ucrtbased.dll
 0006:000005f0       __imp__set_new_mode        000000014003b5f0     ucrtd:ucrtbased.dll
 0006:000005f8       __imp__configthreadlocale  000000014003b5f8     ucrtd:ucrtbased.dll
 0006:00000600       __imp__register_thread_local_exe_atexit_callback 000000014003b600     ucrtd:ucrtbased.dll
 0006:00000608       __imp__c_exit              000000014003b608     ucrtd:ucrtbased.dll
 0006:00000610       __imp__cexit               000000014003b610     ucrtd:ucrtbased.dll
 0006:00000618       __imp___p___argv           000000014003b618     ucrtd:ucrtbased.dll
 0006:00000620       __imp___p___argc           000000014003b620     ucrtd:ucrtbased.dll
 0006:00000628       __imp__set_fmode           000000014003b628     ucrtd:ucrtbased.dll
 0006:00000630       __imp__exit                000000014003b630     ucrtd:ucrtbased.dll
 0006:00000638       __imp_exit                 000000014003b638     ucrtd:ucrtbased.dll
 0006:00000640       __imp__get_initial_narrow_environment 000000014003b640     ucrtd:ucrtbased.dll
 0006:00000648       __imp__initterm_e          000000014003b648     ucrtd:ucrtbased.dll
 0006:00000650       __imp_system               000000014003b650     ucrtd:ucrtbased.dll
 0006:00000658       \177ucrtbased_NULL_THUNK_DATA 000000014003b658     ucrtd:ucrtbased.dll
 0006:000006e0       __IMPORT_DESCRIPTOR_MSVCP140D 000000014003b6e0     msvcprtd:MSVCP140D.dll
 0006:000006f4       __IMPORT_DESCRIPTOR_VCRUNTIME140D 000000014003b6f4     vcruntimed:VCRUNTIME140D.dll
 0006:00000708       __IMPORT_DESCRIPTOR_ucrtbased 000000014003b708     ucrtd:ucrtbased.dll
 0006:0000071c       __IMPORT_DESCRIPTOR_KERNEL32 000000014003b71c     kernel32:KERNEL32.dll
 0006:00000730       __NULL_IMPORT_DESCRIPTOR   000000014003b730     msvcprtd:MSVCP140D.dll
 0008:00000000       __guard_check_icall_fptr   000000014003f000     MSVCRTD:guard_support.obj
 0008:00000010       __guard_dispatch_icall_fptr 000000014003f010     MSVCRTD:guard_support.obj
