 Thread

 Timestamp is 57e6bf68 (Sat Sep 24 13:01:12 2016)

 Preferred load address is 0000000140000000

 Start         Length     Name                   Class
 0001:00000000 00010000H .textbss                DATA
 0002:00000000 00013f80H .text$mn                CODE
 0002:00013f80 00001020H .text$mn$00             CODE
 0002:00014fa0 00001af6H .text$x                 CODE
 0003:00000000 00000110H .CRT$XCA                DATA
 0003:00000110 00000110H .CRT$XCAA               DATA
 0003:00000220 00000110H .CRT$XCZ                DATA
 0003:00000330 00000110H .CRT$XIA                DATA
 0003:00000440 00000110H .CRT$XIAA               DATA
 0003:00000550 00000110H .CRT$XIAC               DATA
 0003:00000660 00000110H .CRT$XIZ                DATA
 0003:00000770 00000110H .CRT$XPA                DATA
 0003:00000880 00000110H .CRT$XPZ                DATA
 0003:00000990 00000110H .CRT$XTA                DATA
 0003:00000aa0 00000110H .CRT$XTZ                DATA
 0003:00000bb0 00002d18H .rdata                  DATA
 0003:000038c8 00000900H .rdata$r                DATA
 0003:000041c8 00000170H .rdata$zzzdbg           DATA
 0003:00004338 00000110H .rtc$IAA                DATA
 0003:00004448 00000120H .rtc$IMZ                DATA
 0003:00004568 00000110H .rtc$IZZ                DATA
 0003:00004678 00000110H .rtc$TAA                DATA
 0003:00004788 00000120H .rtc$TMZ                DATA
 0003:000048a8 00000118H .rtc$TZZ                DATA
 0003:000049c0 00002de8H .xdata                  DATA
 0003:000077a8 0000020aH .xdata$x                DATA
 0003:000079b2 00000000H .edata                  DATA
 0004:00000000 00000170H .data                   DATA
 0004:00000170 00000600H .data$r                 DATA
 0004:00000770 00000771H .bss                    DATA
 0005:00000000 00003384H .pdata                  DATA
 0006:00000000 000006e0H .idata$5                DATA
 0006:000006e0 00000050H .idata$2                DATA
 0006:00000730 00000018H .idata$3                DATA
 0006:00000748 000006e0H .idata$4                DATA
 0006:00000e28 00001732H .idata$6                DATA
 0007:00000000 00000162H .gfids$y                DATA
 0008:00000000 0000011bH .00cfg                  DATA
 0009:00000000 00000170H .rsrc$01                DATA
 0009:00000170 000002ccH .rsrc$02                DATA

  Address         Publics by Value              Rva+Base               Lib:Object

 0000:00000000       ___safe_se_handler_count   0000000000000000     <absolute>
 0000:00000000       __guard_fids_count         0000000000000000     <absolute>
 0000:00000000       __guard_fids_table         0000000000000000     <absolute>
 0000:00000000       ___safe_se_handler_table   0000000000000000     <absolute>
 0000:00000000       __dynamic_value_reloc_table 0000000000000000     <absolute>
 0000:00000000       __guard_iat_count          0000000000000000     <absolute>
 0000:00000000       __guard_iat_table          0000000000000000     <absolute>
 0000:00000000       __guard_longjmp_table      0000000000000000     <absolute>
 0000:00000000       __guard_longjmp_count      0000000000000000     <absolute>
 0000:00000100       __guard_flags              0000000000000100     <absolute>
 0000:00000000       __ImageBase                0000000140000000     <linker-defined>
 0001:00000000       __enc$textbss$begin        0000000140001000     <linker-defined>
 0001:00010000       __enc$textbss$end          0000000140011000     <linker-defined>
 0002:00001660       ??$?0$$V@?$_Compressed_pair@U?$_Wrap_alloc@V?$allocator@D@std@@@std@@V?$_String_val@U?$_Simple_types@D@std@@@2@$00@std@@QEAA@U_Zero_then_variadic_args_t@1@@Z 0000000140012660 f i Test.obj
 0002:000016d0       ??$?0A6AXPEAVTest@@P80@EAAXV?$basic_string@DU?$char_traits@D@std@@V?$allocator@D@2@@std@@@Z1@Z@?$_Tuple_val@P6AXPEAVTest@@P81@EAAXV?$basic_string@DU?$char_traits@D@std@@V?$allocator@D@2@@std@@@Z1@Z@std@@QEAA@A6AXPEAVTest@@P82@EAAXV?$basic_string@DU?$char_traits@D@std@@V?$allocator@D@2@@1@@Z1@Z@Z 00000001400126d0 f i Test.obj
 0002:00001740       ??$?0A6AXPEAVTest@@P80@EAAXV?$basic_string@DU?$char_traits@D@std@@V?$allocator@D@2@@std@@@Z1@ZQEAV0@AEAP80@EAAX1@ZAEAV12@$0A@@?$tuple@P6AXPEAVTest@@P81@EAAXV?$basic_string@DU?$char_traits@D@std@@V?$allocator@D@2@@std@@@Z1@ZPEAV1@P81@EAAX1@ZV23@@std@@QEAA@A6AXPEAVTest@@P82@EAAXV?$basic_string@DU?$char_traits@D@std@@V?$allocator@D@2@@1@@Z1@Z$$QEBQEAV2@AEAP82@EAAX1@ZAEAV31@@Z 0000000140012740 f i Test.obj
 0002:00001860       ??$?0A6AXPEAVTest@@P80@EAAXV?$basic_string@DU?$char_traits@D@std@@V?$allocator@D@2@@std@@@Z1@ZQEAV0@AEAP80@EAAX1@ZAEAV12@X@thread@std@@QEAA@A6AXPEAVTest@@P82@EAAXV?$basic_string@DU?$char_traits@D@std@@V?$allocator@D@2@@1@@Z1@Z$$QEBQEAV2@AEAP82@EAAX1@ZAEAV31@@Z 0000000140012860 f i Test.obj
 0002:000019b0       ??$?0AEAP8Test@@EAAXV?$basic_string@DU?$char_traits@D@std@@V?$allocator@D@2@@std@@@Z@?$_Tuple_val@P8Test@@EAAXV?$basic_string@DU?$char_traits@D@std@@V?$allocator@D@2@@std@@@Z@std@@QEAA@AEAP8Test@@EAAXV?$basic_string@DU?$char_traits@D@std@@V?$allocator@D@2@@1@@Z@Z 00000001400129b0 f i Test.obj
 0002:00001a20       ??$?0AEAPEAV?$tuple@P6AXPEAVTest@@P81@EAAXV?$basic_string@DU?$char_traits@D@std@@V?$allocator@D@2@@std@@@Z1@ZPEAV1@P81@EAAX1@ZV23@@std@@@?$_Compressed_pair@U?$default_delete@V?$tuple@P6AXPEAVTest@@P81@EAAXV?$basic_string@DU?$char_traits@D@std@@V?$allocator@D@2@@std@@@Z1@ZPEAV1@P81@EAAX1@ZV23@@std@@@std@@PEAV?$tuple@P6AXPEAVTest@@P81@EAAXV?$basic_string@DU?$char_traits@D@std@@V?$allocator@D@2@@std@@@Z1@ZPEAV1@P81@EAAX1@ZV23@@2@$00@std@@QEAA@U_Zero_then_variadic_args_t@1@AEAPEAV?$tuple@P6AXPEAVTest@@P81@EAAXV?$basic_string@DU?$char_traits@D@std@@V?$allocator@D@2@@std@@@Z1@ZPEAV1@P81@EAAX1@ZV23@@1@@Z 0000000140012a20 f i Test.obj
 0002:00001aa0       ??$?0AEAU?$_Wrap_alloc@V?$allocator@D@std@@@std@@@?$_Wrap_alloc@V?$allocator@U_Container_proxy@std@@@std@@@std@@QEAA@AEAU?$_Wrap_alloc@V?$allocator@D@std@@@1@@Z 0000000140012aa0 f i Test.obj
 0002:00001b20       ??$?0AEAV?$basic_string@DU?$char_traits@D@std@@V?$allocator@D@2@@std@@@?$_Tuple_val@V?$basic_string@DU?$char_traits@D@std@@V?$allocator@D@2@@std@@@std@@QEAA@AEAV?$basic_string@DU?$char_traits@D@std@@V?$allocator@D@2@@1@@Z 0000000140012b20 f i Test.obj
 0002:00001ba0       ??$?0D@?$allocator@U_Container_proxy@std@@@std@@QEAA@AEBV?$allocator@D@1@@Z 0000000140012ba0 f i Test.obj
 0002:00001bf0       ??$?0HX@?$duration@_JU?$ratio@$00$00@std@@@chrono@std@@QEAA@AEBH@Z 0000000140012bf0 f i Test.obj
 0002:00001c60       ??$?0HX@?$duration@_JU?$ratio@$00$0PECEA@@std@@@chrono@std@@QEAA@AEBH@Z 0000000140012c60 f i Test.obj
 0002:00001cd0       ??$?0PEAV?$tuple@P6AXPEAVTest@@P81@EAAXV?$basic_string@DU?$char_traits@D@std@@V?$allocator@D@2@@std@@@Z1@ZPEAV1@P81@EAAX1@ZV23@@std@@@?$_Unique_ptr_base@V?$tuple@P6AXPEAVTest@@P81@EAAXV?$basic_string@DU?$char_traits@D@std@@V?$allocator@D@2@@std@@@Z1@ZPEAV1@P81@EAAX1@ZV23@@std@@U?$default_delete@V?$tuple@P6AXPEAVTest@@P81@EAAXV?$basic_string@DU?$char_traits@D@std@@V?$allocator@D@2@@std@@@Z1@ZPEAV1@P81@EAAX1@ZV23@@std@@@2@@std@@QEAA@PEAV?$tuple@P6AXPEAVTest@@P81@EAAXV?$basic_string@DU?$char_traits@D@std@@V?$allocator@D@2@@std@@@Z1@ZPEAV1@P81@EAAX1@ZV23@@1@@Z 0000000140012cd0 f i Test.obj
 0002:00001d50       ??$?0PEAV?$tuple@P6AXPEAVTest@@P81@EAAXV?$basic_string@DU?$char_traits@D@std@@V?$allocator@D@2@@std@@@Z1@ZPEAV1@P81@EAAX1@ZV23@@std@@U?$default_delete@V?$tuple@P6AXPEAVTest@@P81@EAAXV?$basic_string@DU?$char_traits@D@std@@V?$allocator@D@2@@std@@@Z1@ZPEAV1@P81@EAAX1@ZV23@@std@@@1@@?$_Unique_ptr_base@V?$tuple@P6AXPEAVTest@@P81@EAAXV?$basic_string@DU?$char_traits@D@std@@V?$allocator@D@2@@std@@@Z1@ZPEAV1@P81@EAAX1@ZV23@@std@@U?$default_delete@V?$tuple@P6AXPEAVTest@@P81@EAAXV?$basic_string@DU?$char_traits@D@std@@V?$allocator@D@2@@std@@@Z1@ZPEAV1@P81@EAAX1@ZV23@@std@@@2@@std@@QEAA@PEAV?$tuple@P6AXPEAVTest@@P81@EAAXV?$basic_string@DU?$char_traits@D@std@@V?$allocator@D@2@@std@@@Z1@ZPEAV1@P81@EAAX1@ZV23@@1@$$QEAU?$default_delete@V?$tuple@P6AXPEAVTest@@P81@EAAXV?$basic_string@DU?$char_traits@D@std@@V?$allocator@D@2@@std@@@Z1@ZPEAV1@P81@EAAX1@ZV23@@std@@@1@@Z 0000000140012d50 f i Test.obj
 0002:00001de0       ??$?0QEAVTest@@@?$_Tuple_val@PEAVTest@@@std@@QEAA@$$QEBQEAVTest@@@Z 0000000140012de0 f i Test.obj
 0002:00001e50       ??$?0U?$_Wrap_alloc@V?$allocator@D@std@@@std@@$$V@?$_Compressed_pair@U?$_Wrap_alloc@V?$allocator@D@std@@@std@@V?$_String_val@U?$_Simple_types@D@std@@@2@$00@std@@QEAA@U_One_then_variadic_args_t@1@$$QEAU?$_Wrap_alloc@V?$allocator@D@std@@@1@@Z 0000000140012e50 f i Test.obj
 0002:00001ee0       ??$?0U?$_Wrap_alloc@V?$allocator@D@std@@@std@@X@?$_String_alloc@U?$_String_base_types@DV?$allocator@D@std@@@std@@@std@@QEAA@$$QEAU?$_Wrap_alloc@V?$allocator@D@std@@@1@@Z 0000000140012ee0 f i Test.obj
 0002:00001f80       ??$?0U?$default_delete@V?$tuple@P6AXPEAVTest@@P81@EAAXV?$basic_string@DU?$char_traits@D@std@@V?$allocator@D@2@@std@@@Z1@ZPEAV1@P81@EAAX1@ZV23@@std@@@std@@AEAPEAV?$tuple@P6AXPEAVTest@@P81@EAAXV?$basic_string@DU?$char_traits@D@std@@V?$allocator@D@2@@std@@@Z1@ZPEAV1@P81@EAAX1@ZV23@@1@@?$_Compressed_pair@U?$default_delete@V?$tuple@P6AXPEAVTest@@P81@EAAXV?$basic_string@DU?$char_traits@D@std@@V?$allocator@D@2@@std@@@Z1@ZPEAV1@P81@EAAX1@ZV23@@std@@@std@@PEAV?$tuple@P6AXPEAVTest@@P81@EAAXV?$basic_string@DU?$char_traits@D@std@@V?$allocator@D@2@@std@@@Z1@ZPEAV1@P81@EAAX1@ZV23@@2@$00@std@@QEAA@U_One_then_variadic_args_t@1@$$QEAU?$default_delete@V?$tuple@P6AXPEAVTest@@P81@EAAXV?$basic_string@DU?$char_traits@D@std@@V?$allocator@D@2@@std@@@Z1@ZPEAV1@P81@EAAX1@ZV23@@std@@@1@AEAPEAV?$tuple@P6AXPEAVTest@@P81@EAAXV?$basic_string@DU?$char_traits@D@std@@V?$allocator@D@2@@std@@@Z1@ZPEAV1@P81@EAAX1@ZV23@@1@@Z 0000000140012f80 f i Test.obj
 0002:00002010       ??$?0U_Exact_args_t@std@@$0A@@?$tuple@$$V@std@@QEAA@U_Exact_args_t@1@@Z 0000000140013010 f i Test.obj
 0002:00002060       ??$?0U_Exact_args_t@std@@AEAP8Test@@EAAXV?$basic_string@DU?$char_traits@D@std@@V?$allocator@D@2@@1@@ZAEAV31@$0A@@?$tuple@P8Test@@EAAXV?$basic_string@DU?$char_traits@D@std@@V?$allocator@D@2@@std@@@ZV23@@std@@QEAA@U_Exact_args_t@1@AEAP8Test@@EAAXV?$basic_string@DU?$char_traits@D@std@@V?$allocator@D@2@@1@@ZAEAV41@@Z 0000000140013060 f i Test.obj
 0002:00002140       ??$?0U_Exact_args_t@std@@AEAV?$basic_string@DU?$char_traits@D@std@@V?$allocator@D@2@@1@$$V$0A@@?$tuple@V?$basic_string@DU?$char_traits@D@std@@V?$allocator@D@2@@std@@@std@@QEAA@U_Exact_args_t@1@AEAV?$basic_string@DU?$char_traits@D@std@@V?$allocator@D@2@@1@@Z 0000000140013140 f i Test.obj
 0002:000021f0       ??$?0U_Exact_args_t@std@@QEAVTest@@AEAP82@EAAXV?$basic_string@DU?$char_traits@D@std@@V?$allocator@D@2@@1@@ZAEAV31@$0A@@?$tuple@PEAVTest@@P81@EAAXV?$basic_string@DU?$char_traits@D@std@@V?$allocator@D@2@@std@@@ZV23@@std@@QEAA@U_Exact_args_t@1@$$QEBQEAVTest@@AEAP83@EAAXV?$basic_string@DU?$char_traits@D@std@@V?$allocator@D@2@@1@@ZAEAV41@@Z 00000001400131f0 f i Test.obj
 0002:000022f0       ??$?0V?$allocator@D@std@@@?$_Wrap_alloc@V?$allocator@D@std@@@std@@QEAA@$$QEAV?$allocator@D@1@@Z 00000001400132f0 f i Test.obj
 0002:00002370       ??$?0V?$unique_ptr@V?$tuple@P6AXPEAVTest@@P81@EAAXV?$basic_string@DU?$char_traits@D@std@@V?$allocator@D@2@@std@@@Z1@ZPEAV1@P81@EAAX1@ZV23@@std@@U?$default_delete@V?$tuple@P6AXPEAVTest@@P81@EAAXV?$basic_string@DU?$char_traits@D@std@@V?$allocator@D@2@@std@@@Z1@ZPEAV1@P81@EAAX1@ZV23@@std@@@2@@std@@@?$_LaunchPad@V?$unique_ptr@V?$tuple@P6AXPEAVTest@@P81@EAAXV?$basic_string@DU?$char_traits@D@std@@V?$allocator@D@2@@std@@@Z1@ZPEAV1@P81@EAAX1@ZV23@@std@@U?$default_delete@V?$tuple@P6AXPEAVTest@@P81@EAAXV?$basic_string@DU?$char_traits@D@std@@V?$allocator@D@2@@std@@@Z1@ZPEAV1@P81@EAAX1@ZV23@@std@@@2@@std@@@std@@QEAA@$$QEAV?$unique_ptr@V?$tuple@P6AXPEAVTest@@P81@EAAXV?$basic_string@DU?$char_traits@D@std@@V?$allocator@D@2@@std@@@Z1@ZPEAV1@P81@EAAX1@ZV23@@std@@U?$default_delete@V?$tuple@P6AXPEAVTest@@P81@EAAXV?$basic_string@DU?$char_traits@D@std@@V?$allocator@D@2@@std@@@Z1@ZPEAV1@P81@EAAX1@ZV23@@std@@@2@@1@@Z 0000000140013370 f i Test.obj
 0002:00002410       ??$?0_JU?$ratio@$00$00@std@@X@?$duration@_JU?$ratio@$00$0DLJKMKAA@@std@@@chrono@std@@QEAA@AEBV?$duration@_JU?$ratio@$00$00@std@@@12@@Z 0000000140013410 f i Test.obj
 0002:00002490       ??$?0_JU?$ratio@$00$0JIJGIA@@std@@X@?$duration@_JU?$ratio@$00$0DLJKMKAA@@std@@@chrono@std@@QEAA@AEBV?$duration@_JU?$ratio@$00$0JIJGIA@@std@@@12@@Z 0000000140013490 f i Test.obj
 0002:00002510       ??$?0_JX@?$duration@_JU?$ratio@$00$00@std@@@chrono@std@@QEAA@AEB_J@Z 0000000140013510 f i Test.obj
 0002:00002580       ??$?0_JX@?$duration@_JU?$ratio@$00$0DLJKMKAA@@std@@@chrono@std@@QEAA@AEB_J@Z 0000000140013580 f i Test.obj
 0002:000025f0       ??$?0_JX@?$duration@_JU?$ratio@$00$0JIJGIA@@std@@@chrono@std@@QEAA@AEB_J@Z 00000001400135f0 f i Test.obj
 0002:00002660       ??$?0_JX@?$duration@_JU?$ratio@$00$0PECEA@@std@@@chrono@std@@QEAA@AEB_J@Z 0000000140013660 f i Test.obj
 0002:000026d0       ??$?6DU?$char_traits@D@std@@V?$allocator@D@1@@std@@YAAEAV?$basic_ostream@DU?$char_traits@D@std@@@0@AEAV10@AEBV?$basic_string@DU?$char_traits@D@std@@V?$allocator@D@2@@0@@Z 00000001400136d0 f i Test.obj
 0002:00002be0       ??$?6U?$char_traits@D@std@@@std@@YAAEAV?$basic_ostream@DU?$char_traits@D@std@@@0@AEAV10@PEBD@Z 0000000140013be0 f i Test.obj
 0002:000030f0       ??$?M_JU?$ratio@$00$00@std@@_JU01@@chrono@std@@YA_NAEBV?$duration@_JU?$ratio@$00$00@std@@@01@0@Z 00000001400140f0 f i Test.obj
 0002:000031c0       ??$?M_JU?$ratio@$00$0PECEA@@std@@_JU01@@chrono@std@@YA_NAEBV?$duration@_JU?$ratio@$00$0PECEA@@std@@@01@0@Z 00000001400141c0 f i Test.obj
 0002:00003290       ??$?N_JU?$ratio@$00$00@std@@_JU01@@chrono@std@@YA_NAEBV?$duration@_JU?$ratio@$00$00@std@@@01@0@Z 0000000140014290 f i Test.obj
 0002:00003320       ??$?N_JU?$ratio@$00$0PECEA@@std@@_JU01@@chrono@std@@YA_NAEBV?$duration@_JU?$ratio@$00$0PECEA@@std@@@01@0@Z 0000000140014320 f i Test.obj
 0002:000033b0       ??$_Call@P6AXPEAVTest@@P81@EAAXV?$basic_string@DU?$char_traits@D@std@@V?$allocator@D@2@@std@@@Z1@ZPEAV1@P81@EAAX1@ZV23@@_Invoker_functor@std@@SAX$$QEAP6AXPEAVTest@@P82@EAAXV?$basic_string@DU?$char_traits@D@std@@V?$allocator@D@2@@1@@Z1@Z$$QEAPEAV2@$$QEAP82@EAAX1@Z$$QEAV31@@Z 00000001400143b0 f i Test.obj
 0002:000034b0       ??$_Debug_pointer@$$CBD@std@@YAXPEBDPEB_WI@Z 00000001400144b0 f i Test.obj
 0002:00003530       ??$_Debug_pointer_if@$$CBD@std@@YAX_NPEBDPEB_WI@Z 0000000140014530 f i Test.obj
 0002:000035c0       ??$_Execute@$0A@$00$01$02@?$_LaunchPad@V?$unique_ptr@V?$tuple@P6AXPEAVTest@@P81@EAAXV?$basic_string@DU?$char_traits@D@std@@V?$allocator@D@2@@std@@@Z1@ZPEAV1@P81@EAAX1@ZV23@@std@@U?$default_delete@V?$tuple@P6AXPEAVTest@@P81@EAAXV?$basic_string@DU?$char_traits@D@std@@V?$allocator@D@2@@std@@@Z1@ZPEAV1@P81@EAAX1@ZV23@@std@@@2@@std@@@std@@CAXAEAV?$tuple@P6AXPEAVTest@@P81@EAAXV?$basic_string@DU?$char_traits@D@std@@V?$allocator@D@2@@std@@@Z1@ZPEAV1@P81@EAAX1@ZV23@@1@U?$integer_sequence@_K$0A@$00$01$02@1@@Z 00000001400145c0 f i Test.obj
 0002:000036c0       ??$_Launch@V?$unique_ptr@V?$tuple@P6AXPEAVTest@@P81@EAAXV?$basic_string@DU?$char_traits@D@std@@V?$allocator@D@2@@std@@@Z1@ZPEAV1@P81@EAAX1@ZV23@@std@@U?$default_delete@V?$tuple@P6AXPEAVTest@@P81@EAAXV?$basic_string@DU?$char_traits@D@std@@V?$allocator@D@2@@std@@@Z1@ZPEAV1@P81@EAAX1@ZV23@@std@@@2@@std@@@std@@YAXPEAU_Thrd_imp_t@@$$QEAV?$unique_ptr@V?$tuple@P6AXPEAVTest@@P81@EAAXV?$basic_string@DU?$char_traits@D@std@@V?$allocator@D@2@@std@@@Z1@ZPEAV1@P81@EAAX1@ZV23@@std@@U?$default_delete@V?$tuple@P6AXPEAVTest@@P81@EAAXV?$basic_string@DU?$char_traits@D@std@@V?$allocator@D@2@@std@@@Z1@ZPEAV1@P81@EAAX1@ZV23@@std@@@2@@0@@Z 00000001400146c0 f i Test.obj
 0002:000037b0       ??$_To_xtime@_JU?$ratio@$00$00@std@@@std@@YA?AUxtime@@AEBV?$duration@_JU?$ratio@$00$00@std@@@chrono@0@@Z 00000001400147b0 f i Test.obj
 0002:00003970       ??$_To_xtime@_JU?$ratio@$00$0PECEA@@std@@@std@@YA?AUxtime@@AEBV?$duration@_JU?$ratio@$00$0PECEA@@std@@@chrono@0@@Z 0000000140014970 f i Test.obj
 0002:00003b30       ??$_Unfancy@D@std@@YAPEADPEAD@Z 0000000140014b30 f i Test.obj
 0002:00003b80       ??$_Unfancy@U_Container_proxy@std@@@std@@YAPEAU_Container_proxy@0@PEAU10@@Z 0000000140014b80 f i Test.obj
 0002:00003bd0       ??$addressof@PEAD@std@@YAPEAPEADAEAPEAD@Z 0000000140014bd0 f i Test.obj
 0002:00003c20       ??$addressof@U_Container_proxy@std@@@std@@YAPEAU_Container_proxy@0@AEAU10@@Z 0000000140014c20 f i Test.obj
 0002:00003c70       ??$construct@PEADAEAPEAD@?$_Wrap_alloc@V?$allocator@D@std@@@std@@QEAAXPEAPEADAEAPEAD@Z 0000000140014c70 f i Test.obj
 0002:00003cf0       ??$construct@PEADAEAPEAD@?$allocator@D@std@@QEAAXPEAPEADAEAPEAD@Z 0000000140014cf0 f i Test.obj
 0002:00003db0       ??$construct@PEADAEAPEAD@?$allocator_traits@V?$allocator@D@std@@@std@@SAXAEAV?$allocator@D@1@PEAPEADAEAPEAD@Z 0000000140014db0 f i Test.obj
 0002:00003e30       ??$construct@U_Container_proxy@std@@U12@@?$_Wrap_alloc@V?$allocator@U_Container_proxy@std@@@std@@@std@@QEAAXPEAU_Container_proxy@1@$$QEAU21@@Z 0000000140014e30 f i Test.obj
 0002:00003eb0       ??$construct@U_Container_proxy@std@@U12@@?$allocator@U_Container_proxy@std@@@std@@QEAAXPEAU_Container_proxy@1@$$QEAU21@@Z 0000000140014eb0 f i Test.obj
 0002:00003f70       ??$construct@U_Container_proxy@std@@U12@@?$allocator_traits@V?$allocator@U_Container_proxy@std@@@std@@@std@@SAXAEAV?$allocator@U_Container_proxy@std@@@1@PEAU_Container_proxy@1@$$QEAU31@@Z 0000000140014f70 f i Test.obj
 0002:00003ff0       ??$destroy@PEAD@?$_Wrap_alloc@V?$allocator@D@std@@@std@@QEAAXPEAPEAD@Z 0000000140014ff0 f i Test.obj
 0002:00004050       ??$destroy@PEAD@?$allocator@D@std@@QEAAXPEAPEAD@Z 0000000140015050 f i Test.obj
 0002:000040a0       ??$destroy@PEAD@?$allocator_traits@V?$allocator@D@std@@@std@@SAXAEAV?$allocator@D@1@PEAPEAD@Z 00000001400150a0 f i Test.obj
 0002:00004100       ??$destroy@U_Container_proxy@std@@@?$_Wrap_alloc@V?$allocator@U_Container_proxy@std@@@std@@@std@@QEAAXPEAU_Container_proxy@1@@Z 0000000140015100 f i Test.obj
 0002:00004160       ??$destroy@U_Container_proxy@std@@@?$allocator@U_Container_proxy@std@@@std@@QEAAXPEAU_Container_proxy@1@@Z 0000000140015160 f i Test.obj
 0002:000041b0       ??$destroy@U_Container_proxy@std@@@?$allocator_traits@V?$allocator@U_Container_proxy@std@@@std@@@std@@SAXAEAV?$allocator@U_Container_proxy@std@@@1@PEAU_Container_proxy@1@@Z 00000001400151b0 f i Test.obj
 0002:00004210       ??$duration_cast@V?$duration@_JU?$ratio@$00$00@std@@@chrono@std@@_JU?$ratio@$00$0DLJKMKAA@@3@@chrono@std@@YA?AV?$duration@_JU?$ratio@$00$00@std@@@01@AEBV?$duration@_JU?$ratio@$00$0DLJKMKAA@@std@@@01@@Z 0000000140015210 f i Test.obj
 0002:00004420       ??$duration_cast@V?$duration@_JU?$ratio@$00$0DLJKMKAA@@std@@@chrono@std@@_JU?$ratio@$00$00@3@@chrono@std@@YA?AV?$duration@_JU?$ratio@$00$0DLJKMKAA@@std@@@01@AEBV?$duration@_JU?$ratio@$00$00@std@@@01@@Z 0000000140015420 f i Test.obj
 0002:00004630       ??$duration_cast@V?$duration@_JU?$ratio@$00$0DLJKMKAA@@std@@@chrono@std@@_JU?$ratio@$00$0JIJGIA@@3@@chrono@std@@YA?AV?$duration@_JU?$ratio@$00$0DLJKMKAA@@std@@@01@AEBV?$duration@_JU?$ratio@$00$0JIJGIA@@std@@@01@@Z 0000000140015630 f i Test.obj
 0002:00004830       ??$duration_cast@V?$duration@_JU?$ratio@$00$0DLJKMKAA@@std@@@chrono@std@@_JU?$ratio@$00$0PECEA@@3@@chrono@std@@YA?AV?$duration@_JU?$ratio@$00$0DLJKMKAA@@std@@@01@AEBV?$duration@_JU?$ratio@$00$0PECEA@@std@@@01@@Z 0000000140015830 f i Test.obj
 0002:00004a40       ??$endl@DU?$char_traits@D@std@@@std@@YAAEAV?$basic_ostream@DU?$char_traits@D@std@@@0@AEAV10@@Z 0000000140015a40 f i Test.obj
 0002:00004ae0       ??$forward@A6AXPEAVTest@@P81@EAAXV?$basic_string@DU?$char_traits@D@std@@V?$allocator@D@2@@std@@@Z1@Z@std@@YAA6AXPEAVTest@@P81@EAAXV?$basic_string@DU?$char_traits@D@std@@V?$allocator@D@2@@0@@Z1@ZA6AX021@Z@Z 0000000140015ae0 f i Test.obj
 0002:00004b30       ??$forward@AEAP8Test@@EAAXV?$basic_string@DU?$char_traits@D@std@@V?$allocator@D@2@@std@@@Z@std@@YAAEAP8Test@@EAAXV?$basic_string@DU?$char_traits@D@std@@V?$allocator@D@2@@0@@ZAEAP81@EAAX0@Z@Z 0000000140015b30 f i Test.obj
 0002:00004b80       ??$forward@AEAPEAD@std@@YAAEAPEADAEAPEAD@Z 0000000140015b80 f i Test.obj
 0002:00004bd0       ??$forward@AEAPEAV?$tuple@P6AXPEAVTest@@P81@EAAXV?$basic_string@DU?$char_traits@D@std@@V?$allocator@D@2@@std@@@Z1@ZPEAV1@P81@EAAX1@ZV23@@std@@@std@@YAAEAPEAV?$tuple@P6AXPEAVTest@@P81@EAAXV?$basic_string@DU?$char_traits@D@std@@V?$allocator@D@2@@std@@@Z1@ZPEAV1@P81@EAAX1@ZV23@@0@AEAPEAV10@@Z 0000000140015bd0 f i Test.obj
 0002:00004c20       ??$forward@AEAU?$_Wrap_alloc@V?$allocator@D@std@@@std@@@std@@YAAEAU?$_Wrap_alloc@V?$allocator@D@std@@@0@AEAU10@@Z 0000000140015c20 f i Test.obj
 0002:00004c70       ??$forward@AEAV?$basic_string@DU?$char_traits@D@std@@V?$allocator@D@2@@std@@@std@@YAAEAV?$basic_string@DU?$char_traits@D@std@@V?$allocator@D@2@@0@AEAV10@@Z 0000000140015c70 f i Test.obj
 0002:00004cc0       ??$forward@P6AXPEAVTest@@P81@EAAXV?$basic_string@DU?$char_traits@D@std@@V?$allocator@D@2@@std@@@Z1@Z@std@@YA$$QEAP6AXPEAVTest@@P81@EAAXV?$basic_string@DU?$char_traits@D@std@@V?$allocator@D@2@@0@@Z1@ZAEAP6AX021@Z@Z 0000000140015cc0 f i Test.obj
 0002:00004d10       ??$forward@P8Test@@EAAXV?$basic_string@DU?$char_traits@D@std@@V?$allocator@D@2@@std@@@Z@std@@YA$$QEAP8Test@@EAAXV?$basic_string@DU?$char_traits@D@std@@V?$allocator@D@2@@0@@ZAEAP81@EAAX0@Z@Z 0000000140015d10 f i Test.obj
 0002:00004d60       ??$forward@PEAVTest@@@std@@YA$$QEAPEAVTest@@AEAPEAV1@@Z 0000000140015d60 f i Test.obj
 0002:00004db0       ??$forward@QEAVTest@@@std@@YA$$QEBQEAVTest@@AEBQEAV1@@Z 0000000140015db0 f i Test.obj
 0002:00004e00       ??$forward@U?$_Wrap_alloc@V?$allocator@D@std@@@std@@@std@@YA$$QEAU?$_Wrap_alloc@V?$allocator@D@std@@@0@AEAU10@@Z 0000000140015e00 f i Test.obj
 0002:00004e50       ??$forward@U?$default_delete@V?$tuple@P6AXPEAVTest@@P81@EAAXV?$basic_string@DU?$char_traits@D@std@@V?$allocator@D@2@@std@@@Z1@ZPEAV1@P81@EAAX1@ZV23@@std@@@std@@@std@@YA$$QEAU?$default_delete@V?$tuple@P6AXPEAVTest@@P81@EAAXV?$basic_string@DU?$char_traits@D@std@@V?$allocator@D@2@@std@@@Z1@ZPEAV1@P81@EAAX1@ZV23@@std@@@0@AEAU10@@Z 0000000140015e50 f i Test.obj
 0002:00004ea0       ??$forward@U_Container_proxy@std@@@std@@YA$$QEAU_Container_proxy@0@AEAU10@@Z 0000000140015ea0 f i Test.obj
 0002:00004ef0       ??$forward@V?$allocator@D@std@@@std@@YA$$QEAV?$allocator@D@0@AEAV10@@Z 0000000140015ef0 f i Test.obj
 0002:00004f40       ??$forward@V?$basic_string@DU?$char_traits@D@std@@V?$allocator@D@2@@std@@@std@@YA$$QEAV?$basic_string@DU?$char_traits@D@std@@V?$allocator@D@2@@0@AEAV10@@Z 0000000140015f40 f i Test.obj
 0002:00004f90       ??$forward@V?$unique_ptr@V?$tuple@P6AXPEAVTest@@P81@EAAXV?$basic_string@DU?$char_traits@D@std@@V?$allocator@D@2@@std@@@Z1@ZPEAV1@P81@EAAX1@ZV23@@std@@U?$default_delete@V?$tuple@P6AXPEAVTest@@P81@EAAXV?$basic_string@DU?$char_traits@D@std@@V?$allocator@D@2@@std@@@Z1@ZPEAV1@P81@EAAX1@ZV23@@std@@@2@@std@@@std@@YA$$QEAV?$unique_ptr@V?$tuple@P6AXPEAVTest@@P81@EAAXV?$basic_string@DU?$char_traits@D@std@@V?$allocator@D@2@@std@@@Z1@ZPEAV1@P81@EAAX1@ZV23@@std@@U?$default_delete@V?$tuple@P6AXPEAVTest@@P81@EAAXV?$basic_string@DU?$char_traits@D@std@@V?$allocator@D@2@@std@@@Z1@ZPEAV1@P81@EAAX1@ZV23@@std@@@2@@0@AEAV10@@Z 0000000140015f90 f i Test.obj
 0002:00004fe0       ??$get@$00P6AXPEAVTest@@P81@EAAXV?$basic_string@DU?$char_traits@D@std@@V?$allocator@D@2@@std@@@Z1@ZPEAV1@P81@EAAX1@ZV23@@std@@YAAEAPEAVTest@@AEAV?$tuple@P6AXPEAVTest@@P81@EAAXV?$basic_string@DU?$char_traits@D@std@@V?$allocator@D@2@@std@@@Z1@ZPEAV1@P81@EAAX1@ZV23@@0@@Z 0000000140015fe0 f i Test.obj
 0002:00005030       ??$get@$01P6AXPEAVTest@@P81@EAAXV?$basic_string@DU?$char_traits@D@std@@V?$allocator@D@2@@std@@@Z1@ZPEAV1@P81@EAAX1@ZV23@@std@@YAAEAP8Test@@EAAXV?$basic_string@DU?$char_traits@D@std@@V?$allocator@D@2@@0@@ZAEAV?$tuple@P6AXPEAVTest@@P81@EAAXV?$basic_string@DU?$char_traits@D@std@@V?$allocator@D@2@@std@@@Z1@ZPEAV1@P81@EAAX1@ZV23@@0@@Z 0000000140016030 f i Test.obj
 0002:00005080       ??$get@$02P6AXPEAVTest@@P81@EAAXV?$basic_string@DU?$char_traits@D@std@@V?$allocator@D@2@@std@@@Z1@ZPEAV1@P81@EAAX1@ZV23@@std@@YAAEAV?$basic_string@DU?$char_traits@D@std@@V?$allocator@D@2@@0@AEAV?$tuple@P6AXPEAVTest@@P81@EAAXV?$basic_string@DU?$char_traits@D@std@@V?$allocator@D@2@@std@@@Z1@ZPEAV1@P81@EAAX1@ZV23@@0@@Z 0000000140016080 f i Test.obj
 0002:000050d0       ??$get@$0A@P6AXPEAVTest@@P81@EAAXV?$basic_string@DU?$char_traits@D@std@@V?$allocator@D@2@@std@@@Z1@ZPEAV1@P81@EAAX1@ZV23@@std@@YAAEAP6AXPEAVTest@@P81@EAAXV?$basic_string@DU?$char_traits@D@std@@V?$allocator@D@2@@0@@Z1@ZAEAV?$tuple@P6AXPEAVTest@@P81@EAAXV?$basic_string@DU?$char_traits@D@std@@V?$allocator@D@2@@std@@@Z1@ZPEAV1@P81@EAAX1@ZV23@@0@@Z 00000001400160d0 f i Test.obj
 0002:00005120       ??$invoke@P6AXPEAVTest@@P81@EAAXV?$basic_string@DU?$char_traits@D@std@@V?$allocator@D@2@@std@@@Z1@ZPEAV1@P81@EAAX1@ZV23@@std@@YAX$$QEAP6AXPEAVTest@@P81@EAAXV?$basic_string@DU?$char_traits@D@std@@V?$allocator@D@2@@0@@Z1@Z$$QEAPEAV1@$$QEAP81@EAAX1@Z$$QEAV20@@Z 0000000140016120 f i Test.obj
 0002:00005200       ??$make_unique@V?$tuple@P6AXPEAVTest@@P81@EAAXV?$basic_string@DU?$char_traits@D@std@@V?$allocator@D@2@@std@@@Z1@ZPEAV1@P81@EAAX1@ZV23@@std@@A6AXPEAVTest@@P83@EAAXV?$basic_string@DU?$char_traits@D@std@@V?$allocator@D@2@@2@@Z1@ZQEAV3@AEAP83@EAAX1@ZAEAV42@@std@@YA?AV?$unique_ptr@V?$tuple@P6AXPEAVTest@@P81@EAAXV?$basic_string@DU?$char_traits@D@std@@V?$allocator@D@2@@std@@@Z1@ZPEAV1@P81@EAAX1@ZV23@@std@@U?$default_delete@V?$tuple@P6AXPEAVTest@@P81@EAAXV?$basic_string@DU?$char_traits@D@std@@V?$allocator@D@2@@std@@@Z1@ZPEAV1@P81@EAAX1@ZV23@@std@@@2@@0@A6AXPEAVTest@@P82@EAAXV?$basic_string@DU?$char_traits@D@std@@V?$allocator@D@2@@0@@Z1@Z$$QEBQEAV2@AEAP82@EAAX1@ZAEAV30@@Z 0000000140016200 f i Test.obj
 0002:00005380       ??$move@AEAP6AXPEAVTest@@P81@EAAXV?$basic_string@DU?$char_traits@D@std@@V?$allocator@D@2@@std@@@Z1@Z@std@@YA$$QEAP6AXPEAVTest@@P81@EAAXV?$basic_string@DU?$char_traits@D@std@@V?$allocator@D@2@@0@@Z1@ZAEAP6AX021@Z@Z 0000000140016380 f i Test.obj
 0002:000053d0       ??$move@AEAP8Test@@EAAXV?$basic_string@DU?$char_traits@D@std@@V?$allocator@D@2@@std@@@Z@std@@YA$$QEAP8Test@@EAAXV?$basic_string@DU?$char_traits@D@std@@V?$allocator@D@2@@0@@ZAEAP81@EAAX0@Z@Z 00000001400163d0 f i Test.obj
 0002:00005420       ??$move@AEAPEAVTest@@@std@@YA$$QEAPEAVTest@@AEAPEAV1@@Z 0000000140016420 f i Test.obj
 0002:00005470       ??$move@AEAU?$_Wrap_alloc@V?$allocator@D@std@@@std@@@std@@YA$$QEAU?$_Wrap_alloc@V?$allocator@D@std@@@0@AEAU10@@Z 0000000140016470 f i Test.obj
 0002:000054c0       ??$move@AEAV?$basic_string@DU?$char_traits@D@std@@V?$allocator@D@2@@std@@@std@@YA$$QEAV?$basic_string@DU?$char_traits@D@std@@V?$allocator@D@2@@0@AEAV10@@Z 00000001400164c0 f i Test.obj
 0002:00005510       ??$wait_for@_JU?$ratio@$00$00@std@@@condition_variable@std@@QEAA?AW4cv_status@1@AEAV?$unique_lock@Vmutex@std@@@1@AEBV?$duration@_JU?$ratio@$00$00@std@@@chrono@1@@Z 0000000140016510 f i Test.obj
 0002:00005610       ??$wait_for@_JU?$ratio@$00$0PECEA@@std@@@condition_variable@std@@QEAA?AW4cv_status@1@AEAV?$unique_lock@Vmutex@std@@@1@AEBV?$duration@_JU?$ratio@$00$0PECEA@@std@@@chrono@1@@Z 0000000140016610 f i Test.obj
 0002:00005710       ??0?$_String_alloc@U?$_String_base_types@DV?$allocator@D@std@@@std@@@std@@QEAA@XZ 0000000140016710 f i Test.obj
 0002:000057a0       ??0?$_String_val@U?$_Simple_types@D@std@@@std@@QEAA@XZ 00000001400167a0 f i Test.obj
 0002:00005850       ??0?$_Wrap_alloc@V?$allocator@D@std@@@std@@QEAA@$$QEAU01@@Z 0000000140016850 f i Test.obj
 0002:000058d0       ??0?$_Wrap_alloc@V?$allocator@D@std@@@std@@QEAA@XZ 00000001400168d0 f i Test.obj
 0002:00005930       ??0?$allocator@D@std@@QEAA@AEBV01@@Z 0000000140016930 f i Test.obj
 0002:00005980       ??0?$allocator@D@std@@QEAA@XZ 0000000140016980 f i Test.obj
 0002:000059d0       ??0?$basic_ostringstream@DU?$char_traits@D@std@@V?$allocator@D@2@@std@@QEAA@H@Z 00000001400169d0 f i Test.obj
 0002:00005b40       ??0?$basic_string@DU?$char_traits@D@std@@V?$allocator@D@2@@std@@QEAA@$$QEAV01@@Z 0000000140016b40 f i Test.obj
 0002:00005c10       ??0?$basic_string@DU?$char_traits@D@std@@V?$allocator@D@2@@std@@QEAA@AEBV01@@Z 0000000140016c10 f i Test.obj
 0002:00005cf0       ??0?$basic_string@DU?$char_traits@D@std@@V?$allocator@D@2@@std@@QEAA@PEBD@Z 0000000140016cf0 f i Test.obj
 0002:00005d90       ??0?$basic_string@DU?$char_traits@D@std@@V?$allocator@D@2@@std@@QEAA@PEBD_K@Z 0000000140016d90 f i Test.obj
 0002:00005e40       ??0?$basic_string@DU?$char_traits@D@std@@V?$allocator@D@2@@std@@QEAA@XZ 0000000140016e40 f i Test.obj
 0002:00005ec0       ??0?$basic_stringbuf@DU?$char_traits@D@std@@V?$allocator@D@2@@std@@QEAA@H@Z 0000000140016ec0 f i Test.obj
 0002:00005f90       ??0?$fpos@U_Mbstatet@@@std@@QEAA@_J@Z 0000000140016f90 f i Test.obj
 0002:00006030       ??0?$time_point@Usystem_clock@chrono@std@@V?$duration@_JU?$ratio@$00$0JIJGIA@@std@@@23@@chrono@std@@QEAA@AEBV?$duration@_JU?$ratio@$00$0JIJGIA@@std@@@12@@Z 0000000140017030 f i Test.obj
 0002:000060a0       ??0?$unique_lock@Vmutex@std@@@std@@QEAA@AEAVmutex@1@@Z 00000001400170a0 f i Test.obj
 0002:00006140       ??0?$unique_ptr@V?$tuple@P6AXPEAVTest@@P81@EAAXV?$basic_string@DU?$char_traits@D@std@@V?$allocator@D@2@@std@@@Z1@ZPEAV1@P81@EAAX1@ZV23@@std@@U?$default_delete@V?$tuple@P6AXPEAVTest@@P81@EAAXV?$basic_string@DU?$char_traits@D@std@@V?$allocator@D@2@@std@@@Z1@ZPEAV1@P81@EAAX1@ZV23@@std@@@2@@std@@QEAA@$$QEAV01@@Z 0000000140017140 f i Test.obj
 0002:00006200       ??0?$unique_ptr@V?$tuple@P6AXPEAVTest@@P81@EAAXV?$basic_string@DU?$char_traits@D@std@@V?$allocator@D@2@@std@@@Z1@ZPEAV1@P81@EAAX1@ZV23@@std@@U?$default_delete@V?$tuple@P6AXPEAVTest@@P81@EAAXV?$basic_string@DU?$char_traits@D@std@@V?$allocator@D@2@@std@@@Z1@ZPEAV1@P81@EAAX1@ZV23@@std@@@2@@std@@QEAA@PEAV?$tuple@P6AXPEAVTest@@P81@EAAXV?$basic_string@DU?$char_traits@D@std@@V?$allocator@D@2@@std@@@Z1@ZPEAV1@P81@EAAX1@ZV23@@1@@Z 0000000140017200 f i Test.obj
 0002:00006280       ??0Test@@QEAA@XZ           0000000140017280 f   Test.obj
 0002:00006420       ??0_Auto_cnd@std@@QEAA@PEAU_Cnd_internal_imp_t@@@Z 0000000140017420 f i Test.obj
 0002:00006490       ??0_Auto_mtx@std@@QEAA@PEAU_Mtx_internal_imp_t@@@Z 0000000140017490 f i Test.obj
 0002:00006500       ??0_Bxty@?$_String_val@U?$_Simple_types@D@std@@@std@@QEAA@XZ 0000000140017500 f i Test.obj
 0002:00006550       ??0_Container_base12@std@@QEAA@XZ 0000000140017550 f i Test.obj
 0002:000065b0       ??0_Container_proxy@std@@QEAA@XZ 00000001400175b0 f i Test.obj
 0002:00006620       ??0_Mutex_base@std@@QEAA@H@Z 0000000140017620 f i Test.obj
 0002:000066b0       ??0_Pad@std@@QEAA@XZ       00000001400176b0 f i Test.obj
 0002:00006840       ??0_Sentry_base@?$basic_ostream@DU?$char_traits@D@std@@@std@@QEAA@AEAV12@@Z 0000000140017840 f i Test.obj
 0002:00006960       ??0condition_variable@std@@QEAA@XZ 0000000140017960 f i Test.obj
 0002:000069d0       ??0mutex@std@@QEAA@XZ      00000001400179d0 f i Test.obj
 0002:00006a30       ??0sentry@?$basic_ostream@DU?$char_traits@D@std@@@std@@QEAA@AEAV12@@Z 0000000140017a30 f i Test.obj
 0002:00006bc0       ??1?$_Compressed_pair@U?$_Wrap_alloc@V?$allocator@D@std@@@std@@V?$_String_val@U?$_Simple_types@D@std@@@2@$00@std@@QEAA@XZ 0000000140017bc0 f i Test.obj
 0002:00006c20       ??1?$_LaunchPad@V?$unique_ptr@V?$tuple@P6AXPEAVTest@@P81@EAAXV?$basic_string@DU?$char_traits@D@std@@V?$allocator@D@2@@std@@@Z1@ZPEAV1@P81@EAAX1@ZV23@@std@@U?$default_delete@V?$tuple@P6AXPEAVTest@@P81@EAAXV?$basic_string@DU?$char_traits@D@std@@V?$allocator@D@2@@std@@@Z1@ZPEAV1@P81@EAAX1@ZV23@@std@@@2@@std@@@std@@QEAA@XZ 0000000140017c20 f i Test.obj
 0002:00006c90       ??1?$_String_alloc@U?$_String_base_types@DV?$allocator@D@std@@@std@@@std@@QEAA@XZ 0000000140017c90 f i Test.obj
 0002:00006d10       ??1?$_String_val@U?$_Simple_types@D@std@@@std@@QEAA@XZ 0000000140017d10 f i Test.obj
 0002:00006d80       ??1?$_Tuple_val@V?$basic_string@DU?$char_traits@D@std@@V?$allocator@D@2@@std@@@std@@QEAA@XZ 0000000140017d80 f i Test.obj
 0002:00006de0       ??1?$basic_ostringstream@DU?$char_traits@D@std@@V?$allocator@D@2@@std@@UEAA@XZ 0000000140017de0 f i Test.obj
 0002:00006ed0       ??1?$basic_string@DU?$char_traits@D@std@@V?$allocator@D@2@@std@@QEAA@XZ 0000000140017ed0 f i Test.obj
 0002:00006f50       ??1?$basic_stringbuf@DU?$char_traits@D@std@@V?$allocator@D@2@@std@@UEAA@XZ 0000000140017f50 f i Test.obj
 0002:00006fe0       ??1?$tuple@P6AXPEAVTest@@P81@EAAXV?$basic_string@DU?$char_traits@D@std@@V?$allocator@D@2@@std@@@Z1@ZPEAV1@P81@EAAX1@ZV23@@std@@QEAA@XZ 0000000140017fe0 f i Test.obj
 0002:00007030       ??1?$tuple@P8Test@@EAAXV?$basic_string@DU?$char_traits@D@std@@V?$allocator@D@2@@std@@@ZV23@@std@@QEAA@XZ 0000000140018030 f i Test.obj
 0002:00007080       ??1?$tuple@PEAVTest@@P81@EAAXV?$basic_string@DU?$char_traits@D@std@@V?$allocator@D@2@@std@@@ZV23@@std@@QEAA@XZ 0000000140018080 f i Test.obj
 0002:000070d0       ??1?$tuple@V?$basic_string@DU?$char_traits@D@std@@V?$allocator@D@2@@std@@@std@@QEAA@XZ 00000001400180d0 f i Test.obj
 0002:00007130       ??1?$unique_lock@Vmutex@std@@@std@@QEAA@XZ 0000000140018130 f i Test.obj
 0002:000071b0       ??1?$unique_ptr@V?$tuple@P6AXPEAVTest@@P81@EAAXV?$basic_string@DU?$char_traits@D@std@@V?$allocator@D@2@@std@@@Z1@ZPEAV1@P81@EAAX1@ZV23@@std@@U?$default_delete@V?$tuple@P6AXPEAVTest@@P81@EAAXV?$basic_string@DU?$char_traits@D@std@@V?$allocator@D@2@@std@@@Z1@ZPEAV1@P81@EAAX1@ZV23@@std@@@2@@std@@QEAA@XZ 00000001400181b0 f i Test.obj
 0002:00007250       ??1Test@@UEAA@XZ           0000000140018250 f   Test.obj
 0002:00007380       ??1_Auto_cnd@std@@QEAA@XZ  0000000140018380 f i Test.obj
 0002:000073f0       ??1_Auto_mtx@std@@QEAA@XZ  00000001400183f0 f i Test.obj
 0002:00007460       ??1_Bxty@?$_String_val@U?$_Simple_types@D@std@@@std@@QEAA@XZ 0000000140018460 f i Test.obj
 0002:000074a0       ??1_Container_base12@std@@QEAA@XZ 00000001400184a0 f i Test.obj
 0002:00007500       ??1_Mutex_base@std@@QEAA@XZ 0000000140018500 f i Test.obj
 0002:00007560       ??1_Pad@std@@QEAA@XZ       0000000140018560 f i Test.obj
 0002:00007690       ??1_Sentry_base@?$basic_ostream@DU?$char_traits@D@std@@@std@@QEAA@XZ 0000000140018690 f i Test.obj
 0002:00007790       ??1condition_variable@std@@QEAA@XZ 0000000140018790 f i Test.obj
 0002:000077f0       ??1mutex@std@@QEAA@XZ      00000001400187f0 f i Test.obj
 0002:00007840       ??1sentry@?$basic_ostream@DU?$char_traits@D@std@@@std@@QEAA@XZ 0000000140018840 f i Test.obj
 0002:000078d0       ??2@YAPEAX_KPEAX@Z         00000001400188d0 f i Test.obj
 0002:00007920       ??B?$fpos@U_Mbstatet@@@std@@QEBA_JXZ 0000000140018920 f i Test.obj
 0002:00007980       ??Bsentry@?$basic_ostream@DU?$char_traits@D@std@@@std@@QEBA_NXZ 0000000140018980 f i Test.obj
 0002:000079d0       ??D?$unique_ptr@V?$tuple@P6AXPEAVTest@@P81@EAAXV?$basic_string@DU?$char_traits@D@std@@V?$allocator@D@2@@std@@@Z1@ZPEAV1@P81@EAAX1@ZV23@@std@@U?$default_delete@V?$tuple@P6AXPEAVTest@@P81@EAAXV?$basic_string@DU?$char_traits@D@std@@V?$allocator@D@2@@std@@@Z1@ZPEAV1@P81@EAAX1@ZV23@@std@@@2@@std@@QEBAAEAV?$tuple@P6AXPEAVTest@@P81@EAAXV?$basic_string@DU?$char_traits@D@std@@V?$allocator@D@2@@std@@@Z1@ZPEAV1@P81@EAAX1@ZV23@@1@XZ 00000001400189d0 f i Test.obj
 0002:00007a20       ??R?$default_delete@V?$tuple@P6AXPEAVTest@@P81@EAAXV?$basic_string@DU?$char_traits@D@std@@V?$allocator@D@2@@std@@@Z1@ZPEAV1@P81@EAAX1@ZV23@@std@@@std@@QEBAXPEAV?$tuple@P6AXPEAVTest@@P81@EAAXV?$basic_string@DU?$char_traits@D@std@@V?$allocator@D@2@@std@@@Z1@ZPEAV1@P81@EAAX1@ZV23@@1@@Z 0000000140018a20 f i Test.obj
 0002:00007ad0       ??Y?$duration@_JU?$ratio@$00$0DLJKMKAA@@std@@@chrono@std@@QEAAAEAV012@AEBV012@@Z 0000000140018ad0 f i Test.obj
 0002:00007b50       ??Z?$duration@_JU?$ratio@$00$0DLJKMKAA@@std@@@chrono@std@@QEAAAEAV012@AEBV012@@Z 0000000140018b50 f i Test.obj
 0002:00007bd0       ??_D?$basic_ostringstream@DU?$char_traits@D@std@@V?$allocator@D@2@@std@@QEAAXXZ 0000000140018bd0 f i Test.obj
 0002:00007c48       ??_E?$basic_ostringstream@DU?$char_traits@D@std@@V?$allocator@D@2@@std@@$4PPPPPPPM@A@EAAPEAXI@Z 0000000140018c48 f i Test.obj
 0002:00007c60       ??_G?$basic_ostringstream@DU?$char_traits@D@std@@V?$allocator@D@2@@std@@UEAAPEAXI@Z 0000000140018c60 f i Test.obj
 0002:00007c60       ??_E?$basic_ostringstream@DU?$char_traits@D@std@@V?$allocator@D@2@@std@@UEAAPEAXI@Z 0000000140018c60 f i Test.obj
 0002:00007d10       ??_E?$basic_stringbuf@DU?$char_traits@D@std@@V?$allocator@D@2@@std@@UEAAPEAXI@Z 0000000140018d10 f i Test.obj
 0002:00007d10       ??_G?$basic_stringbuf@DU?$char_traits@D@std@@V?$allocator@D@2@@std@@UEAAPEAXI@Z 0000000140018d10 f i Test.obj
 0002:00007da0       ??_G?$tuple@P6AXPEAVTest@@P81@EAAXV?$basic_string@DU?$char_traits@D@std@@V?$allocator@D@2@@std@@@Z1@ZPEAV1@P81@EAAX1@ZV23@@std@@QEAAPEAXI@Z 0000000140018da0 f i Test.obj
 0002:00007e30       ??_GTest@@UEAAPEAXI@Z      0000000140018e30 f i Test.obj
 0002:00007e30       ??_ETest@@UEAAPEAXI@Z      0000000140018e30 f i Test.obj
 0002:00007ec0       ?EntryPoint@Test@@SAXPEAV1@P81@EAAXV?$basic_string@DU?$char_traits@D@std@@V?$allocator@D@2@@std@@@Z1@Z 0000000140018ec0 f   Test.obj
 0002:00007f80       ?_Alloc_proxy@?$_String_alloc@U?$_String_base_types@DV?$allocator@D@std@@@std@@@std@@QEAAXXZ 0000000140018f80 f i Test.obj
 0002:000080e0       ?_Allocate@std@@YAPEAX_K0_N@Z 00000001400190e0 f i Test.obj
 0002:000083c0       ?_Assign_rv@?$basic_string@DU?$char_traits@D@std@@V?$allocator@D@2@@std@@QEAAX$$QEAV12@@Z 00000001400193c0 f i Test.obj
 0002:00008590       ?_Bx@?$_String_alloc@U?$_String_base_types@DV?$allocator@D@std@@@std@@@std@@QEAAAEAT_Bxty@?$_String_val@U?$_Simple_types@D@std@@@2@XZ 0000000140019590 f i Test.obj
 0002:000085f0       ?_Call_func@_Pad@std@@CAIPEAX@Z 00000001400195f0 f i Test.obj
 0002:00008660       ?_Check_C_return@std@@YAHH@Z 0000000140019660 f i Test.obj
 0002:000086c0       ?_Check_C_return@std@@YAHHH@Z 00000001400196c0 f i Test.obj
 0002:00008740       ?_Check_offset@?$basic_string@DU?$char_traits@D@std@@V?$allocator@D@2@@std@@QEBAX_K@Z 0000000140019740 f i Test.obj
 0002:000087c0       ?_Clamp_suffix_size@?$basic_string@DU?$char_traits@D@std@@V?$allocator@D@2@@std@@QEBA_K_K0@Z 00000001400197c0 f i Test.obj
 0002:00008860       ?_Cnd_initX@std@@YAHPEAPEAU_Cnd_internal_imp_t@@@Z 0000000140019860 f i Test.obj
 0002:000088c0       ?_Cnd_signalX@std@@YAHPEAU_Cnd_internal_imp_t@@@Z 00000001400198c0 f i Test.obj
 0002:00008920       ?_Cnd_timedwaitX@std@@YAHPEAU_Cnd_internal_imp_t@@PEAU_Mtx_internal_imp_t@@PEBUxtime@@@Z 0000000140019920 f i Test.obj
 0002:000089a0       ?_Cnd_waitX@std@@YAHPEAU_Cnd_internal_imp_t@@PEAU_Mtx_internal_imp_t@@@Z 00000001400199a0 f i Test.obj
 0002:00008a10       ?_Copy@?$basic_string@DU?$char_traits@D@std@@V?$allocator@D@2@@std@@QEAAX_K0@Z 0000000140019a10 f i Test.obj
 0002:00008d30       ?_Deallocate@std@@YAXPEAX_K1@Z 0000000140019d30 f i Test.obj
 0002:00009280       ?_Eos@?$basic_string@DU?$char_traits@D@std@@V?$allocator@D@2@@std@@QEAAX_K@Z 000000014001a280 f i Test.obj
 0002:00009320       ?_Free_proxy@?$_String_alloc@U?$_String_base_types@DV?$allocator@D@std@@@std@@@std@@QEAAXXZ 000000014001a320 f i Test.obj
 0002:00009440       ?_Get_data@?$_String_alloc@U?$_String_base_types@DV?$allocator@D@std@@@std@@@std@@QEAAAEAV?$_String_val@U?$_Simple_types@D@std@@@2@XZ 000000014001a440 f i Test.obj
 0002:000094a0       ?_Get_data@?$_String_alloc@U?$_String_base_types@DV?$allocator@D@std@@@std@@@std@@QEBAAEBV?$_String_val@U?$_Simple_types@D@std@@@2@XZ 000000014001a4a0 f i Test.obj
 0002:00009500       ?_Get_first@?$_Compressed_pair@U?$_Wrap_alloc@V?$allocator@D@std@@@std@@V?$_String_val@U?$_Simple_types@D@std@@@2@$00@std@@QEAAAEAU?$_Wrap_alloc@V?$allocator@D@std@@@2@XZ 000000014001a500 f i Test.obj
 0002:00009550       ?_Get_first@?$_Compressed_pair@U?$_Wrap_alloc@V?$allocator@D@std@@@std@@V?$_String_val@U?$_Simple_types@D@std@@@2@$00@std@@QEBAAEBU?$_Wrap_alloc@V?$allocator@D@std@@@2@XZ 000000014001a550 f i Test.obj
 0002:000095a0       ?_Get_first@?$_Compressed_pair@U?$default_delete@V?$tuple@P6AXPEAVTest@@P81@EAAXV?$basic_string@DU?$char_traits@D@std@@V?$allocator@D@2@@std@@@Z1@ZPEAV1@P81@EAAX1@ZV23@@std@@@std@@PEAV?$tuple@P6AXPEAVTest@@P81@EAAXV?$basic_string@DU?$char_traits@D@std@@V?$allocator@D@2@@std@@@Z1@ZPEAV1@P81@EAAX1@ZV23@@2@$00@std@@QEAAAEAU?$default_delete@V?$tuple@P6AXPEAVTest@@P81@EAAXV?$basic_string@DU?$char_traits@D@std@@V?$allocator@D@2@@std@@@Z1@ZPEAV1@P81@EAAX1@ZV23@@std@@@2@XZ 000000014001a5a0 f i Test.obj
 0002:000095f0       ?_Get_second@?$_Compressed_pair@U?$_Wrap_alloc@V?$allocator@D@std@@@std@@V?$_String_val@U?$_Simple_types@D@std@@@2@$00@std@@QEAAAEAV?$_String_val@U?$_Simple_types@D@std@@@2@XZ 000000014001a5f0 f i Test.obj
 0002:00009640       ?_Get_second@?$_Compressed_pair@U?$_Wrap_alloc@V?$allocator@D@std@@@std@@V?$_String_val@U?$_Simple_types@D@std@@@2@$00@std@@QEBAAEBV?$_String_val@U?$_Simple_types@D@std@@@2@XZ 000000014001a640 f i Test.obj
 0002:00009690       ?_Get_second@?$_Compressed_pair@U?$default_delete@V?$tuple@P6AXPEAVTest@@P81@EAAXV?$basic_string@DU?$char_traits@D@std@@V?$allocator@D@2@@std@@@Z1@ZPEAV1@P81@EAAX1@ZV23@@std@@@std@@PEAV?$tuple@P6AXPEAVTest@@P81@EAAXV?$basic_string@DU?$char_traits@D@std@@V?$allocator@D@2@@std@@@Z1@ZPEAV1@P81@EAAX1@ZV23@@2@$00@std@@QEAAAEAPEAV?$tuple@P6AXPEAVTest@@P81@EAAXV?$basic_string@DU?$char_traits@D@std@@V?$allocator@D@2@@std@@@Z1@ZPEAV1@P81@EAAX1@ZV23@@2@XZ 000000014001a690 f i Test.obj
 0002:000096e0       ?_Get_second@?$_Compressed_pair@U?$default_delete@V?$tuple@P6AXPEAVTest@@P81@EAAXV?$basic_string@DU?$char_traits@D@std@@V?$allocator@D@2@@std@@@Z1@ZPEAV1@P81@EAAX1@ZV23@@std@@@std@@PEAV?$tuple@P6AXPEAVTest@@P81@EAAXV?$basic_string@DU?$char_traits@D@std@@V?$allocator@D@2@@std@@@Z1@ZPEAV1@P81@EAAX1@ZV23@@2@$00@std@@QEBAAEBQEAV?$tuple@P6AXPEAVTest@@P81@EAAXV?$basic_string@DU?$char_traits@D@std@@V?$allocator@D@2@@std@@@Z1@ZPEAV1@P81@EAAX1@ZV23@@2@XZ 000000014001a6e0 f i Test.obj
 0002:00009730       ?_Getal@?$_String_alloc@U?$_String_base_types@DV?$allocator@D@std@@@std@@@std@@QEAAAEAU?$_Wrap_alloc@V?$allocator@D@std@@@2@XZ 000000014001a730 f i Test.obj
 0002:00009790       ?_Getal@?$_String_alloc@U?$_String_base_types@DV?$allocator@D@std@@@std@@@std@@QEBAAEBU?$_Wrap_alloc@V?$allocator@D@std@@@2@XZ 000000014001a790 f i Test.obj
 0002:000097f0       ?_Getstate@?$basic_stringbuf@DU?$char_traits@D@std@@V?$allocator@D@2@@std@@AEAAHH@Z 000000014001a7f0 f i Test.obj
 0002:000098b0       ?_Go@?$_LaunchPad@V?$unique_ptr@V?$tuple@P6AXPEAVTest@@P81@EAAXV?$basic_string@DU?$char_traits@D@std@@V?$allocator@D@2@@std@@@Z1@ZPEAV1@P81@EAAX1@ZV23@@std@@U?$default_delete@V?$tuple@P6AXPEAVTest@@P81@EAAXV?$basic_string@DU?$char_traits@D@std@@V?$allocator@D@2@@std@@@Z1@ZPEAV1@P81@EAAX1@ZV23@@std@@@2@@std@@@std@@UEAAXXZ 000000014001a8b0 f i Test.obj
 0002:00009900       ?_Grow@?$basic_string@DU?$char_traits@D@std@@V?$allocator@D@2@@std@@QEAA_N_K_N@Z 000000014001a900 f i Test.obj
 0002:00009aa0       ?_Init@?$basic_stringbuf@DU?$char_traits@D@std@@V?$allocator@D@2@@std@@IEAAXPEBD_KH@Z 000000014001aaa0 f i Test.obj
 0002:00009ce0       ?_Inside@?$basic_string@DU?$char_traits@D@std@@V?$allocator@D@2@@std@@QEAA_NPEBD@Z 000000014001ace0 f i Test.obj
 0002:00009da0       ?_Launch@_Pad@std@@QEAAXPEAU_Thrd_imp_t@@@Z 000000014001ada0 f i Test.obj
 0002:00009e40       ?_Mtx_initX@std@@YAHPEAPEAU_Mtx_internal_imp_t@@H@Z 000000014001ae40 f i Test.obj
 0002:00009eb0       ?_Mtx_lockX@std@@YAHPEAU_Mtx_internal_imp_t@@@Z 000000014001aeb0 f i Test.obj
 0002:00009f10       ?_Mtx_unlockX@std@@YAHPEAU_Mtx_internal_imp_t@@@Z 000000014001af10 f i Test.obj
 0002:00009f70       ?_Mycnd@condition_variable@std@@AEAAPEAU_Cnd_internal_imp_t@@XZ 000000014001af70 f i Test.obj
 0002:00009fc0       ?_Mymtx@_Mutex_base@std@@AEAAPEAU_Mtx_internal_imp_t@@XZ 000000014001afc0 f i Test.obj
 0002:0000a010       ?_Myproxy@?$_String_alloc@U?$_String_base_types@DV?$allocator@D@std@@@std@@@std@@QEAAAEAPEAU_Container_proxy@2@XZ 000000014001b010 f i Test.obj
 0002:0000a060       ?_Myptr@?$_String_alloc@U?$_String_base_types@DV?$allocator@D@std@@@std@@@std@@QEAAPEADXZ 000000014001b060 f i Test.obj
 0002:0000a0c0       ?_Myptr@?$_String_alloc@U?$_String_base_types@DV?$allocator@D@std@@@std@@@std@@QEBAPEBDXZ 000000014001b0c0 f i Test.obj
 0002:0000a120       ?_Myptr@?$_String_val@U?$_Simple_types@D@std@@@std@@QEAAPEADXZ 000000014001b120 f i Test.obj
 0002:0000a1c0       ?_Myptr@?$_String_val@U?$_Simple_types@D@std@@@std@@QEBAPEBDXZ 000000014001b1c0 f i Test.obj
 0002:0000a260       ?_Myptr@?$_Unique_ptr_base@V?$tuple@P6AXPEAVTest@@P81@EAAXV?$basic_string@DU?$char_traits@D@std@@V?$allocator@D@2@@std@@@Z1@ZPEAV1@P81@EAAX1@ZV23@@std@@U?$default_delete@V?$tuple@P6AXPEAVTest@@P81@EAAXV?$basic_string@DU?$char_traits@D@std@@V?$allocator@D@2@@std@@@Z1@ZPEAV1@P81@EAAX1@ZV23@@std@@@2@@std@@QEAAAEAPEAV?$tuple@P6AXPEAVTest@@P81@EAAXV?$basic_string@DU?$char_traits@D@std@@V?$allocator@D@2@@std@@@Z1@ZPEAV1@P81@EAAX1@ZV23@@2@XZ 000000014001b260 f i Test.obj
 0002:0000a2c0       ?_Myptr@?$_Unique_ptr_base@V?$tuple@P6AXPEAVTest@@P81@EAAXV?$basic_string@DU?$char_traits@D@std@@V?$allocator@D@2@@std@@@Z1@ZPEAV1@P81@EAAX1@ZV23@@std@@U?$default_delete@V?$tuple@P6AXPEAVTest@@P81@EAAXV?$basic_string@DU?$char_traits@D@std@@V?$allocator@D@2@@std@@@Z1@ZPEAV1@P81@EAAX1@ZV23@@std@@@2@@std@@QEBAAEBQEAV?$tuple@P6AXPEAVTest@@P81@EAAXV?$basic_string@DU?$char_traits@D@std@@V?$allocator@D@2@@std@@@Z1@ZPEAV1@P81@EAAX1@ZV23@@2@XZ 000000014001b2c0 f i Test.obj
 0002:0000a320       ?_Myres@?$_String_alloc@U?$_String_base_types@DV?$allocator@D@std@@@std@@@std@@QEAAAEA_KXZ 000000014001b320 f i Test.obj
 0002:0000a380       ?_Mysize@?$_String_alloc@U?$_String_base_types@DV?$allocator@D@std@@@std@@@std@@QEAAAEA_KXZ 000000014001b380 f i Test.obj
 0002:0000a3e0       ?_Mysize@?$_String_alloc@U?$_String_base_types@DV?$allocator@D@std@@@std@@@std@@QEBAAEB_KXZ 000000014001b3e0 f i Test.obj
 0002:0000a440       ?_Orphan_all@?$_String_alloc@U?$_String_base_types@DV?$allocator@D@std@@@std@@@std@@QEAAXXZ 000000014001b440 f i Test.obj
 0002:0000a4a0       ?_Orphan_all@_Container_base12@std@@QEAAXXZ 000000014001b4a0 f i Test.obj
 0002:0000a5c0       ?_Release@_Auto_cnd@std@@QEAAXXZ 000000014001b5c0 f i Test.obj
 0002:0000a610       ?_Release@_Auto_mtx@std@@QEAAXXZ 000000014001b610 f i Test.obj
 0002:0000a660       ?_Release@_Pad@std@@QEAAXXZ 000000014001b660 f i Test.obj
 0002:0000a6f0       ?_Run@?$_LaunchPad@V?$unique_ptr@V?$tuple@P6AXPEAVTest@@P81@EAAXV?$basic_string@DU?$char_traits@D@std@@V?$allocator@D@2@@std@@@Z1@ZPEAV1@P81@EAAX1@ZV23@@std@@U?$default_delete@V?$tuple@P6AXPEAVTest@@P81@EAAXV?$basic_string@DU?$char_traits@D@std@@V?$allocator@D@2@@std@@@Z1@ZPEAV1@P81@EAAX1@ZV23@@std@@@2@@std@@@std@@CAXPEAV12@@Z 000000014001b6f0 f i Test.obj
 0002:0000a800       ?_Thrd_startX@std@@YAHPEAU_Thrd_imp_t@@P6AIPEAX@Z1@Z 000000014001b800 f i Test.obj
 0002:0000a8b0       ?_Tidy@?$basic_string@DU?$char_traits@D@std@@V?$allocator@D@2@@std@@QEAAX_N_K@Z 000000014001b8b0 f i Test.obj
 0002:0000aa60       ?_Tidy@?$basic_stringbuf@DU?$char_traits@D@std@@V?$allocator@D@2@@std@@IEAAXXZ 000000014001ba60 f i Test.obj
 0002:0000abd0       ?_Xlen@?$basic_string@DU?$char_traits@D@std@@V?$allocator@D@2@@std@@QEBAXXZ 000000014001bbd0 f i Test.obj
 0002:0000ac30       ?_Xran@?$basic_string@DU?$char_traits@D@std@@V?$allocator@D@2@@std@@QEBAXXZ 000000014001bc30 f i Test.obj
 0002:0000ac90       ?__autoclassinit2@?$_LaunchPad@V?$unique_ptr@V?$tuple@P6AXPEAVTest@@P81@EAAXV?$basic_string@DU?$char_traits@D@std@@V?$allocator@D@2@@std@@@Z1@ZPEAV1@P81@EAAX1@ZV23@@std@@U?$default_delete@V?$tuple@P6AXPEAVTest@@P81@EAAXV?$basic_string@DU?$char_traits@D@std@@V?$allocator@D@2@@std@@@Z1@ZPEAV1@P81@EAAX1@ZV23@@std@@@2@@std@@@std@@QEAAX_K@Z 000000014001bc90 f i Test.obj
 0002:0000acf0       ?__autoclassinit2@?$basic_ostringstream@DU?$char_traits@D@std@@V?$allocator@D@2@@std@@QEAAX_K@Z 000000014001bcf0 f i Test.obj
 0002:0000ad50       ?__autoclassinit2@?$unique_lock@Vmutex@std@@@std@@QEAAX_K@Z 000000014001bd50 f i Test.obj
 0002:0000adb0       ?__autoclassinit2@?$unique_ptr@V?$tuple@P6AXPEAVTest@@P81@EAAXV?$basic_string@DU?$char_traits@D@std@@V?$allocator@D@2@@std@@@Z1@ZPEAV1@P81@EAAX1@ZV23@@std@@U?$default_delete@V?$tuple@P6AXPEAVTest@@P81@EAAXV?$basic_string@DU?$char_traits@D@std@@V?$allocator@D@2@@std@@@Z1@ZPEAV1@P81@EAAX1@ZV23@@std@@@2@@std@@QEAAX_K@Z 000000014001bdb0 f i Test.obj
 0002:0000ae10       ?__autoclassinit2@_Auto_cnd@std@@QEAAX_K@Z 000000014001be10 f i Test.obj
 0002:0000ae70       ?__autoclassinit2@_Auto_mtx@std@@QEAAX_K@Z 000000014001be70 f i Test.obj
 0002:0000aed0       ?__empty_global_delete@@YAXPEAX@Z 000000014001bed0 f i Test.obj
 0002:0000af10       ?__empty_global_delete@@YAXPEAX_K@Z 000000014001bf10 f i Test.obj
 0002:0000af60       ?address@?$_Wrap_alloc@V?$allocator@U_Container_proxy@std@@@std@@@std@@QEBAPEAU_Container_proxy@2@AEAU32@@Z 000000014001bf60 f i Test.obj
 0002:0000afc0       ?allocate@?$_Wrap_alloc@V?$allocator@D@std@@@std@@QEAAPEAD_K@Z 000000014001bfc0 f i Test.obj
 0002:0000b020       ?allocate@?$_Wrap_alloc@V?$allocator@U_Container_proxy@std@@@std@@@std@@QEAAPEAU_Container_proxy@2@_K@Z 000000014001c020 f i Test.obj
 0002:0000b080       ?allocate@?$allocator@D@std@@QEAAPEAD_K@Z 000000014001c080 f i Test.obj
 0002:0000b0e0       ?allocate@?$allocator@U_Container_proxy@std@@@std@@QEAAPEAU_Container_proxy@2@_K@Z 000000014001c0e0 f i Test.obj
 0002:0000b140       ?assign@?$basic_string@DU?$char_traits@D@std@@V?$allocator@D@2@@std@@QEAAAEAV12@AEBV12@_K1@Z 000000014001c140 f i Test.obj
 0002:0000b2d0       ?assign@?$basic_string@DU?$char_traits@D@std@@V?$allocator@D@2@@std@@QEAAAEAV12@PEBD@Z 000000014001c2d0 f i Test.obj
 0002:0000b370       ?assign@?$basic_string@DU?$char_traits@D@std@@V?$allocator@D@2@@std@@QEAAAEAV12@PEBD_K@Z 000000014001c370 f i Test.obj
 0002:0000b4e0       ?assign@?$char_traits@D@std@@SAXAEADAEBD@Z 000000014001c4e0 f i Test.obj
 0002:0000b540       ?c_str@?$basic_string@DU?$char_traits@D@std@@V?$allocator@D@2@@std@@QEBAPEBDXZ 000000014001c540 f i Test.obj
 0002:0000b5a0       ?copy@?$char_traits@D@std@@SAPEADPEADPEBD_K@Z 000000014001c5a0 f i Test.obj
 0002:0000b640       ?count@?$duration@_JU?$ratio@$00$00@std@@@chrono@std@@QEBA_JXZ 000000014001c640 f i Test.obj
 0002:0000b690       ?count@?$duration@_JU?$ratio@$00$0DLJKMKAA@@std@@@chrono@std@@QEBA_JXZ 000000014001c690 f i Test.obj
 0002:0000b6e0       ?count@?$duration@_JU?$ratio@$00$0JIJGIA@@std@@@chrono@std@@QEBA_JXZ 000000014001c6e0 f i Test.obj
 0002:0000b730       ?count@?$duration@_JU?$ratio@$00$0PECEA@@std@@@chrono@std@@QEBA_JXZ 000000014001c730 f i Test.obj
 0002:0000b780       ?deallocate@?$_Wrap_alloc@V?$allocator@D@std@@@std@@QEAAXPEAD_K@Z 000000014001c780 f i Test.obj
 0002:0000b7f0       ?deallocate@?$_Wrap_alloc@V?$allocator@U_Container_proxy@std@@@std@@@std@@QEAAXPEAU_Container_proxy@2@_K@Z 000000014001c7f0 f i Test.obj
 0002:0000b860       ?deallocate@?$allocator@D@std@@QEAAXPEAD_K@Z 000000014001c860 f i Test.obj
 0002:0000b8d0       ?deallocate@?$allocator@U_Container_proxy@std@@@std@@QEAAXPEAU_Container_proxy@2@_K@Z 000000014001c8d0 f i Test.obj
 0002:0000b940       ?eof@?$char_traits@D@std@@SAHXZ 000000014001c940 f i Test.obj
 0002:0000b980       ?eq@?$char_traits@D@std@@SA_NAEBD0@Z 000000014001c980 f i Test.obj
 0002:0000ba10       ?eq_int_type@?$char_traits@D@std@@SA_NAEBH0@Z 000000014001ca10 f i Test.obj
 0002:0000baa0       ?erase@?$basic_string@DU?$char_traits@D@std@@V?$allocator@D@2@@std@@QEAAAEAV12@_K0@Z 000000014001caa0 f i Test.obj
 0002:0000bc00       ?erase@?$basic_string@DU?$char_traits@D@std@@V?$allocator@D@2@@std@@QEAAAEAV12@_K@Z 000000014001cc00 f i Test.obj
 0002:0000bc80       ?get@?$unique_ptr@V?$tuple@P6AXPEAVTest@@P81@EAAXV?$basic_string@DU?$char_traits@D@std@@V?$allocator@D@2@@std@@@Z1@ZPEAV1@P81@EAAX1@ZV23@@std@@U?$default_delete@V?$tuple@P6AXPEAVTest@@P81@EAAXV?$basic_string@DU?$char_traits@D@std@@V?$allocator@D@2@@std@@@Z1@ZPEAV1@P81@EAAX1@ZV23@@std@@@2@@std@@QEBAPEAV?$tuple@P6AXPEAVTest@@P81@EAAXV?$basic_string@DU?$char_traits@D@std@@V?$allocator@D@2@@std@@@Z1@ZPEAV1@P81@EAAX1@ZV23@@2@XZ 000000014001cc80 f i Test.obj
 0002:0000bce0       ?get_deleter@?$_Unique_ptr_base@V?$tuple@P6AXPEAVTest@@P81@EAAXV?$basic_string@DU?$char_traits@D@std@@V?$allocator@D@2@@std@@@Z1@ZPEAV1@P81@EAAX1@ZV23@@std@@U?$default_delete@V?$tuple@P6AXPEAVTest@@P81@EAAXV?$basic_string@DU?$char_traits@D@std@@V?$allocator@D@2@@std@@@Z1@ZPEAV1@P81@EAAX1@ZV23@@std@@@2@@std@@QEAAAEAU?$default_delete@V?$tuple@P6AXPEAVTest@@P81@EAAXV?$basic_string@DU?$char_traits@D@std@@V?$allocator@D@2@@std@@@Z1@ZPEAV1@P81@EAAX1@ZV23@@std@@@2@XZ 000000014001cce0 f i Test.obj
 0002:0000bd40       ?length@?$char_traits@D@std@@SA_KPEBD@Z 000000014001cd40 f i Test.obj
 0002:0000bdd0       ?lock@_Mutex_base@std@@QEAAXXZ 000000014001cdd0 f i Test.obj
 0002:0000be30       ?max_size@?$_Wrap_alloc@V?$allocator@D@std@@@std@@QEBA_KU_Nil@2@@Z 000000014001ce30 f i Test.obj
 0002:0000be90       ?max_size@?$allocator@D@std@@QEBA_KXZ 000000014001ce90 f i Test.obj
 0002:0000bee0       ?max_size@?$allocator_traits@V?$allocator@D@std@@@std@@SA_KAEBV?$allocator@D@2@@Z 000000014001cee0 f i Test.obj
 0002:0000bf30       ?max_size@?$basic_string@DU?$char_traits@D@std@@V?$allocator@D@2@@std@@QEBA_KXZ 000000014001cf30 f i Test.obj
 0002:0000bfd0       ?move@?$char_traits@D@std@@SAPEADPEADPEBD_K@Z 000000014001cfd0 f i Test.obj
 0002:0000c080       ?mutex@?$unique_lock@Vmutex@std@@@std@@QEBAPEAV02@XZ 000000014001d080 f i Test.obj
 0002:0000c0d0       ?not_eof@?$char_traits@D@std@@SAHAEBH@Z 000000014001d0d0 f i Test.obj
 0002:0000c180       ?notify_one@condition_variable@std@@QEAAXXZ 000000014001d180 f i Test.obj
 0002:0000c1f0       ?now@system_clock@chrono@std@@SA?AV?$time_point@Usystem_clock@chrono@std@@V?$duration@_JU?$ratio@$00$0JIJGIA@@std@@@23@@23@XZ 000000014001d1f0 f i Test.obj
 0002:0000c290       ?overflow@?$basic_stringbuf@DU?$char_traits@D@std@@V?$allocator@D@2@@std@@MEAAHH@Z 000000014001d290 f i Test.obj
 0002:0000c8b0       ?pbackfail@?$basic_stringbuf@DU?$char_traits@D@std@@V?$allocator@D@2@@std@@MEAAHH@Z 000000014001d8b0 f i Test.obj
 0002:0000ca70       ?pointer_to@?$pointer_traits@PEAU_Container_proxy@std@@@std@@SAPEAU_Container_proxy@2@AEAU32@@Z 000000014001da70 f i Test.obj
 0002:0000cac0       ?printLog@Test@@QEAAXV?$basic_string@DU?$char_traits@D@std@@V?$allocator@D@2@@std@@@Z 000000014001dac0 f   Test.obj
 0002:0000cb80       ?procA@Test@@QEAAXV?$basic_string@DU?$char_traits@D@std@@V?$allocator@D@2@@std@@@Z 000000014001db80 f   Test.obj
 0002:0000cf70       ?procB@Test@@QEAAXV?$basic_string@DU?$char_traits@D@std@@V?$allocator@D@2@@std@@@Z 000000014001df70 f   Test.obj
 0002:0000d360       ?release@?$unique_ptr@V?$tuple@P6AXPEAVTest@@P81@EAAXV?$basic_string@DU?$char_traits@D@std@@V?$allocator@D@2@@std@@@Z1@ZPEAV1@P81@EAAX1@ZV23@@std@@U?$default_delete@V?$tuple@P6AXPEAVTest@@P81@EAAXV?$basic_string@DU?$char_traits@D@std@@V?$allocator@D@2@@std@@@Z1@ZPEAV1@P81@EAAX1@ZV23@@std@@@2@@std@@QEAAPEAV?$tuple@P6AXPEAVTest@@P81@EAAXV?$basic_string@DU?$char_traits@D@std@@V?$allocator@D@2@@std@@@Z1@ZPEAV1@P81@EAAX1@ZV23@@2@XZ 000000014001e360 f i Test.obj
 0002:0000d3e0       ?resumePA@Test@@QEAAXXZ    000000014001e3e0 f   Test.obj
 0002:0000d490       ?resumePB@Test@@QEAAXXZ    000000014001e490 f   Test.obj
 0002:0000d540       ?seekoff@?$basic_stringbuf@DU?$char_traits@D@std@@V?$allocator@D@2@@std@@MEAA?AV?$fpos@U_Mbstatet@@@2@_JHH@Z 000000014001e540 f i Test.obj
 0002:0000da40       ?seekpos@?$basic_stringbuf@DU?$char_traits@D@std@@V?$allocator@D@2@@std@@MEAA?AV?$fpos@U_Mbstatet@@@2@V32@H@Z 000000014001ea40 f i Test.obj
 0002:0000dd80       ?select_on_container_copy_construction@?$_Wrap_alloc@V?$allocator@D@std@@@std@@QEBA?AU12@U_Nil@2@@Z 000000014001ed80 f i Test.obj
 0002:0000de00       ?select_on_container_copy_construction@?$allocator_traits@V?$allocator@D@std@@@std@@SA?AV?$allocator@D@2@AEBV32@@Z 000000014001ee00 f i Test.obj
 0002:0000de70       ?size@?$basic_string@DU?$char_traits@D@std@@V?$allocator@D@2@@std@@QEBA_KXZ 000000014001ee70 f i Test.obj
 0002:0000ded0       ?start@Test@@QEAAXXZ       000000014001eed0 f   Test.obj
 0002:0000e130       ?stop@Test@@QEAAXXZ        000000014001f130 f   Test.obj
 0002:0000e170       ?str@?$basic_ostringstream@DU?$char_traits@D@std@@V?$allocator@D@2@@std@@QEBA?AV?$basic_string@DU?$char_traits@D@std@@V?$allocator@D@2@@2@XZ 000000014001f170 f i Test.obj
 0002:0000e200       ?str@?$basic_stringbuf@DU?$char_traits@D@std@@V?$allocator@D@2@@std@@QEBA?AV?$basic_string@DU?$char_traits@D@std@@V?$allocator@D@2@@2@XZ 000000014001f200 f i Test.obj
 0002:0000e4f0       ?time_since_epoch@?$time_point@Usystem_clock@chrono@std@@V?$duration@_JU?$ratio@$00$0JIJGIA@@std@@@23@@chrono@std@@QEBA?AV?$duration@_JU?$ratio@$00$0JIJGIA@@std@@@23@XZ 000000014001f4f0 f i Test.obj
 0002:0000e560       ?to_char_type@?$char_traits@D@std@@SADAEBH@Z 000000014001f560 f i Test.obj
 0002:0000e5b0       ?to_int_type@?$char_traits@D@std@@SAHAEBD@Z 000000014001f5b0 f i Test.obj
 0002:0000e600       ?underflow@?$basic_stringbuf@DU?$char_traits@D@std@@V?$allocator@D@2@@std@@MEAAHXZ 000000014001f600 f i Test.obj
 0002:0000e810       ?unlock@_Mutex_base@std@@QEAAXXZ 000000014001f810 f i Test.obj
 0002:0000e870       ?wait_until@condition_variable@std@@QEAA?AW4cv_status@2@AEAV?$unique_lock@Vmutex@std@@@2@PEBUxtime@@@Z 000000014001f870 f i Test.obj
 0002:0000e980       ?zero@?$duration@_JU?$ratio@$00$00@std@@@chrono@std@@SA?AV123@XZ 000000014001f980 f i Test.obj
 0002:0000e9f0       ?zero@?$duration@_JU?$ratio@$00$0PECEA@@std@@@chrono@std@@SA?AV123@XZ 000000014001f9f0 f i Test.obj
 0002:0000ea60       ?zero@?$duration_values@_J@chrono@std@@SA_JXZ 000000014001fa60 f i Test.obj
 0002:0000eaa0       ?__autoclassinit2@Test@@QEAAX_K@Z 000000014001faa0 f i Test_test.obj
 0002:0000eb00       main                       000000014001fb00 f   Test_test.obj
 0002:0000ed7e       ??0_Lockit@std@@QEAA@H@Z   000000014001fd7e f   msvcprtd:MSVCP140D.dll
 0002:0000ed84       ??1_Lockit@std@@QEAA@XZ    000000014001fd84 f   msvcprtd:MSVCP140D.dll
 0002:0000ed8a       _Thrd_start                000000014001fd8a f   msvcprtd:MSVCP140D.dll
 0002:0000ed90       _Xtime_get_ticks           000000014001fd90 f   msvcprtd:MSVCP140D.dll
 0002:0000ed96       ?uncaught_exception@std@@YA_NXZ 000000014001fd96 f   msvcprtd:MSVCP140D.dll
 0002:0000ed9c       ?_Debug_message@std@@YAXPEB_W0I@Z 000000014001fd9c f   msvcprtd:MSVCP140D.dll
 0002:0000eda2       ?_Xbad_alloc@std@@YAXXZ    000000014001fda2 f   msvcprtd:MSVCP140D.dll
 0002:0000eda8       ?_Xlength_error@std@@YAXPEBD@Z 000000014001fda8 f   msvcprtd:MSVCP140D.dll
 0002:0000edae       ?_Xout_of_range@std@@YAXPEBD@Z 000000014001fdae f   msvcprtd:MSVCP140D.dll
 0002:0000edb4       _Mtx_init                  000000014001fdb4 f   msvcprtd:MSVCP140D.dll
 0002:0000edba       _Mtx_destroy               000000014001fdba f   msvcprtd:MSVCP140D.dll
 0002:0000edc0       _Mtx_init_in_situ          000000014001fdc0 f   msvcprtd:MSVCP140D.dll
 0002:0000edc6       _Mtx_destroy_in_situ       000000014001fdc6 f   msvcprtd:MSVCP140D.dll
 0002:0000edcc       _Mtx_current_owns          000000014001fdcc f   msvcprtd:MSVCP140D.dll
 0002:0000edd2       _Mtx_lock                  000000014001fdd2 f   msvcprtd:MSVCP140D.dll
 0002:0000edd8       _Mtx_unlock                000000014001fdd8 f   msvcprtd:MSVCP140D.dll
 0002:0000edde       _Cnd_init                  000000014001fdde f   msvcprtd:MSVCP140D.dll
 0002:0000ede4       _Cnd_destroy               000000014001fde4 f   msvcprtd:MSVCP140D.dll
 0002:0000edea       _Cnd_init_in_situ          000000014001fdea f   msvcprtd:MSVCP140D.dll
 0002:0000edf0       _Cnd_destroy_in_situ       000000014001fdf0 f   msvcprtd:MSVCP140D.dll
 0002:0000edf6       _Cnd_wait                  000000014001fdf6 f   msvcprtd:MSVCP140D.dll
 0002:0000edfc       _Cnd_timedwait             000000014001fdfc f   msvcprtd:MSVCP140D.dll
 0002:0000ee02       _Cnd_signal                000000014001fe02 f   msvcprtd:MSVCP140D.dll
 0002:0000ee08       _Cnd_do_broadcast_at_thread_exit 000000014001fe08 f   msvcprtd:MSVCP140D.dll
 0002:0000ee0e       ?_Throw_C_error@std@@YAXH@Z 000000014001fe0e f   msvcprtd:MSVCP140D.dll
 0002:0000ee14       ?_Throw_Cpp_error@std@@YAXH@Z 000000014001fe14 f   msvcprtd:MSVCP140D.dll
 0002:0000ee1a       ?good@ios_base@std@@QEBA_NXZ 000000014001fe1a f   msvcprtd:MSVCP140D.dll
 0002:0000ee20       ?flags@ios_base@std@@QEBAHXZ 000000014001fe20 f   msvcprtd:MSVCP140D.dll
 0002:0000ee26       ?width@ios_base@std@@QEBA_JXZ 000000014001fe26 f   msvcprtd:MSVCP140D.dll
 0002:0000ee2c       ?width@ios_base@std@@QEAA_J_J@Z 000000014001fe2c f   msvcprtd:MSVCP140D.dll
 0002:0000ee32       ??0?$basic_streambuf@DU?$char_traits@D@std@@@std@@IEAA@XZ 000000014001fe32 f   msvcprtd:MSVCP140D.dll
 0002:0000ee38       ??1?$basic_streambuf@DU?$char_traits@D@std@@@std@@UEAA@XZ 000000014001fe38 f   msvcprtd:MSVCP140D.dll
 0002:0000ee3e       ?sputc@?$basic_streambuf@DU?$char_traits@D@std@@@std@@QEAAHD@Z 000000014001fe3e f   msvcprtd:MSVCP140D.dll
 0002:0000ee44       ?sputn@?$basic_streambuf@DU?$char_traits@D@std@@@std@@QEAA_JPEBD_J@Z 000000014001fe44 f   msvcprtd:MSVCP140D.dll
 0002:0000ee4a       ?eback@?$basic_streambuf@DU?$char_traits@D@std@@@std@@IEBAPEADXZ 000000014001fe4a f   msvcprtd:MSVCP140D.dll
 0002:0000ee50       ?gptr@?$basic_streambuf@DU?$char_traits@D@std@@@std@@IEBAPEADXZ 000000014001fe50 f   msvcprtd:MSVCP140D.dll
 0002:0000ee56       ?pbase@?$basic_streambuf@DU?$char_traits@D@std@@@std@@IEBAPEADXZ 000000014001fe56 f   msvcprtd:MSVCP140D.dll
 0002:0000ee5c       ?pptr@?$basic_streambuf@DU?$char_traits@D@std@@@std@@IEBAPEADXZ 000000014001fe5c f   msvcprtd:MSVCP140D.dll
 0002:0000ee62       ?egptr@?$basic_streambuf@DU?$char_traits@D@std@@@std@@IEBAPEADXZ 000000014001fe62 f   msvcprtd:MSVCP140D.dll
 0002:0000ee68       ?gbump@?$basic_streambuf@DU?$char_traits@D@std@@@std@@IEAAXH@Z 000000014001fe68 f   msvcprtd:MSVCP140D.dll
 0002:0000ee6e       ?setg@?$basic_streambuf@DU?$char_traits@D@std@@@std@@IEAAXPEAD00@Z 000000014001fe6e f   msvcprtd:MSVCP140D.dll
 0002:0000ee74       ?epptr@?$basic_streambuf@DU?$char_traits@D@std@@@std@@IEBAPEADXZ 000000014001fe74 f   msvcprtd:MSVCP140D.dll
 0002:0000ee7a       ?pbump@?$basic_streambuf@DU?$char_traits@D@std@@@std@@IEAAXH@Z 000000014001fe7a f   msvcprtd:MSVCP140D.dll
 0002:0000ee80       ?setp@?$basic_streambuf@DU?$char_traits@D@std@@@std@@IEAAXPEAD0@Z 000000014001fe80 f   msvcprtd:MSVCP140D.dll
 0002:0000ee86       ?setp@?$basic_streambuf@DU?$char_traits@D@std@@@std@@IEAAXPEAD00@Z 000000014001fe86 f   msvcprtd:MSVCP140D.dll
 0002:0000ee8c       ?_Pninc@?$basic_streambuf@DU?$char_traits@D@std@@@std@@IEAAPEADXZ 000000014001fe8c f   msvcprtd:MSVCP140D.dll
 0002:0000ee92       ??1?$basic_ios@DU?$char_traits@D@std@@@std@@UEAA@XZ 000000014001fe92 f   msvcprtd:MSVCP140D.dll
 0002:0000ee98       ?setstate@?$basic_ios@DU?$char_traits@D@std@@@std@@QEAAXH_N@Z 000000014001fe98 f   msvcprtd:MSVCP140D.dll
 0002:0000ee9e       ?tie@?$basic_ios@DU?$char_traits@D@std@@@std@@QEBAPEAV?$basic_ostream@DU?$char_traits@D@std@@@2@XZ 000000014001fe9e f   msvcprtd:MSVCP140D.dll
 0002:0000eea4       ?rdbuf@?$basic_ios@DU?$char_traits@D@std@@@std@@QEBAPEAV?$basic_streambuf@DU?$char_traits@D@std@@@2@XZ 000000014001fea4 f   msvcprtd:MSVCP140D.dll
 0002:0000eeaa       ?fill@?$basic_ios@DU?$char_traits@D@std@@@std@@QEBADXZ 000000014001feaa f   msvcprtd:MSVCP140D.dll
 0002:0000eeb0       ?widen@?$basic_ios@DU?$char_traits@D@std@@@std@@QEBADD@Z 000000014001feb0 f   msvcprtd:MSVCP140D.dll
 0002:0000eeb6       ??0?$basic_ios@DU?$char_traits@D@std@@@std@@IEAA@XZ 000000014001feb6 f   msvcprtd:MSVCP140D.dll
 0002:0000eebc       ??0?$basic_ostream@DU?$char_traits@D@std@@@std@@QEAA@PEAV?$basic_streambuf@DU?$char_traits@D@std@@@1@_N@Z 000000014001febc f   msvcprtd:MSVCP140D.dll
 0002:0000eec2       ??1?$basic_ostream@DU?$char_traits@D@std@@@std@@UEAA@XZ 000000014001fec2 f   msvcprtd:MSVCP140D.dll
 0002:0000eec8       ?_Osfx@?$basic_ostream@DU?$char_traits@D@std@@@std@@QEAAXXZ 000000014001fec8 f   msvcprtd:MSVCP140D.dll
 0002:0000eece       ??6?$basic_ostream@DU?$char_traits@D@std@@@std@@QEAAAEAV01@P6AAEAV01@AEAV01@@Z@Z 000000014001fece f   msvcprtd:MSVCP140D.dll
 0002:0000eed4       ??6?$basic_ostream@DU?$char_traits@D@std@@@std@@QEAAAEAV01@H@Z 000000014001fed4 f   msvcprtd:MSVCP140D.dll
 0002:0000eeda       ?put@?$basic_ostream@DU?$char_traits@D@std@@@std@@QEAAAEAV12@D@Z 000000014001feda f   msvcprtd:MSVCP140D.dll
 0002:0000eee0       ?flush@?$basic_ostream@DU?$char_traits@D@std@@@std@@QEAAAEAV12@XZ 000000014001fee0 f   msvcprtd:MSVCP140D.dll
 0002:0000eee6       ?_Lock@?$basic_streambuf@DU?$char_traits@D@std@@@std@@UEAAXXZ 000000014001fee6 f   msvcprtd:MSVCP140D.dll
 0002:0000eeec       ?_Unlock@?$basic_streambuf@DU?$char_traits@D@std@@@std@@UEAAXXZ 000000014001feec f   msvcprtd:MSVCP140D.dll
 0002:0000eef2       ?imbue@?$basic_streambuf@DU?$char_traits@D@std@@@std@@MEAAXAEBVlocale@2@@Z 000000014001fef2 f   msvcprtd:MSVCP140D.dll
 0002:0000eef8       ?setbuf@?$basic_streambuf@DU?$char_traits@D@std@@@std@@MEAAPEAV12@PEAD_J@Z 000000014001fef8 f   msvcprtd:MSVCP140D.dll
 0002:0000eefe       ?showmanyc@?$basic_streambuf@DU?$char_traits@D@std@@@std@@MEAA_JXZ 000000014001fefe f   msvcprtd:MSVCP140D.dll
 0002:0000ef04       ?sync@?$basic_streambuf@DU?$char_traits@D@std@@@std@@MEAAHXZ 000000014001ff04 f   msvcprtd:MSVCP140D.dll
 0002:0000ef0a       ?uflow@?$basic_streambuf@DU?$char_traits@D@std@@@std@@MEAAHXZ 000000014001ff0a f   msvcprtd:MSVCP140D.dll
 0002:0000ef10       ?xsgetn@?$basic_streambuf@DU?$char_traits@D@std@@@std@@MEAA_JPEAD_J@Z 000000014001ff10 f   msvcprtd:MSVCP140D.dll
 0002:0000ef16       ?xsputn@?$basic_streambuf@DU?$char_traits@D@std@@@std@@MEAA_JPEBD_J@Z 000000014001ff16 f   msvcprtd:MSVCP140D.dll
 0002:0000ef1c       ?getline@?$basic_istream@DU?$char_traits@D@std@@@std@@QEAAAEAV12@PEAD_J@Z 000000014001ff1c f   msvcprtd:MSVCP140D.dll
 0002:0000ef30       ??2@YAPEAX_K@Z             000000014001ff30 f   MSVCRTD:new_scalar.obj
 0002:0000efa0       ??3@YAXPEAX@Z              000000014001ffa0 f   MSVCRTD:delete_scalar.obj
 0002:0000efd0       ??3@YAXPEAX_K@Z            000000014001ffd0 f   MSVCRTD:delete_scalar_size.obj
 0002:0000f000       _RTC_AllocaHelper          0000000140020000 f   MSVCRTD:_stack_.obj
 0002:0000f050       _RTC_CheckStackVars        0000000140020050 f   MSVCRTD:_stack_.obj
 0002:0000f100       _RTC_CheckStackVars2       0000000140020100 f   MSVCRTD:_stack_.obj
 0002:0000f250       _CRT_RTC_INIT              0000000140020250 f   MSVCRTD:_init_.obj
 0002:0000f260       _CRT_RTC_INITW             0000000140020260 f   MSVCRTD:_init_.obj
 0002:0000f270       _RTC_InitBase              0000000140020270 f   MSVCRTD:_init_.obj
 0002:0000f2c0       _RTC_Shutdown              00000001400202c0 f   MSVCRTD:_init_.obj
 0002:0000f2f0       __GSHandlerCheck           00000001400202f0 f   MSVCRTD:_gshandler_.obj
 0002:0000f340       __GSHandlerCheckCommon     0000000140020340 f   MSVCRTD:_gshandler_.obj
 0002:0000f480       __GSHandlerCheck_EH        0000000140020480 f   MSVCRTD:gshandlereh.obj
 0002:0000f560       __security_check_cookie    0000000140020560 f   MSVCRTD:_amdsecgs_.obj
 0002:0000f590       ??1type_info@@UEAA@XZ      0000000140020590 f   MSVCRTD:std_type_info_static.obj
 0002:0000f5b0       ??_Gtype_info@@UEAAPEAXI@Z 00000001400205b0 f i MSVCRTD:std_type_info_static.obj
 0002:0000f5b0       ??_Etype_info@@UEAAPEAXI@Z 00000001400205b0 f i MSVCRTD:std_type_info_static.obj
 0002:0000f950       ?configure_argv@__scrt_narrow_argv_policy@@SAHXZ 0000000140020950 f i MSVCRTD:exe_main.obj
 0002:0000f970       ?get_app_type@__scrt_main_policy@@SA?AW4_crt_app_type@@XZ 0000000140020970 f i MSVCRTD:exe_main.obj
 0002:0000f9f0       mainCRTStartup             00000001400209f0 f   MSVCRTD:exe_main.obj
 0002:0000fa10       ??0bad_alloc@std@@AEAA@QEBD@Z 0000000140020a10 f i MSVCRTD:throw_bad_alloc.obj
 0002:0000fa60       ??0bad_alloc@std@@QEAA@AEBV01@@Z 0000000140020a60 f i MSVCRTD:throw_bad_alloc.obj
 0002:0000fab0       ??0bad_alloc@std@@QEAA@XZ  0000000140020ab0 f i MSVCRTD:throw_bad_alloc.obj
 0002:0000fb00       ??0bad_array_new_length@std@@QEAA@AEBV01@@Z 0000000140020b00 f i MSVCRTD:throw_bad_alloc.obj
 0002:0000fb50       ??0bad_array_new_length@std@@QEAA@XZ 0000000140020b50 f i MSVCRTD:throw_bad_alloc.obj
 0002:0000fb90       ??0exception@std@@QEAA@AEBV01@@Z 0000000140020b90 f i MSVCRTD:throw_bad_alloc.obj
 0002:0000fc00       ??0exception@std@@QEAA@QEBDH@Z 0000000140020c00 f i MSVCRTD:throw_bad_alloc.obj
 0002:0000fc60       ??1bad_alloc@std@@UEAA@XZ  0000000140020c60 f i MSVCRTD:throw_bad_alloc.obj
 0002:0000fc80       ??1bad_array_new_length@std@@UEAA@XZ 0000000140020c80 f i MSVCRTD:throw_bad_alloc.obj
 0002:0000fca0       ??1exception@std@@UEAA@XZ  0000000140020ca0 f i MSVCRTD:throw_bad_alloc.obj
 0002:0000fce0       ??_Ebad_alloc@std@@UEAAPEAXI@Z 0000000140020ce0 f i MSVCRTD:throw_bad_alloc.obj
 0002:0000fce0       ??_Gbad_alloc@std@@UEAAPEAXI@Z 0000000140020ce0 f i MSVCRTD:throw_bad_alloc.obj
 0002:0000fd30       ??_Ebad_array_new_length@std@@UEAAPEAXI@Z 0000000140020d30 f i MSVCRTD:throw_bad_alloc.obj
 0002:0000fd30       ??_Gbad_array_new_length@std@@UEAAPEAXI@Z 0000000140020d30 f i MSVCRTD:throw_bad_alloc.obj
 0002:0000fd80       ??_Eexception@std@@UEAAPEAXI@Z 0000000140020d80 f i MSVCRTD:throw_bad_alloc.obj
 0002:0000fd80       ??_Gexception@std@@UEAAPEAXI@Z 0000000140020d80 f i MSVCRTD:throw_bad_alloc.obj
 0002:0000fdd0       ?__scrt_throw_std_bad_alloc@@YAXXZ 0000000140020dd0 f   MSVCRTD:throw_bad_alloc.obj
 0002:0000fe00       ?__scrt_throw_std_bad_array_new_length@@YAXXZ 0000000140020e00 f   MSVCRTD:throw_bad_alloc.obj
 0002:0000fe30       ?what@exception@std@@UEBAPEBDXZ 0000000140020e30 f i MSVCRTD:throw_bad_alloc.obj
 0002:0000fe80       ??$__vcrt_va_start_verify_argument_type@QEBD@@YAXXZ 0000000140020e80 f i MSVCRTD:_error_.obj
 0002:0000ff60       ?_RTC_AllocaFailure@@YAXPEAXPEAU_RTC_ALLOCA_NODE@@H@Z 0000000140020f60 f   MSVCRTD:_error_.obj
 0002:00010150       ?_RTC_Failure@@YAXPEAXH@Z  0000000140021150 f   MSVCRTD:_error_.obj
 0002:000101c0       ?_RTC_StackFailure@@YAXPEAXPEBD@Z 00000001400211c0 f   MSVCRTD:_error_.obj
 0002:00010750       _RTC_UninitUse             0000000140021750 f   MSVCRTD:_error_.obj
 0002:000108c0       __local_stdio_printf_options 00000001400218c0 f i MSVCRTD:_error_.obj
 0002:000108d0       _vsprintf_s_l              00000001400218d0 f i MSVCRTD:_error_.obj
 0002:00010950       sprintf_s                  0000000140021950 f i MSVCRTD:_error_.obj
 0002:000109a0       ?_RTC_GetErrorFunc@@YAP6AHHPEBDH00ZZPEBX@Z 00000001400219a0 f   MSVCRTD:_userapi_.obj
 0002:000109b0       ?_RTC_GetErrorFuncW@@YAP6AHHPEB_WH00ZZPEBX@Z 00000001400219b0 f   MSVCRTD:_userapi_.obj
 0002:000109c0       _RTC_GetErrDesc            00000001400219c0 f   MSVCRTD:_userapi_.obj
 0002:000109e0       _RTC_NumErrors             00000001400219e0 f   MSVCRTD:_userapi_.obj
 0002:000109f0       _RTC_SetErrorFunc          00000001400219f0 f   MSVCRTD:_userapi_.obj
 0002:00010a10       _RTC_SetErrorFuncW         0000000140021a10 f   MSVCRTD:_userapi_.obj
 0002:00010a30       _RTC_SetErrorType          0000000140021a30 f   MSVCRTD:_userapi_.obj
 0002:00010a60       __raise_securityfailure    0000000140021a60 f   MSVCRTD:gs_report.obj
 0002:00010ab0       __report_gsfailure         0000000140021ab0 f   MSVCRTD:gs_report.obj
 0002:00010bc0       __report_rangecheckfailure 0000000140021bc0 f   MSVCRTD:gs_report.obj
 0002:00010be0       __report_securityfailure   0000000140021be0 f   MSVCRTD:gs_report.obj
 0002:00010cb0       __report_securityfailureEx 0000000140021cb0 f   MSVCRTD:gs_report.obj
 0002:00010fb0       ??$__crt_fast_decode_pointer@PEAP6AXXZ@@YAPEAP6AXXZQEAP6AXXZ@Z 0000000140021fb0 f i MSVCRTD:utility.obj
 0002:00011000       ??$__crt_fast_encode_pointer@PEAP6AXXZ@@YAPEAP6AXXZQEAP6AXXZ@Z 0000000140022000 f i MSVCRTD:utility.obj
 0002:00011050       ?__crt_rotate_pointer_value@@YA_K_KH@Z 0000000140022050 f i MSVCRTD:utility.obj
 0002:00011220       NtCurrentTeb               0000000140022220 f i MSVCRTD:utility.obj
 0002:00011230       __scrt_acquire_startup_lock 0000000140022230 f   MSVCRTD:utility.obj
 0002:000112b0       __scrt_dllmain_after_initialize_c 00000001400222b0 f   MSVCRTD:utility.obj
 0002:000112f0       __scrt_dllmain_before_initialize_c 00000001400222f0 f   MSVCRTD:utility.obj
 0002:00011320       __scrt_dllmain_crt_thread_attach 0000000140022320 f   MSVCRTD:utility.obj
 0002:00011360       __scrt_dllmain_crt_thread_detach 0000000140022360 f   MSVCRTD:utility.obj
 0002:00011380       __scrt_dllmain_exception_filter 0000000140022380 f   MSVCRTD:utility.obj
 0002:00011400       __scrt_dllmain_uninitialize_c 0000000140022400 f   MSVCRTD:utility.obj
 0002:00011440       __scrt_dllmain_uninitialize_critical 0000000140022440 f   MSVCRTD:utility.obj
 0002:00011460       __scrt_initialize_crt      0000000140022460 f   MSVCRTD:utility.obj
 0002:000114c0       __scrt_initialize_onexit_tables 00000001400224c0 f   MSVCRTD:utility.obj
 0002:00011600       __scrt_is_nonwritable_in_current_image 0000000140022600 f   MSVCRTD:utility.obj
 0002:000116b0       __scrt_release_startup_lock 00000001400226b0 f   MSVCRTD:utility.obj
 0002:000116f0       __scrt_uninitialize_crt    00000001400226f0 f   MSVCRTD:utility.obj
 0002:00011740       _onexit                    0000000140022740 f   MSVCRTD:utility.obj
 0002:000117f0       at_quick_exit              00000001400227f0 f   MSVCRTD:utility.obj
 0002:00011860       atexit                     0000000140022860 f   MSVCRTD:utility.obj
 0002:000118a0       __security_init_cookie     00000001400228a0 f   MSVCRTD:gs_support.obj
 0002:00011a00       _matherr                   0000000140022a00 f   MSVCRTD:matherr.obj
 0002:00011a10       _get_startup_argv_mode     0000000140022a10 f   MSVCRTD:argv_mode.obj
 0002:00011a20       _get_startup_commit_mode   0000000140022a20 f   MSVCRTD:commit_mode.obj
 0002:00011a30       _get_startup_file_mode     0000000140022a30 f   MSVCRTD:file_mode.obj
 0002:00011a40       _get_startup_new_mode      0000000140022a40 f   MSVCRTD:new_mode.obj
 0002:00011a50       _get_startup_thread_locale_mode 0000000140022a50 f   MSVCRTD:thread_locale.obj
 0002:00011a60       ?__scrt_initialize_type_info@@YAXXZ 0000000140022a60 f   MSVCRTD:tncleanup.obj
 0002:00011a80       ?__scrt_uninitialize_type_info@@YAXXZ 0000000140022a80 f   MSVCRTD:tncleanup.obj
 0002:00011aa0       _should_initialize_environment 0000000140022aa0 f   MSVCRTD:env_mode.obj
 0002:00011ab0       _initialize_invalid_parameter_handler 0000000140022ab0 f   MSVCRTD:invalid_parameter_handler.obj
 0002:00011ac0       _initialize_denormal_control 0000000140022ac0 f   MSVCRTD:denormal_control.obj
 0002:00011ad0       __local_stdio_scanf_options 0000000140022ad0 f i MSVCRTD:default_local_stdio_options.obj
 0002:00011ae0       __scrt_initialize_default_local_stdio_options 0000000140022ae0 f   MSVCRTD:default_local_stdio_options.obj
 0002:00011b40       __scrt_is_user_matherr_present 0000000140022b40 f   MSVCRTD:matherr_detection.obj
 0002:00011b70       __scrt_get_dyn_tls_init_callback 0000000140022b70 f   MSVCRTD:dyn_tls_init.obj
 0002:00011b80       __scrt_get_dyn_tls_dtor_callback 0000000140022b80 f   MSVCRTD:dyn_tls_dtor.obj
 0002:00011b90       __crt_debugger_hook        0000000140022b90 f   MSVCRTD:utility_desktop.obj
 0002:00011bb0       __scrt_fastfail            0000000140022bb0 f   MSVCRTD:utility_desktop.obj
 0002:00011db0       __scrt_get_show_window_mode 0000000140022db0 f   MSVCRTD:utility_desktop.obj
 0002:00011e20       __scrt_initialize_winrt    0000000140022e20 f   MSVCRTD:utility_desktop.obj
 0002:00011e30       __scrt_is_managed_app      0000000140022e30 f   MSVCRTD:utility_desktop.obj
 0002:00011f00       __scrt_set_unhandled_exception_filter 0000000140022f00 f   MSVCRTD:utility_desktop.obj
 0002:00011f20       __scrt_unhandled_exception_filter 0000000140022f20 f   MSVCRTD:utility_desktop.obj
 0002:00011fb0       _RTC_Initialize            0000000140022fb0 f   MSVCRTD:_initsect_.obj
 0002:00012010       _RTC_Terminate             0000000140023010 f   MSVCRTD:_initsect_.obj
 0002:00012070       _guard_check_icall         0000000140023070 f i MSVCRTD:checkcfg.obj
 0002:000126b0       ?_RTC_GetSrcLine@@YAHPEAEPEA_WKPEAH1K@Z 00000001400236b0 f   MSVCRTD:_pdblkup_.obj
 0002:00012c40       __isa_available_init       0000000140023c40 f   MSVCRTD:_cpu_disp_.obj
 0002:000130a0       __scrt_is_ucrt_dll_in_use  00000001400240a0 f   MSVCRTD:ucrt_detection.obj
 0002:000130d0       _guard_check_icall_nop     00000001400240d0 f i MSVCRTD:guard_support.obj
 0002:000130e0       _guard_icall_checks_enforced 00000001400240e0 f i MSVCRTD:guard_support.obj
 0002:00013120       _purecall                  0000000140024120 f   vcruntimed:VCRUNTIME140D.dll
 0002:00013126       memcpy                     0000000140024126 f   vcruntimed:VCRUNTIME140D.dll
 0002:0001312c       memmove                    000000014002412c f   vcruntimed:VCRUNTIME140D.dll
 0002:00013132       _CxxThrowException         0000000140024132 f   vcruntimed:VCRUNTIME140D.dll
 0002:00013138       __CxxFrameHandler3         0000000140024138 f   vcruntimed:VCRUNTIME140D.dll
 0002:0001313e       __C_specific_handler       000000014002413e f   vcruntimed:VCRUNTIME140D.dll
 0002:00013144       __std_exception_copy       0000000140024144 f   vcruntimed:VCRUNTIME140D.dll
 0002:0001314a       __std_exception_destroy    000000014002414a f   vcruntimed:VCRUNTIME140D.dll
 0002:00013150       __std_type_info_destroy_list 0000000140024150 f   vcruntimed:VCRUNTIME140D.dll
 0002:00013156       __vcrt_GetModuleFileNameW  0000000140024156 f   vcruntimed:VCRUNTIME140D.dll
 0002:0001315c       __vcrt_GetModuleHandleW    000000014002415c f   vcruntimed:VCRUNTIME140D.dll
 0002:00013162       __vcrt_LoadLibraryExW      0000000140024162 f   vcruntimed:VCRUNTIME140D.dll
 0002:00013168       _invalid_parameter         0000000140024168 f   ucrtd:ucrtbased.dll
 0002:0001316e       strlen                     000000014002416e f   ucrtd:ucrtbased.dll
 0002:00013174       _CrtDbgReportW             0000000140024174 f   ucrtd:ucrtbased.dll
 0002:0001317a       _callnewh                  000000014002417a f   ucrtd:ucrtbased.dll
 0002:00013180       malloc                     0000000140024180 f   ucrtd:ucrtbased.dll
 0002:00013186       _free_dbg                  0000000140024186 f   ucrtd:ucrtbased.dll
 0002:0001318c       _CrtDbgReport              000000014002418c f   ucrtd:ucrtbased.dll
 0002:00013192       _seh_filter_exe            0000000140024192 f   ucrtd:ucrtbased.dll
 0002:00013198       _set_app_type              0000000140024198 f   ucrtd:ucrtbased.dll
 0002:0001319e       __setusermatherr           000000014002419e f   ucrtd:ucrtbased.dll
 0002:000131a4       _configure_narrow_argv     00000001400241a4 f   ucrtd:ucrtbased.dll
 0002:000131aa       _initialize_narrow_environment 00000001400241aa f   ucrtd:ucrtbased.dll
 0002:000131b0       _get_initial_narrow_environment 00000001400241b0 f   ucrtd:ucrtbased.dll
 0002:000131b6       _initterm                  00000001400241b6 f   ucrtd:ucrtbased.dll
 0002:000131bc       _initterm_e                00000001400241bc f   ucrtd:ucrtbased.dll
 0002:000131c2       exit                       00000001400241c2 f   ucrtd:ucrtbased.dll
[...]
 0004:00000044       __scrt_default_matherr     0000000140030044     MSVCRTD:matherr.obj
 0004:00000048       __isa_available            0000000140030048     MSVCRTD:_cpu_disp_.obj
 0004:0000004c       __isa_enabled              000000014003004c     MSVCRTD:_cpu_disp_.obj
 0004:00000050       __memcpy_nt_iters          0000000140030050     MSVCRTD:_cpu_disp_.obj
 0004:00000060       __scrt_ucrt_dll_is_in_use  0000000140030060     MSVCRTD:ucrt_stubs.obj
 0004:00000170       ??_R0?AV?$basic_stringbuf@DU?$char_traits@D@std@@V?$allocator@D@2@@std@@@8 0000000140030170     Test.obj
 0004:000001e0       ??_R0?AV?$basic_streambuf@DU?$char_traits@D@std@@@std@@@8 00000001400301e0     Test.obj
 0004:00000240       ??_R0?AV?$basic_ostringstream@DU?$char_traits@D@std@@V?$allocator@D@2@@std@@@8 0000000140030240     Test.obj
 0004:000002b0       ??_R0?AV?$basic_ostream@DU?$char_traits@D@std@@@std@@@8 00000001400302b0     Test.obj
 0004:00000300       ??_R0?AV?$basic_ios@DU?$char_traits@D@std@@@std@@@8 0000000140030300     Test.obj
 0004:00000350       ??_R0?AVios_base@std@@@8   0000000140030350     Test.obj
 0004:00000380       ??_R0?AV?$_Iosb@H@std@@@8  0000000140030380     Test.obj
 0004:000003b0       ??_R0?AV_Pad@std@@@8       00000001400303b0     Test.obj
 0004:000003d8       ??_R0?AVTest@@@8           00000001400303d8     Test.obj
 0004:00000400       ??_R0?AV?$_LaunchPad@V?$unique_ptr@V?$tuple@P6AXPEAVTest@@P81@EAAXV?$basic_string@DU?$char_traits@D@std@@V?$allocator@D@2@@std@@@Z1@ZPEAV1@P81@EAAX1@ZV23@@std@@U?$default_delete@V?$tuple@P6AXPEAVTest@@P81@EAAXV?$basic_string@DU?$char_traits@D@std@@V?$allocator@D@2@@std@@@Z1@ZPEAV1@P81@EAAX1@ZV23@@std@@@2@@std@@@std@@@8 0000000140030400     Test.obj
 0004:00000590       ??_R0?AVtype_info@@@8      0000000140030590     MSVCRTD:std_type_info_static.obj
 0004:000005b8       ??_R0?AVbad_alloc@std@@@8  00000001400305b8     MSVCRTD:throw_bad_alloc.obj
 0004:000005e8       ??_R0?AVexception@std@@@8  00000001400305e8     MSVCRTD:throw_bad_alloc.obj
 0004:00000618       ??_R0?AVbad_array_new_length@std@@@8 0000000140030618     MSVCRTD:throw_bad_alloc.obj
 0004:00000778       ?_OptionsStorage@?1??__local_stdio_printf_options@@9@4_KA 0000000140030778     MSVCRTD:_error_.obj
 0004:00000e28       __scrt_current_native_startup_state 0000000140030e28     MSVCRTD:utility.obj
 0004:00000e30       __scrt_native_startup_lock 0000000140030e30     MSVCRTD:utility.obj
 0004:00000e80       ?__type_info_root_node@@3U__type_info_node@@A 0000000140030e80     MSVCRTD:tncleanup.obj
 0004:00000e98       ?_OptionsStorage@?1??__local_stdio_scanf_options@@9@4_KA 0000000140030e98     MSVCRTD:default_local_stdio_options.obj
 0004:00000ea4       __scrt_debugger_hook_flag  0000000140030ea4     MSVCRTD:utility_desktop.obj
 0004:00000eb4       __favor                    0000000140030eb4     MSVCRTD:_cpu_disp_.obj
 0004:00000eb8       __dyn_tls_dtor_callback    0000000140030eb8     <common>
 0004:00000ed0       __dyn_tls_init_callback    0000000140030ed0     <common>
 0006:00000000       __imp_RaiseException       0000000140035000     kernel32:KERNEL32.dll
 0006:00000008       __imp_MultiByteToWideChar  0000000140035008     kernel32:KERNEL32.dll
 0006:00000010       __imp_WideCharToMultiByte  0000000140035010     kernel32:KERNEL32.dll
 0006:00000018       __imp_RtlCaptureContext    0000000140035018     kernel32:KERNEL32.dll
 0006:00000020       __imp_RtlLookupFunctionEntry 0000000140035020     kernel32:KERNEL32.dll
 0006:00000028       __imp_RtlVirtualUnwind     0000000140035028     kernel32:KERNEL32.dll
 0006:00000030       __imp_UnhandledExceptionFilter 0000000140035030     kernel32:KERNEL32.dll
 0006:00000038       __imp_SetUnhandledExceptionFilter 0000000140035038     kernel32:KERNEL32.dll
 0006:00000040       __imp_GetCurrentProcess    0000000140035040     kernel32:KERNEL32.dll
 0006:00000048       __imp_TerminateProcess     0000000140035048     kernel32:KERNEL32.dll
 0006:00000050       __imp_IsProcessorFeaturePresent 0000000140035050     kernel32:KERNEL32.dll
 0006:00000058       __imp_QueryPerformanceCounter 0000000140035058     kernel32:KERNEL32.dll
 0006:00000060       __imp_GetCurrentProcessId  0000000140035060     kernel32:KERNEL32.dll
 0006:00000068       __imp_GetCurrentThreadId   0000000140035068     kernel32:KERNEL32.dll
 0006:00000070       __imp_GetSystemTimeAsFileTime 0000000140035070     kernel32:KERNEL32.dll
 0006:00000078       __imp_InitializeSListHead  0000000140035078     kernel32:KERNEL32.dll
 0006:00000080       __imp_GetStartupInfoW      0000000140035080     kernel32:KERNEL32.dll
 0006:00000088       __imp_GetModuleHandleW     0000000140035088     kernel32:KERNEL32.dll
 0006:00000090       __imp_GetLastError         0000000140035090     kernel32:KERNEL32.dll
 0006:00000098       __imp_HeapAlloc            0000000140035098     kernel32:KERNEL32.dll
 0006:000000a0       __imp_HeapFree             00000001400350a0     kernel32:KERNEL32.dll
 0006:000000a8       __imp_GetProcessHeap       00000001400350a8     kernel32:KERNEL32.dll
 0006:000000b0       __imp_VirtualQuery         00000001400350b0     kernel32:KERNEL32.dll
 0006:000000b8       __imp_FreeLibrary          00000001400350b8     kernel32:KERNEL32.dll
 0006:000000c0       __imp_GetProcAddress       00000001400350c0     kernel32:KERNEL32.dll
 0006:000000c8       __imp_IsDebuggerPresent    00000001400350c8     kernel32:KERNEL32.dll
 0006:000000d0       \177KERNEL32_NULL_THUNK_DATA 00000001400350d0     kernel32:KERNEL32.dll
 0006:00000150       __imp_?flags@ios_base@std@@QEBAHXZ 0000000140035150     msvcprtd:MSVCP140D.dll
 0006:00000158       __imp_?width@ios_base@std@@QEBA_JXZ 0000000140035158     msvcprtd:MSVCP140D.dll
 0006:00000160       __imp_?width@ios_base@std@@QEAA_J_J@Z 0000000140035160     msvcprtd:MSVCP140D.dll
 0006:00000168       __imp_??0?$basic_streambuf@DU?$char_traits@D@std@@@std@@IEAA@XZ 0000000140035168     msvcprtd:MSVCP140D.dll
 0006:00000170       __imp_??1?$basic_streambuf@DU?$char_traits@D@std@@@std@@UEAA@XZ 0000000140035170     msvcprtd:MSVCP140D.dll
 0006:00000178       __imp_?sputc@?$basic_streambuf@DU?$char_traits@D@std@@@std@@QEAAHD@Z 0000000140035178     msvcprtd:MSVCP140D.dll
 0006:00000180       __imp_?sputn@?$basic_streambuf@DU?$char_traits@D@std@@@std@@QEAA_JPEBD_J@Z 0000000140035180     msvcprtd:MSVCP140D.dll
 0006:00000188       __imp_?eback@?$basic_streambuf@DU?$char_traits@D@std@@@std@@IEBAPEADXZ 0000000140035188     msvcprtd:MSVCP140D.dll
 0006:00000190       __imp_?gptr@?$basic_streambuf@DU?$char_traits@D@std@@@std@@IEBAPEADXZ 0000000140035190     msvcprtd:MSVCP140D.dll
 0006:00000198       __imp_?pbase@?$basic_streambuf@DU?$char_traits@D@std@@@std@@IEBAPEADXZ 0000000140035198     msvcprtd:MSVCP140D.dll
 0006:000001a0       __imp_?pptr@?$basic_streambuf@DU?$char_traits@D@std@@@std@@IEBAPEADXZ 00000001400351a0     msvcprtd:MSVCP140D.dll
 0006:000001a8       __imp_?egptr@?$basic_streambuf@DU?$char_traits@D@std@@@std@@IEBAPEADXZ 00000001400351a8     msvcprtd:MSVCP140D.dll
 0006:000001b0       __imp_?gbump@?$basic_streambuf@DU?$char_traits@D@std@@@std@@IEAAXH@Z 00000001400351b0     msvcprtd:MSVCP140D.dll
 0006:000001b8       __imp_?setg@?$basic_streambuf@DU?$char_traits@D@std@@@std@@IEAAXPEAD00@Z 00000001400351b8     msvcprtd:MSVCP140D.dll
 0006:000001c0       __imp_?epptr@?$basic_streambuf@DU?$char_traits@D@std@@@std@@IEBAPEADXZ 00000001400351c0     msvcprtd:MSVCP140D.dll
 0006:000001c8       __imp_?pbump@?$basic_streambuf@DU?$char_traits@D@std@@@std@@IEAAXH@Z 00000001400351c8     msvcprtd:MSVCP140D.dll
 0006:000001d0       __imp_?setp@?$basic_streambuf@DU?$char_traits@D@std@@@std@@IEAAXPEAD0@Z 00000001400351d0     msvcprtd:MSVCP140D.dll
 0006:000001d8       __imp_?setp@?$basic_streambuf@DU?$char_traits@D@std@@@std@@IEAAXPEAD00@Z 00000001400351d8     msvcprtd:MSVCP140D.dll
 0006:000001e0       __imp_?_Pninc@?$basic_streambuf@DU?$char_traits@D@std@@@std@@IEAAPEADXZ 00000001400351e0     msvcprtd:MSVCP140D.dll
 0006:000001e8       __imp_??1?$basic_ios@DU?$char_traits@D@std@@@std@@UEAA@XZ 00000001400351e8     msvcprtd:MSVCP140D.dll
 0006:000001f0       __imp_?setstate@?$basic_ios@DU?$char_traits@D@std@@@std@@QEAAXH_N@Z 00000001400351f0     msvcprtd:MSVCP140D.dll
 0006:000001f8       __imp_?tie@?$basic_ios@DU?$char_traits@D@std@@@std@@QEBAPEAV?$basic_ostream@DU?$char_traits@D@std@@@2@XZ 00000001400351f8     msvcprtd:MSVCP140D.dll
 0006:00000200       __imp_?rdbuf@?$basic_ios@DU?$char_traits@D@std@@@std@@QEBAPEAV?$basic_streambuf@DU?$char_traits@D@std@@@2@XZ 0000000140035200     msvcprtd:MSVCP140D.dll
 0006:00000208       __imp_?good@ios_base@std@@QEBA_NXZ 0000000140035208     msvcprtd:MSVCP140D.dll
 0006:00000210       __imp_?widen@?$basic_ios@DU?$char_traits@D@std@@@std@@QEBADD@Z 0000000140035210     msvcprtd:MSVCP140D.dll
 0006:00000218       __imp_??0?$basic_ios@DU?$char_traits@D@std@@@std@@IEAA@XZ 0000000140035218     msvcprtd:MSVCP140D.dll
 0006:00000220       __imp_??0?$basic_ostream@DU?$char_traits@D@std@@@std@@QEAA@PEAV?$basic_streambuf@DU?$char_traits@D@std@@@1@_N@Z 0000000140035220     msvcprtd:MSVCP140D.dll
 0006:00000228       __imp_??1?$basic_ostream@DU?$char_traits@D@std@@@std@@UEAA@XZ 0000000140035228     msvcprtd:MSVCP140D.dll
 0006:00000230       __imp_?_Osfx@?$basic_ostream@DU?$char_traits@D@std@@@std@@QEAAXXZ 0000000140035230     msvcprtd:MSVCP140D.dll
 0006:00000238       __imp_??6?$basic_ostream@DU?$char_traits@D@std@@@std@@QEAAAEAV01@P6AAEAV01@AEAV01@@Z@Z 0000000140035238     msvcprtd:MSVCP140D.dll
 0006:00000240       __imp_??6?$basic_ostream@DU?$char_traits@D@std@@@std@@QEAAAEAV01@H@Z 0000000140035240     msvcprtd:MSVCP140D.dll
 0006:00000248       __imp_?put@?$basic_ostream@DU?$char_traits@D@std@@@std@@QEAAAEAV12@D@Z 0000000140035248     msvcprtd:MSVCP140D.dll
 0006:00000250       __imp_?flush@?$basic_ostream@DU?$char_traits@D@std@@@std@@QEAAAEAV12@XZ 0000000140035250     msvcprtd:MSVCP140D.dll
 0006:00000258       __imp_?_Lock@?$basic_streambuf@DU?$char_traits@D@std@@@std@@UEAAXXZ 0000000140035258     msvcprtd:MSVCP140D.dll
 0006:00000260       __imp_?_Unlock@?$basic_streambuf@DU?$char_traits@D@std@@@std@@UEAAXXZ 0000000140035260     msvcprtd:MSVCP140D.dll
 0006:00000268       __imp_?imbue@?$basic_streambuf@DU?$char_traits@D@std@@@std@@MEAAXAEBVlocale@2@@Z 0000000140035268     msvcprtd:MSVCP140D.dll
 0006:00000270       __imp_?setbuf@?$basic_streambuf@DU?$char_traits@D@std@@@std@@MEAAPEAV12@PEAD_J@Z 0000000140035270     msvcprtd:MSVCP140D.dll
 0006:00000278       __imp_?showmanyc@?$basic_streambuf@DU?$char_traits@D@std@@@std@@MEAA_JXZ 0000000140035278     msvcprtd:MSVCP140D.dll
 0006:00000280       __imp_?sync@?$basic_streambuf@DU?$char_traits@D@std@@@std@@MEAAHXZ 0000000140035280     msvcprtd:MSVCP140D.dll
 0006:00000288       __imp_?uflow@?$basic_streambuf@DU?$char_traits@D@std@@@std@@MEAAHXZ 0000000140035288     msvcprtd:MSVCP140D.dll
 0006:00000290       __imp_?xsgetn@?$basic_streambuf@DU?$char_traits@D@std@@@std@@MEAA_JPEAD_J@Z 0000000140035290     msvcprtd:MSVCP140D.dll
 0006:00000298       __imp_?xsputn@?$basic_streambuf@DU?$char_traits@D@std@@@std@@MEAA_JPEBD_J@Z 0000000140035298     msvcprtd:MSVCP140D.dll
 0006:000002a0       __imp_?_BADOFF@std@@3_JB   00000001400352a0     msvcprtd:MSVCP140D.dll
 0006:000002a8       __imp_?cout@std@@3V?$basic_ostream@DU?$char_traits@D@std@@@1@A 00000001400352a8     msvcprtd:MSVCP140D.dll
 0006:000002b0       __imp_?getline@?$basic_istream@DU?$char_traits@D@std@@@std@@QEAAAEAV12@PEAD_J@Z 00000001400352b0     msvcprtd:MSVCP140D.dll
 0006:000002b8       __imp_?cin@std@@3V?$basic_istream@DU?$char_traits@D@std@@@1@A 00000001400352b8     msvcprtd:MSVCP140D.dll
 0006:000002c0       __imp_?_Throw_Cpp_error@std@@YAXH@Z 00000001400352c0     msvcprtd:MSVCP140D.dll
 0006:000002c8       __imp_?_Throw_C_error@std@@YAXH@Z 00000001400352c8     msvcprtd:MSVCP140D.dll
 0006:000002d0       __imp_??0_Lockit@std@@QEAA@H@Z 00000001400352d0     msvcprtd:MSVCP140D.dll
 0006:000002d8       __imp__Cnd_do_broadcast_at_thread_exit 00000001400352d8     msvcprtd:MSVCP140D.dll
 0006:000002e0       __imp__Cnd_signal          00000001400352e0     msvcprtd:MSVCP140D.dll
 0006:000002e8       __imp__Cnd_timedwait       00000001400352e8     msvcprtd:MSVCP140D.dll
 0006:000002f0       __imp__Cnd_wait            00000001400352f0     msvcprtd:MSVCP140D.dll
 0006:000002f8       __imp__Cnd_destroy_in_situ 00000001400352f8     msvcprtd:MSVCP140D.dll
 0006:00000300       __imp__Cnd_init_in_situ    0000000140035300     msvcprtd:MSVCP140D.dll
 0006:00000308       __imp__Cnd_destroy         0000000140035308     msvcprtd:MSVCP140D.dll
 0006:00000310       __imp__Cnd_init            0000000140035310     msvcprtd:MSVCP140D.dll
 0006:00000318       __imp__Mtx_unlock          0000000140035318     msvcprtd:MSVCP140D.dll
 0006:00000320       __imp__Mtx_lock            0000000140035320     msvcprtd:MSVCP140D.dll
 0006:00000328       __imp__Mtx_current_owns    0000000140035328     msvcprtd:MSVCP140D.dll
 0006:00000330       __imp__Mtx_destroy_in_situ 0000000140035330     msvcprtd:MSVCP140D.dll
 0006:00000338       __imp__Mtx_init_in_situ    0000000140035338     msvcprtd:MSVCP140D.dll
 0006:00000340       __imp__Mtx_destroy         0000000140035340     msvcprtd:MSVCP140D.dll
 0006:00000348       __imp__Mtx_init            0000000140035348     msvcprtd:MSVCP140D.dll
 0006:00000350       __imp_?_Xout_of_range@std@@YAXPEBD@Z 0000000140035350     msvcprtd:MSVCP140D.dll
 0006:00000358       __imp_?_Xlength_error@std@@YAXPEBD@Z 0000000140035358     msvcprtd:MSVCP140D.dll
 0006:00000360       __imp_?_Xbad_alloc@std@@YAXXZ 0000000140035360     msvcprtd:MSVCP140D.dll
 0006:00000368       __imp_?_Debug_message@std@@YAXPEB_W0I@Z 0000000140035368     msvcprtd:MSVCP140D.dll
 0006:00000370       __imp_?uncaught_exception@std@@YA_NXZ 0000000140035370     msvcprtd:MSVCP140D.dll
 0006:00000378       __imp__Xtime_get_ticks     0000000140035378     msvcprtd:MSVCP140D.dll
 0006:00000380       __imp__Thrd_start          0000000140035380     msvcprtd:MSVCP140D.dll
 0006:00000388       __imp_??1_Lockit@std@@QEAA@XZ 0000000140035388     msvcprtd:MSVCP140D.dll
 0006:00000390       __imp_?fill@?$basic_ios@DU?$char_traits@D@std@@@std@@QEBADXZ 0000000140035390     msvcprtd:MSVCP140D.dll
 0006:00000398       \177MSVCP140D_NULL_THUNK_DATA 0000000140035398     msvcprtd:MSVCP140D.dll
 0006:00000460       __imp_memmove              0000000140035460     vcruntimed:VCRUNTIME140D.dll
 0006:00000468       __imp_memcpy               0000000140035468     vcruntimed:VCRUNTIME140D.dll
 0006:00000470       __imp__CxxThrowException   0000000140035470     vcruntimed:VCRUNTIME140D.dll
 0006:00000478       __imp___CxxFrameHandler3   0000000140035478     vcruntimed:VCRUNTIME140D.dll
 0006:00000480       __imp___C_specific_handler 0000000140035480     vcruntimed:VCRUNTIME140D.dll
 0006:00000488       __imp___std_exception_copy 0000000140035488     vcruntimed:VCRUNTIME140D.dll
 0006:00000490       __imp___std_exception_destroy 0000000140035490     vcruntimed:VCRUNTIME140D.dll
 0006:00000498       __imp___std_type_info_destroy_list 0000000140035498     vcruntimed:VCRUNTIME140D.dll
 0006:000004a0       __imp___vcrt_GetModuleFileNameW 00000001400354a0     vcruntimed:VCRUNTIME140D.dll
 0006:000004a8       __imp___vcrt_GetModuleHandleW 00000001400354a8     vcruntimed:VCRUNTIME140D.dll
 0006:000004b0       __imp___vcrt_LoadLibraryExW 00000001400354b0     vcruntimed:VCRUNTIME140D.dll
 0006:000004b8       __imp__purecall            00000001400354b8     vcruntimed:VCRUNTIME140D.dll
 0006:000004c0       \177VCRUNTIME140D_NULL_THUNK_DATA 00000001400354c0     vcruntimed:VCRUNTIME140D.dll
 0006:00000528       __imp__seh_filter_dll      0000000140035528     ucrtd:ucrtbased.dll
 0006:00000530       __imp__initialize_onexit_table 0000000140035530     ucrtd:ucrtbased.dll
 0006:00000538       __imp__register_onexit_function 0000000140035538     ucrtd:ucrtbased.dll
 0006:00000540       __imp__execute_onexit_table 0000000140035540     ucrtd:ucrtbased.dll
 0006:00000548       __imp__crt_atexit          0000000140035548     ucrtd:ucrtbased.dll
 0006:00000550       __imp__crt_at_quick_exit   0000000140035550     ucrtd:ucrtbased.dll
 0006:00000558       __imp_terminate            0000000140035558     ucrtd:ucrtbased.dll
 0006:00000560       __imp__wmakepath_s         0000000140035560     ucrtd:ucrtbased.dll
 0006:00000568       __imp__wsplitpath_s        0000000140035568     ucrtd:ucrtbased.dll
 0006:00000570       __imp_wcscpy_s             0000000140035570     ucrtd:ucrtbased.dll
 0006:00000578       __imp__initterm            0000000140035578     ucrtd:ucrtbased.dll
 0006:00000580       __imp___stdio_common_vsprintf_s 0000000140035580     ucrtd:ucrtbased.dll
 0006:00000588       __imp__initialize_narrow_environment 0000000140035588     ucrtd:ucrtbased.dll
 0006:00000590       __imp__configure_narrow_argv 0000000140035590     ucrtd:ucrtbased.dll
 0006:00000598       __imp___setusermatherr     0000000140035598     ucrtd:ucrtbased.dll
 0006:000005a0       __imp__set_app_type        00000001400355a0     ucrtd:ucrtbased.dll
 0006:000005a8       __imp__seh_filter_exe      00000001400355a8     ucrtd:ucrtbased.dll
 0006:000005b0       __imp__CrtDbgReport        00000001400355b0     ucrtd:ucrtbased.dll
 0006:000005b8       __imp__free_dbg            00000001400355b8     ucrtd:ucrtbased.dll
 0006:000005c0       __imp_malloc               00000001400355c0     ucrtd:ucrtbased.dll
 0006:000005c8       __imp__callnewh            00000001400355c8     ucrtd:ucrtbased.dll
 0006:000005d0       __imp__CrtDbgReportW       00000001400355d0     ucrtd:ucrtbased.dll
 0006:000005d8       __imp_strlen               00000001400355d8     ucrtd:ucrtbased.dll
 0006:000005e0       __imp__invalid_parameter   00000001400355e0     ucrtd:ucrtbased.dll
 0006:000005e8       __imp___p__commode         00000001400355e8     ucrtd:ucrtbased.dll
 0006:000005f0       __imp__set_new_mode        00000001400355f0     ucrtd:ucrtbased.dll
 0006:000005f8       __imp__configthreadlocale  00000001400355f8     ucrtd:ucrtbased.dll
 0006:00000600       __imp__register_thread_local_exe_atexit_callback 0000000140035600     ucrtd:ucrtbased.dll
 0006:00000608       __imp__c_exit              0000000140035608     ucrtd:ucrtbased.dll
 0006:00000610       __imp__cexit               0000000140035610     ucrtd:ucrtbased.dll
 0006:00000618       __imp___p___argv           0000000140035618     ucrtd:ucrtbased.dll
 0006:00000620       __imp___p___argc           0000000140035620     ucrtd:ucrtbased.dll
 0006:00000628       __imp__set_fmode           0000000140035628     ucrtd:ucrtbased.dll
 0006:00000630       __imp__exit                0000000140035630     ucrtd:ucrtbased.dll
 0006:00000638       __imp_exit                 0000000140035638     ucrtd:ucrtbased.dll
 0006:00000640       __imp__get_initial_narrow_environment 0000000140035640     ucrtd:ucrtbased.dll
 0006:00000648       __imp__initterm_e          0000000140035648     ucrtd:ucrtbased.dll
 0006:00000650       \177ucrtbased_NULL_THUNK_DATA 0000000140035650     ucrtd:ucrtbased.dll
 0006:000006e0       __IMPORT_DESCRIPTOR_MSVCP140D 00000001400356e0     msvcprtd:MSVCP140D.dll
 0006:000006f4       __IMPORT_DESCRIPTOR_VCRUNTIME140D 00000001400356f4     vcruntimed:VCRUNTIME140D.dll
 0006:00000708       __IMPORT_DESCRIPTOR_ucrtbased 0000000140035708     ucrtd:ucrtbased.dll
 0006:0000071c       __IMPORT_DESCRIPTOR_KERNEL32 000000014003571c     kernel32:KERNEL32.dll
 0006:00000730       __NULL_IMPORT_DESCRIPTOR   0000000140035730     msvcprtd:MSVCP140D.dll
 0008:00000000       __guard_check_icall_fptr   0000000140039000     MSVCRTD:guard_support.obj
 0008:00000010       __guard_dispatch_icall_fptr 0000000140039010     MSVCRTD:guard_support.obj
